2026-04-30 07:10:13 +0000  Initial pipeline context: <IDEDistributionProcessingPipelineContext: 0xb9e7f3600; archive(resolved)="<IDEArchive: 0xbdad113b0>", distributionTask(resolved)="2", distributionDestination(resolved)="1", distributionMethod(resolved)="<IDEDistributionMethodiOSEnterprise: 0xbd7b5f830>", team(resolved)="<IDEProvisioningDisambiguatableBasicTeam: 0xbbc66db40; teamID='254B9J7846', teamName='Samsung Electronics Co., Ltd. (Enterprise)', teamType='Enterprise', username='cg73.kim@partner.samsung.com', isFreeProvisioningTeam='0'>">
	Chain (15, self inclusive):
	<IDEDistributionProcessingPipelineContext: 0xb9e7f3600; archive = "<IDEArchive: 0xbdad113b0>", distributionMethod="<IDEDistributionMethodiOSEnterprise: 0xbd7b5f830>", team="<IDEProvisioningDisambiguatableBasicTeam: 0xbbc66db40; teamID='254B9J7846', teamName='Samsung Electronics Co., Ltd. (Enterprise)', teamType='Enterprise', username='cg73.kim@partner.samsung.com', isFreeProvisioningTeam='0'>">
	<IDEDistributionProcessingPipelineContext: 0xb9e7f3300; archive = "<IDEArchive: 0xbdad113b0>", distributionMethod="<IDEDistributionMethodiOSEnterprise: 0xbd7b5f830>", team="<IDEProvisioningDisambiguatableBasicTeam: 0xbbc66db40; teamID='254B9J7846', teamName='Samsung Electronics Co., Ltd. (Enterprise)', teamType='Enterprise', username='cg73.kim@partner.samsung.com', isFreeProvisioningTeam='0'>">
	<IDEDistributionContext: 0xbd02bef80; archive = "<IDEArchive: 0xbdad113b0>", distributionMethod="<IDEDistributionMethodiOSEnterprise: 0xbd7b5f830>", team="<IDEProvisioningDisambiguatableBasicTeam: 0xbbc66db40; teamID='254B9J7846', teamName='Samsung Electronics Co., Ltd. (Enterprise)', teamType='Enterprise', username='cg73.kim@partner.samsung.com', isFreeProvisioningTeam='0'>">
	<IDEDistributionContext: 0xbd02e1400; archive = "<IDEArchive: 0xbdad113b0>", distributionMethod="<IDEDistributionMethodiOSEnterprise: 0xbd7b5f830>", team="<IDEProvisioningDisambiguatableBasicTeam: 0xbbc66db40; teamID='254B9J7846', teamName='Samsung Electronics Co., Ltd. (Enterprise)', teamType='Enterprise', username='cg73.kim@partner.samsung.com', isFreeProvisioningTeam='0'>">
	<IDEDistributionContext: 0xbd02e0c80; archive = "<IDEArchive: 0xbdad113b0>", distributionMethod="<IDEDistributionMethodiOSEnterprise: 0xbd7b5f830>", team="<IDEProvisioningDisambiguatableBasicTeam: 0xbbc66db40; teamID='254B9J7846', teamName='Samsung Electronics Co., Ltd. (Enterprise)', teamType='Enterprise', username='cg73.kim@partner.samsung.com', isFreeProvisioningTeam='0'>">
	<IDEDistributionContext: 0xbd02e0f00; archive = "<IDEArchive: 0xbdad113b0>", distributionMethod="<IDEDistributionMethodiOSEnterprise: 0xbd7b5f830>", team="<IDEProvisioningDisambiguatableBasicTeam: 0xbbc66db40; teamID='254B9J7846', teamName='Samsung Electronics Co., Ltd. (Enterprise)', teamType='Enterprise', username='cg73.kim@partner.samsung.com', isFreeProvisioningTeam='0'>">
	<IDEDistributionContext: 0xbd90c2d00; archive = "<IDEArchive: 0xbdad113b0>", distributionMethod="<IDEDistributionMethodiOSEnterprise: 0xbd7b5f830>", team="<IDEProvisioningDisambiguatableBasicTeam: 0xbbc66db40; teamID='254B9J7846', teamName='Samsung Electronics Co., Ltd. (Enterprise)', teamType='Enterprise', username='cg73.kim@partner.samsung.com', isFreeProvisioningTeam='0'>">
	<IDEDistributionContext: 0xbb9b95e00; archive = "<IDEArchive: 0xbdad113b0>", distributionMethod="<IDEDistributionMethodiOSEnterprise: 0xbd7b5f830>", team="<IDEProvisioningDisambiguatableBasicTeam: 0xbbc66db40; teamID='254B9J7846', teamName='Samsung Electronics Co., Ltd. (Enterprise)', teamType='Enterprise', username='cg73.kim@partner.samsung.com', isFreeProvisioningTeam='0'>">
	<IDEDistributionContext: 0xbd4a46580; archive = "<IDEArchive: 0xbdad113b0>", distributionMethod="<IDEDistributionMethodiOSEnterprise: 0xbd7b5f830>", team="<IDEProvisioningDisambiguatableBasicTeam: 0xbbc66db40; teamID='254B9J7846', teamName='Samsung Electronics Co., Ltd. (Enterprise)', teamType='Enterprise', username='cg73.kim@partner.samsung.com', isFreeProvisioningTeam='0'>">
	<IDEDistributionContext: 0xbd4a47c00; archive = "<IDEArchive: 0xbdad113b0>", distributionMethod="<IDEDistributionMethodiOSEnterprise: 0xbd7b5f830>", team="(null)">
	<IDEDistributionContext: 0xbd4a47200; archive = "<IDEArchive: 0xbdad113b0>", distributionMethod="<IDEDistributionMethodiOSEnterprise: 0xbd7b5f830>", team="(null)">
	<IDEDistributionContext: 0xbd491c500; archive = "<IDEArchive: 0xbdad113b0>", distributionMethod="<IDEDistributionMethodiOSEnterprise: 0xbd7b5f830>", team="(null)">
	<IDEDistributionContext: 0xbd4a55180; archive = "<IDEArchive: 0xbdad113b0>", distributionMethod="<IDEDistributionMethodiOSEnterprise: 0xbd7b5f830>", team="(null)">
	<IDEDistributionContext: 0xbd03e8280; archive = "<IDEArchive: 0xbdad113b0>", distributionMethod="(null)", team="(null)">
	<IDEDistributionContext: 0xbd03e9e00; archive = "<IDEArchive: 0xbdad113b0>", distributionMethod="(null)", team="(null)">
</IDEDistributionProcessingPipelineContext: 0xb9e7f3600>
2026-04-30 07:10:13 +0000  Processing step: IDEDistributionCreateDestRootStep
2026-04-30 07:10:13 +0000  Processing step: IDEDistributionCopyItemStep
2026-04-30 07:10:13 +0000  Running /usr/bin/ditto '-V' '/Users/famous/Library/Developer/Xcode/Archives/2026-04-30/familynetmall 4-30-26, 4.09 PM.xcarchive/Products/Applications/familynetmall.app' '/var/folders/4x/d81_590j6m5677fzyww419kr0000gn/T/XcodeDistPipeline.~~~2O3lng/Root/Payload/familynetmall.app'
2026-04-30 07:10:13 +0000  >>> Copying /Users/famous/Library/Developer/Xcode/Archives/2026-04-30/familynetmall 4-30-26, 4.09 PM.xcarchive/Products/Applications/familynetmall.app 
2026-04-30 07:10:13 +0000  copying file ./_CodeSignature/CodeResources ... 
2026-04-30 07:10:13 +0000  28022 bytes for ./_CodeSignature/CodeResources
2026-04-30 07:10:13 +0000  copying file ./samsung_one_korean_700.ttf ... 
2026-04-30 07:10:13 +0000  3651976 bytes for ./samsung_one_korean_700.ttf
2026-04-30 07:10:13 +0000  copying file ./samsung_sharpsans_bold.ttf ... 
2026-04-30 07:10:13 +0000  219252 bytes for ./samsung_sharpsans_bold.ttf
2026-04-30 07:10:13 +0000  copying file ./Setting.storyboardc/vkP-RF-CPS-view-2ea-2Q-hl1.nib ... 
2026-04-30 07:10:13 +0000  5033 bytes for ./Setting.storyboardc/vkP-RF-CPS-view-2ea-2Q-hl1.nib
2026-04-30 07:10:13 +0000  copying file ./Setting.storyboardc/7LQ-eo-VKq-view-Mn7-CO-3th.nib ... 
2026-04-30 07:10:13 +0000  14395 bytes for ./Setting.storyboardc/7LQ-eo-VKq-view-Mn7-CO-3th.nib
2026-04-30 07:10:13 +0000  copying file ./Setting.storyboardc/OpenSourceVC.nib ... 
2026-04-30 07:10:13 +0000  1124 bytes for ./Setting.storyboardc/OpenSourceVC.nib
2026-04-30 07:10:13 +0000  copying file ./Setting.storyboardc/Info.plist ... 
2026-04-30 07:10:13 +0000  169 bytes for ./Setting.storyboardc/Info.plist
2026-04-30 07:10:13 +0000  copying file ./Setting.storyboardc/SettingVC.nib ... 
2026-04-30 07:10:13 +0000  29045 bytes for ./Setting.storyboardc/SettingVC.nib
2026-04-30 07:10:13 +0000  copying file ./PlugIns/prdNotiService.appex/_CodeSignature/CodeResources ... 
2026-04-30 07:10:13 +0000  2040 bytes for ./PlugIns/prdNotiService.appex/_CodeSignature/CodeResources
2026-04-30 07:10:13 +0000  copying file ./PlugIns/prdNotiService.appex/prdNotiService ... 
2026-04-30 07:10:13 +0000  91568 bytes for ./PlugIns/prdNotiService.appex/prdNotiService
2026-04-30 07:10:13 +0000  copying file ./PlugIns/prdNotiService.appex/embedded.mobileprovision ... 
2026-04-30 07:10:13 +0000  12325 bytes for ./PlugIns/prdNotiService.appex/embedded.mobileprovision
2026-04-30 07:10:13 +0000  copying file ./PlugIns/prdNotiService.appex/Info.plist ... 
2026-04-30 07:10:13 +0000  971 bytes for ./PlugIns/prdNotiService.appex/Info.plist
2026-04-30 07:10:13 +0000  copying file ./AppIcon60x60@2x.png ... 
2026-04-30 07:10:13 +0000  7308 bytes for ./AppIcon60x60@2x.png
2026-04-30 07:10:13 +0000  copying file ./Alert.storyboardc/Y6W-OH-hqX-view-5EZ-qb-Rvc.nib ... 
2026-04-30 07:10:13 +0000  9480 bytes for ./Alert.storyboardc/Y6W-OH-hqX-view-5EZ-qb-Rvc.nib
2026-04-30 07:10:13 +0000  copying file ./Alert.storyboardc/BasicAlertVC.nib ... 
2026-04-30 07:10:13 +0000  12322 bytes for ./Alert.storyboardc/BasicAlertVC.nib
2026-04-30 07:10:13 +0000  copying file ./Alert.storyboardc/Info.plist ... 
2026-04-30 07:10:13 +0000  145 bytes for ./Alert.storyboardc/Info.plist
2026-04-30 07:10:13 +0000  copying file ./samsung_one_korean_400.ttf ... 
2026-04-30 07:10:13 +0000  3590680 bytes for ./samsung_one_korean_400.ttf
2026-04-30 07:10:13 +0000  copying file ./GoogleService-Info.plist ... 
2026-04-30 07:10:13 +0000  566 bytes for ./GoogleService-Info.plist
2026-04-30 07:10:13 +0000  copying file ./Base.lproj/Main.storyboardc/Q3U-I2-mrL-view-3XK-Gd-MrI.nib ... 
2026-04-30 07:10:13 +0000  2579 bytes for ./Base.lproj/Main.storyboardc/Q3U-I2-mrL-view-3XK-Gd-MrI.nib
2026-04-30 07:10:13 +0000  copying file ./Base.lproj/Main.storyboardc/UIViewController-qc6-ce-ko2.nib ... 
2026-04-30 07:10:13 +0000  1367 bytes for ./Base.lproj/Main.storyboardc/UIViewController-qc6-ce-ko2.nib
2026-04-30 07:10:13 +0000  copying file ./Base.lproj/Main.storyboardc/PopupVC.nib ... 
2026-04-30 07:10:13 +0000  1038 bytes for ./Base.lproj/Main.storyboardc/PopupVC.nib
2026-04-30 07:10:13 +0000  copying file ./Base.lproj/Main.storyboardc/qc6-ce-ko2-view-zfn-k4-gxh.nib ... 
2026-04-30 07:10:13 +0000  10845 bytes for ./Base.lproj/Main.storyboardc/qc6-ce-ko2-view-zfn-k4-gxh.nib
2026-04-30 07:10:13 +0000  copying file ./Base.lproj/Main.storyboardc/UINavigationController-yIa-gt-kSc.nib ... 
2026-04-30 07:10:13 +0000  4525 bytes for ./Base.lproj/Main.storyboardc/UINavigationController-yIa-gt-kSc.nib
2026-04-30 07:10:13 +0000  copying file ./Base.lproj/Main.storyboardc/GuideVC2.nib ... 
2026-04-30 07:10:13 +0000  967 bytes for ./Base.lproj/Main.storyboardc/GuideVC2.nib
2026-04-30 07:10:13 +0000  copying file ./Base.lproj/Main.storyboardc/GuideVC3.nib ... 
2026-04-30 07:10:13 +0000  967 bytes for ./Base.lproj/Main.storyboardc/GuideVC3.nib
2026-04-30 07:10:13 +0000  copying file ./Base.lproj/Main.storyboardc/UIViewController-s4P-tV-eny.nib ... 
2026-04-30 07:10:13 +0000  22575 bytes for ./Base.lproj/Main.storyboardc/UIViewController-s4P-tV-eny.nib
2026-04-30 07:10:13 +0000  copying file ./Base.lproj/Main.storyboardc/cUi-eZ-SMf-view-S3a-W0-wJl.nib ... 
2026-04-30 07:10:13 +0000  2607 bytes for ./Base.lproj/Main.storyboardc/cUi-eZ-SMf-view-S3a-W0-wJl.nib
2026-04-30 07:10:13 +0000  copying file ./Base.lproj/Main.storyboardc/GuideVC1.nib ... 
2026-04-30 07:10:13 +0000  967 bytes for ./Base.lproj/Main.storyboardc/GuideVC1.nib
2026-04-30 07:10:13 +0000  copying file ./Base.lproj/Main.storyboardc/i5V-As-P0w-view-zgP-PQ-Z21.nib ... 
2026-04-30 07:10:13 +0000  1840 bytes for ./Base.lproj/Main.storyboardc/i5V-As-P0w-view-zgP-PQ-Z21.nib
2026-04-30 07:10:13 +0000  copying file ./Base.lproj/Main.storyboardc/bXw-6F-EZc-view-Ofd-H8-0JV.nib ... 
2026-04-30 07:10:13 +0000  2593 bytes for ./Base.lproj/Main.storyboardc/bXw-6F-EZc-view-Ofd-H8-0JV.nib
2026-04-30 07:10:13 +0000  copying file ./Base.lproj/Main.storyboardc/kbv-XG-529-view-Nqq-zM-bjF.nib ... 
2026-04-30 07:10:13 +0000  2575 bytes for ./Base.lproj/Main.storyboardc/kbv-XG-529-view-Nqq-zM-bjF.nib
2026-04-30 07:10:13 +0000  copying file ./Base.lproj/Main.storyboardc/BYZ-38-t0r-view-8bC-Xf-vdC.nib ... 
2026-04-30 07:10:13 +0000  2667 bytes for ./Base.lproj/Main.storyboardc/BYZ-38-t0r-view-8bC-Xf-vdC.nib
2026-04-30 07:10:13 +0000  copying file ./Base.lproj/Main.storyboardc/aer-Ul-Ynq-view-dGY-Nd-eZP.nib ... 
2026-04-30 07:10:13 +0000  4580 bytes for ./Base.lproj/Main.storyboardc/aer-Ul-Ynq-view-dGY-Nd-eZP.nib
2026-04-30 07:10:13 +0000  copying file ./Base.lproj/Main.storyboardc/s4P-tV-eny-view-Kzz-nX-jyg.nib ... 
5332 bytes for ./Base.lproj/Main.storyboardc/s4P-tV-eny-view-Kzz-nX-jyg.nib
copying file ./Base.lproj/Main.storyboardc/z5a-0o-7r2-view-144-aI-YAa.nib ... 
2597 bytes for ./Base.lproj/Main.storyboardc/z5a-0o-7r2-view-144-aI-YAa.nib
copying file ./Base.lproj/Main.storyboardc/GuideSol3.nib ... 
2026-04-30 07:10:13 +0000  968 bytes for ./Base.lproj/Main.storyboardc/GuideSol3.nib
2026-04-30 07:10:13 +0000  copying file ./Base.lproj/Main.storyboardc/GuideSol2.nib ... 
2026-04-30 07:10:13 +0000  968 bytes for ./Base.lproj/Main.storyboardc/GuideSol2.nib
2026-04-30 07:10:13 +0000  copying file ./Base.lproj/Main.storyboardc/tXe-H5-cCb-view-DgF-Wi-Q0G.nib ... 
2026-04-30 07:10:13 +0000  2634 bytes for ./Base.lproj/Main.storyboardc/tXe-H5-cCb-view-DgF-Wi-Q0G.nib
2026-04-30 07:10:13 +0000  copying file ./Base.lproj/Main.storyboardc/GuideSol1.nib ... 
2026-04-30 07:10:13 +0000  968 bytes for ./Base.lproj/Main.storyboardc/GuideSol1.nib
2026-04-30 07:10:13 +0000  copying file ./Base.lproj/Main.storyboardc/JLc-NW-gZD-view-09x-xa-XJM.nib ... 
2026-04-30 07:10:13 +0000  2630 bytes for ./Base.lproj/Main.storyboardc/JLc-NW-gZD-view-09x-xa-XJM.nib
2026-04-30 07:10:13 +0000  copying file ./Base.lproj/Main.storyboardc/GuideSol4.nib ... 
2026-04-30 07:10:13 +0000  968 bytes for ./Base.lproj/Main.storyboardc/GuideSol4.nib
2026-04-30 07:10:13 +0000  copying file ./Base.lproj/Main.storyboardc/Info.plist ... 
2026-04-30 07:10:13 +0000  661 bytes for ./Base.lproj/Main.storyboardc/Info.plist
2026-04-30 07:10:13 +0000  copying file ./Base.lproj/Main.storyboardc/WebViewController.nib ... 
2026-04-30 07:10:13 +0000  1131 bytes for ./Base.lproj/Main.storyboardc/WebViewController.nib
2026-04-30 07:10:13 +0000  copying file ./Base.lproj/LaunchScreen.storyboardc/01J-lp-oVM-view-Ze5-6b-2t3.nib ... 
2026-04-30 07:10:13 +0000  1225 bytes for ./Base.lproj/LaunchScreen.storyboardc/01J-lp-oVM-view-Ze5-6b-2t3.nib
2026-04-30 07:10:13 +0000  copying file ./Base.lproj/LaunchScreen.storyboardc/UIViewController-01J-lp-oVM.nib ... 
2026-04-30 07:10:13 +0000  924 bytes for ./Base.lproj/LaunchScreen.storyboardc/UIViewController-01J-lp-oVM.nib
2026-04-30 07:10:13 +0000  copying file ./Base.lproj/LaunchScreen.storyboardc/Info.plist ... 
2026-04-30 07:10:13 +0000  258 bytes for ./Base.lproj/LaunchScreen.storyboardc/Info.plist
2026-04-30 07:10:13 +0000  copying file ./GoogleService-Info-Stg.plist ... 
2026-04-30 07:10:13 +0000  576 bytes for ./GoogleService-Info-Stg.plist
2026-04-30 07:10:13 +0000  copying file ./Assets.car ... 
2026-04-30 07:10:13 +0000  1521480 bytes for ./Assets.car
2026-04-30 07:10:13 +0000  copying file ./familynetmall ... 
2026-04-30 07:10:13 +0000  4499840 bytes for ./familynetmall
2026-04-30 07:10:13 +0000  copying file ./AppIcon76x76@2x~ipad.png ... 
9071 bytes for ./AppIcon76x76@2x~ipad.png
2026-04-30 07:10:13 +0000  copying file ./TouchEn_AntiCapture_License.rsl ... 
2026-04-30 07:10:13 +0000  1096 bytes for ./TouchEn_AntiCapture_License.rsl
2026-04-30 07:10:13 +0000  copying file ./GoogleService-Info-Dev.plist ... 
2026-04-30 07:10:13 +0000  581 bytes for ./GoogleService-Info-Dev.plist
2026-04-30 07:10:13 +0000  copying file ./Frameworks/TouchEn_AntiCapture.framework/_CodeSignature/CodeResources ... 
2026-04-30 07:10:13 +0000  8859 bytes for ./Frameworks/TouchEn_AntiCapture.framework/_CodeSignature/CodeResources
2026-04-30 07:10:13 +0000  copying file ./Frameworks/TouchEn_AntiCapture.framework/LICENSE ... 
2026-04-30 07:10:13 +0000  1481 bytes for ./Frameworks/TouchEn_AntiCapture.framework/LICENSE
2026-04-30 07:10:13 +0000  copying file ./Frameworks/TouchEn_AntiCapture.framework/TouchEn_AntiCapture ... 
2026-04-30 07:10:13 +0000  507200 bytes for ./Frameworks/TouchEn_AntiCapture.framework/TouchEn_AntiCapture
2026-04-30 07:10:13 +0000  copying file ./Frameworks/TouchEn_AntiCapture.framework/GCDWebUploader.bundle/Contents/Resources/en.lproj/Localizable.strings ... 
2026-04-30 07:10:13 +0000  168 bytes for ./Frameworks/TouchEn_AntiCapture.framework/GCDWebUploader.bundle/Contents/Resources/en.lproj/Localizable.strings
2026-04-30 07:10:13 +0000  copying file ./Frameworks/TouchEn_AntiCapture.framework/GCDWebUploader.bundle/Contents/Resources/index.html ... 
2026-04-30 07:10:13 +0000  7938 bytes for ./Frameworks/TouchEn_AntiCapture.framework/GCDWebUploader.bundle/Contents/Resources/index.html
2026-04-30 07:10:13 +0000  copying file ./Frameworks/TouchEn_AntiCapture.framework/GCDWebUploader.bundle/Contents/Resources/css/bootstrap.css ... 
2026-04-30 07:10:13 +0000  121220 bytes for ./Frameworks/TouchEn_AntiCapture.framework/GCDWebUploader.bundle/Contents/Resources/css/bootstrap.css
2026-04-30 07:10:13 +0000  copying file ./Frameworks/TouchEn_AntiCapture.framework/GCDWebUploader.bundle/Contents/Resources/css/jquery.fileupload.css ... 
2026-04-30 07:10:13 +0000  655 bytes for ./Frameworks/TouchEn_AntiCapture.framework/GCDWebUploader.bundle/Contents/Resources/css/jquery.fileupload.css
copying file ./Frameworks/TouchEn_AntiCapture.framework/GCDWebUploader.bundle/Contents/Resources/css/index.css ... 
2026-04-30 07:10:13 +0000  2696 bytes for ./Frameworks/TouchEn_AntiCapture.framework/GCDWebUploader.bundle/Contents/Resources/css/index.css
copying file ./Frameworks/TouchEn_AntiCapture.framework/GCDWebUploader.bundle/Contents/Resources/css/bootstrap-theme.css ... 
2026-04-30 07:10:13 +0000  14936 bytes for ./Frameworks/TouchEn_AntiCapture.framework/GCDWebUploader.bundle/Contents/Resources/css/bootstrap-theme.css
2026-04-30 07:10:13 +0000  copying file ./Frameworks/TouchEn_AntiCapture.framework/GCDWebUploader.bundle/Contents/Resources/js/jquery.ui.widget.js ... 
2026-04-30 07:10:13 +0000  15085 bytes for ./Frameworks/TouchEn_AntiCapture.framework/GCDWebUploader.bundle/Contents/Resources/js/jquery.ui.widget.js
2026-04-30 07:10:13 +0000  copying file ./Frameworks/TouchEn_AntiCapture.framework/GCDWebUploader.bundle/Contents/Resources/js/respond.min.js ... 
2026-04-30 07:10:13 +0000  4377 bytes for ./Frameworks/TouchEn_AntiCapture.framework/GCDWebUploader.bundle/Contents/Resources/js/respond.min.js
2026-04-30 07:10:13 +0000  copying file ./Frameworks/TouchEn_AntiCapture.framework/GCDWebUploader.bundle/Contents/Resources/js/jquery.fileupload.js ... 
2026-04-30 07:10:13 +0000  61692 bytes for ./Frameworks/TouchEn_AntiCapture.framework/GCDWebUploader.bundle/Contents/Resources/js/jquery.fileupload.js
2026-04-30 07:10:13 +0000  copying file ./Frameworks/TouchEn_AntiCapture.framework/GCDWebUploader.bundle/Contents/Resources/js/index.js ... 
2026-04-30 07:10:13 +0000  9581 bytes for ./Frameworks/TouchEn_AntiCapture.framework/GCDWebUploader.bundle/Contents/Resources/js/index.js
2026-04-30 07:10:13 +0000  copying file ./Frameworks/TouchEn_AntiCapture.framework/GCDWebUploader.bundle/Contents/Resources/js/jquery.min.js ... 
2026-04-30 07:10:13 +0000  96381 bytes for ./Frameworks/TouchEn_AntiCapture.framework/GCDWebUploader.bundle/Contents/Resources/js/jquery.min.js
2026-04-30 07:10:13 +0000  copying file ./Frameworks/TouchEn_AntiCapture.framework/GCDWebUploader.bundle/Contents/Resources/js/bootstrap.min.js ... 
2026-04-30 07:10:13 +0000  29110 bytes for ./Frameworks/TouchEn_AntiCapture.framework/GCDWebUploader.bundle/Contents/Resources/js/bootstrap.min.js
2026-04-30 07:10:13 +0000  copying file ./Frameworks/TouchEn_AntiCapture.framework/GCDWebUploader.bundle/Contents/Resources/js/tmpl.min.js ... 
2026-04-30 07:10:13 +0000  977 bytes for ./Frameworks/TouchEn_AntiCapture.framework/GCDWebUploader.bundle/Contents/Resources/js/tmpl.min.js
2026-04-30 07:10:13 +0000  copying file ./Frameworks/TouchEn_AntiCapture.framework/GCDWebUploader.bundle/Contents/Resources/js/html5shiv.min.js ... 
2026-04-30 07:10:13 +0000  2429 bytes for ./Frameworks/TouchEn_AntiCapture.framework/GCDWebUploader.bundle/Contents/Resources/js/html5shiv.min.js
2026-04-30 07:10:13 +0000  copying file ./Frameworks/TouchEn_AntiCapture.framework/GCDWebUploader.bundle/Contents/Resources/js/jquery.jeditable.js ... 
2026-04-30 07:10:13 +0000  24496 bytes for ./Frameworks/TouchEn_AntiCapture.framework/GCDWebUploader.bundle/Contents/Resources/js/jquery.jeditable.js
2026-04-30 07:10:13 +0000  copying file ./Frameworks/TouchEn_AntiCapture.framework/GCDWebUploader.bundle/Contents/Resources/js/jquery.iframe-transport.js ... 
2026-04-30 07:10:13 +0000  10612 bytes for ./Frameworks/TouchEn_AntiCapture.framework/GCDWebUploader.bundle/Contents/Resources/js/jquery.iframe-transport.js
2026-04-30 07:10:13 +0000  copying file ./Frameworks/TouchEn_AntiCapture.framework/GCDWebUploader.bundle/Contents/Info.plist ... 
2026-04-30 07:10:13 +0000  126 bytes for ./Frameworks/TouchEn_AntiCapture.framework/GCDWebUploader.bundle/Contents/Info.plist
2026-04-30 07:10:13 +0000  copying file ./Frameworks/TouchEn_AntiCapture.framework/README.md ... 
2026-04-30 07:10:13 +0000  27194 bytes for ./Frameworks/TouchEn_AntiCapture.framework/README.md
2026-04-30 07:10:13 +0000  copying file ./Frameworks/TouchEn_AntiCapture.framework/Info.plist ... 
2026-04-30 07:10:13 +0000  845 bytes for ./Frameworks/TouchEn_AntiCapture.framework/Info.plist
2026-04-30 07:10:13 +0000  copying file ./Frameworks/GoogleAppMeasurement.framework/_CodeSignature/CodeResources ... 
2026-04-30 07:10:13 +0000  1798 bytes for ./Frameworks/GoogleAppMeasurement.framework/_CodeSignature/CodeResources
2026-04-30 07:10:13 +0000  copying file ./Frameworks/GoogleAppMeasurement.framework/GoogleAppMeasurement ... 
2026-04-30 07:10:13 +0000  51408 bytes for ./Frameworks/GoogleAppMeasurement.framework/GoogleAppMeasurement
2026-04-30 07:10:13 +0000  copying file ./Frameworks/GoogleAppMeasurement.framework/Info.plist ... 
2026-04-30 07:10:13 +0000  647 bytes for ./Frameworks/GoogleAppMeasurement.framework/Info.plist
2026-04-30 07:10:13 +0000  copying file ./Frameworks/FirebaseAnalytics.framework/_CodeSignature/CodeResources ... 
2026-04-30 07:10:13 +0000  1798 bytes for ./Frameworks/FirebaseAnalytics.framework/_CodeSignature/CodeResources
2026-04-30 07:10:13 +0000  copying file ./Frameworks/FirebaseAnalytics.framework/FirebaseAnalytics ... 
2026-04-30 07:10:13 +0000  51408 bytes for ./Frameworks/FirebaseAnalytics.framework/FirebaseAnalytics
2026-04-30 07:10:13 +0000  copying file ./Frameworks/FirebaseAnalytics.framework/Info.plist ... 
2026-04-30 07:10:13 +0000  638 bytes for ./Frameworks/FirebaseAnalytics.framework/Info.plist
2026-04-30 07:10:13 +0000  copying file ./Frameworks/GoogleAppMeasurementIdentitySupport.framework/_CodeSignature/CodeResources ... 
2026-04-30 07:10:13 +0000  1798 bytes for ./Frameworks/GoogleAppMeasurementIdentitySupport.framework/_CodeSignature/CodeResources
2026-04-30 07:10:13 +0000  copying file ./Frameworks/GoogleAppMeasurementIdentitySupport.framework/GoogleAppMeasurementIdentitySupport ... 
2026-04-30 07:10:13 +0000  51440 bytes for ./Frameworks/GoogleAppMeasurementIdentitySupport.framework/GoogleAppMeasurementIdentitySupport
2026-04-30 07:10:13 +0000  copying file ./Frameworks/GoogleAppMeasurementIdentitySupport.framework/Info.plist ... 
2026-04-30 07:10:13 +0000  692 bytes for ./Frameworks/GoogleAppMeasurementIdentitySupport.framework/Info.plist
2026-04-30 07:10:13 +0000  copying file ./Frameworks/RSLicenseSDK.framework/_CodeSignature/CodeResources ... 
2026-04-30 07:10:13 +0000  2102 bytes for ./Frameworks/RSLicenseSDK.framework/_CodeSignature/CodeResources
2026-04-30 07:10:13 +0000  copying file ./Frameworks/RSLicenseSDK.framework/Acknowledgements.md ... 
2026-04-30 07:10:13 +0000  5887 bytes for ./Frameworks/RSLicenseSDK.framework/Acknowledgements.md
2026-04-30 07:10:13 +0000  copying file ./Frameworks/RSLicenseSDK.framework/RSLicenseSDK ... 
2026-04-30 07:10:13 +0000  857360 bytes for ./Frameworks/RSLicenseSDK.framework/RSLicenseSDK
2026-04-30 07:10:13 +0000  copying file ./Frameworks/RSLicenseSDK.framework/Info.plist ... 
2026-04-30 07:10:13 +0000  709 bytes for ./Frameworks/RSLicenseSDK.framework/Info.plist
2026-04-30 07:10:13 +0000  copying file ./embedded.mobileprovision ... 
2026-04-30 07:10:13 +0000  12437 bytes for ./embedded.mobileprovision
2026-04-30 07:10:13 +0000  copying file ./Info.plist ... 
2026-04-30 07:10:13 +0000  3013 bytes for ./Info.plist
2026-04-30 07:10:13 +0000  copying file ./PkgInfo ... 
2026-04-30 07:10:13 +0000  8 bytes for ./PkgInfo
2026-04-30 07:10:13 +0000  /usr/bin/ditto exited with 0
2026-04-30 07:10:13 +0000  Processing step: IDEDistributionEmbedProfileStep
2026-04-30 07:10:13 +0000  Skipping profile for item: <IDEDistributionItem: 0xb9b524c60; bundleID='com.firebase.Firebase-FirebaseAnalytics', path='<DVTFilePath:0xbdb887250:'/Users/famous/Library/Developer/Xcode/Archives/2026-04-30/familynetmall 4-30-26, 4.09 PM.xcarchive/Products/Applications/familynetmall.app/Frameworks/FirebaseAnalytics.framework'>', codeSigningInfo='<_DVTCodeSigningInformation_Path: 0xb9b524f60; isSigned='1', isAdHocSigned='0', signingCertificate='<DVTSigningCertificate: 0xbe122d800; name='iPhone Distribution: Samsung Electronics Co., Ltd.', hash='3F1388AF6571789AB3B0FCE62A863AD0DCAC8DC5', serialNumber='3480B8315D778F3506E53289F7D7E79A', certificateKinds='(
    "1.2.840.113635.100.6.1.4"
), issueDate='2025-11-06 06:35:59 +0000''>', entitlements='(null)', teamID='254B9J7846', identifier='com.firebase.Firebase-FirebaseAnalytics', executablePath='<DVTFilePath:0xbdb8850a0:'/Users/famous/Library/Developer/Xcode/Archives/2026-04-30/familynetmall 4-30-26, 4.09 PM.xcarchive/Products/Applications/familynetmall.app/Frameworks/FirebaseAnalytics.framework/FirebaseAnalytics'>', hardenedRuntime='0'>'>
2026-04-30 07:10:13 +0000  Skipping profile for item: <IDEDistributionItem: 0xb9b524ae0; bundleID='com.firebase.Firebase-GoogleAppMeasurement', path='<DVTFilePath:0xbdb886610:'/Users/famous/Library/Developer/Xcode/Archives/2026-04-30/familynetmall 4-30-26, 4.09 PM.xcarchive/Products/Applications/familynetmall.app/Frameworks/GoogleAppMeasurement.framework'>', codeSigningInfo='<_DVTCodeSigningInformation_Path: 0xb9b524b40; isSigned='1', isAdHocSigned='0', signingCertificate='<DVTSigningCertificate: 0xbe122d800; name='iPhone Distribution: Samsung Electronics Co., Ltd.', hash='3F1388AF6571789AB3B0FCE62A863AD0DCAC8DC5', serialNumber='3480B8315D778F3506E53289F7D7E79A', certificateKinds='(
    "1.2.840.113635.100.6.1.4"
), issueDate='2025-11-06 06:35:59 +0000''>', entitlements='(null)', teamID='254B9J7846', identifier='com.firebase.Firebase-GoogleAppMeasurement', executablePath='<DVTFilePath:0xbdb887720:'/Users/famous/Library/Developer/Xcode/Archives/2026-04-30/familynetmall 4-30-26, 4.09 PM.xcarchive/Products/Applications/familynetmall.app/Frameworks/GoogleAppMeasurement.framework/GoogleAppMeasurement'>', hardenedRuntime='0'>'>
2026-04-30 07:10:13 +0000  Skipping profile for item: <IDEDistributionItem: 0xb9b5250e0; bundleID='com.firebase.Firebase-GoogleAppMeasurementIdentitySupport', path='<DVTFilePath:0xb9b4bd180:'/Users/famous/Library/Developer/Xcode/Archives/2026-04-30/familynetmall 4-30-26, 4.09 PM.xcarchive/Products/Applications/familynetmall.app/Frameworks/GoogleAppMeasurementIdentitySupport.framework'>', codeSigningInfo='<_DVTCodeSigningInformation_Path: 0xb9b525140; isSigned='1', isAdHocSigned='0', signingCertificate='<DVTSigningCertificate: 0xbe122d800; name='iPhone Distribution: Samsung Electronics Co., Ltd.', hash='3F1388AF6571789AB3B0FCE62A863AD0DCAC8DC5', serialNumber='3480B8315D778F3506E53289F7D7E79A', certificateKinds='(
    "1.2.840.113635.100.6.1.4"
), issueDate='2025-11-06 06:35:59 +0000''>', entitlements='(null)', teamID='254B9J7846', identifier='com.firebase.Firebase-GoogleAppMeasurementIdentitySupport', executablePath='<DVTFilePath:0xb9b4bda80:'/Users/famous/Library/Developer/Xcode/Archives/2026-04-30/familynetmall 4-30-26, 4.09 PM.xcarchive/Products/Applications/familynetmall.app/Frameworks/GoogleAppMeasurementIdentitySupport.framework/GoogleAppMeasurementIdentitySupport'>', hardenedRuntime='0'>'>
2026-04-30 07:10:13 +0000  Skipping profile for item: <IDEDistributionItem: 0xb9b5251a0; bundleID='com.raonsecure.RSLicenseSDK', path='<DVTFilePath:0xbdb886e60:'/Users/famous/Library/Developer/Xcode/Archives/2026-04-30/familynetmall 4-30-26, 4.09 PM.xcarchive/Products/Applications/familynetmall.app/Frameworks/RSLicenseSDK.framework'>', codeSigningInfo='<_DVTCodeSigningInformation_Path: 0xb9b525200; isSigned='1', isAdHocSigned='0', signingCertificate='<DVTSigningCertificate: 0xbe122d800; name='iPhone Distribution: Samsung Electronics Co., Ltd.', hash='3F1388AF6571789AB3B0FCE62A863AD0DCAC8DC5', serialNumber='3480B8315D778F3506E53289F7D7E79A', certificateKinds='(
    "1.2.840.113635.100.6.1.4"
), issueDate='2025-11-06 06:35:59 +0000''>', entitlements='(null)', teamID='254B9J7846', identifier='com.raonsecure.RSLicenseSDK', executablePath='<DVTFilePath:0xb9cfb3540:'/Users/famous/Library/Developer/Xcode/Archives/2026-04-30/familynetmall 4-30-26, 4.09 PM.xcarchive/Products/Applications/familynetmall.app/Frameworks/RSLicenseSDK.framework/RSLicenseSDK'>', hardenedRuntime='0'>'>
2026-04-30 07:10:13 +0000  Skipping profile for item: <IDEDistributionItem: 0xb9b525320; bundleID='com.raonsecure.TouchEn-AntiCapture', path='<DVTFilePath:0xbdb884930:'/Users/famous/Library/Developer/Xcode/Archives/2026-04-30/familynetmall 4-30-26, 4.09 PM.xcarchive/Products/Applications/familynetmall.app/Frameworks/TouchEn_AntiCapture.framework'>', codeSigningInfo='<_DVTCodeSigningInformation_Path: 0xb9b525380; isSigned='1', isAdHocSigned='0', signingCertificate='<DVTSigningCertificate: 0xbe122d800; name='iPhone Distribution: Samsung Electronics Co., Ltd.', hash='3F1388AF6571789AB3B0FCE62A863AD0DCAC8DC5', serialNumber='3480B8315D778F3506E53289F7D7E79A', certificateKinds='(
    "1.2.840.113635.100.6.1.4"
), issueDate='2025-11-06 06:35:59 +0000''>', entitlements='(null)', teamID='254B9J7846', identifier='com.raonsecure.TouchEn-AntiCapture', executablePath='<DVTFilePath:0xbd2154620:'/Users/famous/Library/Developer/Xcode/Archives/2026-04-30/familynetmall 4-30-26, 4.09 PM.xcarchive/Products/Applications/familynetmall.app/Frameworks/TouchEn_AntiCapture.framework/TouchEn_AntiCapture'>', hardenedRuntime='0'>'>
2026-04-30 07:10:13 +0000  Processing step: IDEDistributionInfoPlistStep
2026-04-30 07:10:13 +0000  Skipping step: IDEDistributionInfoPlistStep because it said so
2026-04-30 07:10:13 +0000  Skipping step: IDEDistributionInfoPlistStep because it said so
2026-04-30 07:10:13 +0000  Skipping step: IDEDistributionInfoPlistStep because it said so
2026-04-30 07:10:13 +0000  Skipping step: IDEDistributionInfoPlistStep because it said so
2026-04-30 07:10:13 +0000  Skipping step: IDEDistributionInfoPlistStep because it said so
2026-04-30 07:10:13 +0000  Skipping step: IDEDistributionInfoPlistStep because it said so
2026-04-30 07:10:13 +0000  Skipping step: IDEDistributionInfoPlistStep because it said so
2026-04-30 07:10:13 +0000  Processing step: IDEDistributionAppThinningPlistStep
2026-04-30 07:10:13 +0000  Skipping step: IDEDistributionAppThinningPlistStep because it said so
2026-04-30 07:10:13 +0000  Processing step: IDEDistributionSymbolsStep
2026-04-30 07:10:13 +0000  Skipping step: IDEDistributionSymbolsStep because it said so
2026-04-30 07:10:13 +0000  Processing step: IDEDistributionAppThinningStep
2026-04-30 07:10:13 +0000  Skipping step: IDEDistributionAppThinningStep because it said so
2026-04-30 07:10:13 +0000  Processing step: IDEDistributionArchThinningStep
2026-04-30 07:10:13 +0000  Archs to thin for item /Users/famous/Library/Developer/Xcode/Archives/2026-04-30/familynetmall 4-30-26, 4.09 PM.xcarchive/Products/Applications/familynetmall.app/Frameworks/FirebaseAnalytics.framework are []
2026-04-30 07:10:13 +0000  Archs to thin for item /Users/famous/Library/Developer/Xcode/Archives/2026-04-30/familynetmall 4-30-26, 4.09 PM.xcarchive/Products/Applications/familynetmall.app/Frameworks/GoogleAppMeasurement.framework are []
2026-04-30 07:10:13 +0000  Archs to thin for item /Users/famous/Library/Developer/Xcode/Archives/2026-04-30/familynetmall 4-30-26, 4.09 PM.xcarchive/Products/Applications/familynetmall.app/Frameworks/GoogleAppMeasurementIdentitySupport.framework are []
2026-04-30 07:10:13 +0000  Archs to thin for item /Users/famous/Library/Developer/Xcode/Archives/2026-04-30/familynetmall 4-30-26, 4.09 PM.xcarchive/Products/Applications/familynetmall.app/Frameworks/RSLicenseSDK.framework are []
2026-04-30 07:10:13 +0000  Archs to thin for item /Users/famous/Library/Developer/Xcode/Archives/2026-04-30/familynetmall 4-30-26, 4.09 PM.xcarchive/Products/Applications/familynetmall.app/Frameworks/TouchEn_AntiCapture.framework are []
2026-04-30 07:10:13 +0000  Archs to thin for item /Users/famous/Library/Developer/Xcode/Archives/2026-04-30/familynetmall 4-30-26, 4.09 PM.xcarchive/Products/Applications/familynetmall.app/PlugIns/prdNotiService.appex are []
2026-04-30 07:10:13 +0000  Archs to thin for item /Users/famous/Library/Developer/Xcode/Archives/2026-04-30/familynetmall 4-30-26, 4.09 PM.xcarchive/Products/Applications/familynetmall.app are []
2026-04-30 07:10:13 +0000  Processing step: IDEDistributionODRStep
2026-04-30 07:10:13 +0000  Processing step: IDEDistributionStripXattrsStep
2026-04-30 07:10:13 +0000  Skipping stripping extended attributes because the codesign step will strip them.
2026-04-30 07:10:13 +0000  Skipping stripping extended attributes because the codesign step will strip them.
2026-04-30 07:10:13 +0000  Skipping stripping extended attributes because the codesign step will strip them.
2026-04-30 07:10:13 +0000  Skipping stripping extended attributes because the codesign step will strip them.
2026-04-30 07:10:13 +0000  Skipping stripping extended attributes because the codesign step will strip them.
2026-04-30 07:10:13 +0000  Skipping stripping extended attributes because the codesign step will strip them.
2026-04-30 07:10:13 +0000  Skipping stripping extended attributes because the codesign step will strip them.
2026-04-30 07:10:13 +0000  Processing step: IDEDistributionCodesignStep
2026-04-30 07:10:13 +0000  Entitlements for <IDEDistributionItem: 0xb9b524c60; bundleID='com.firebase.Firebase-FirebaseAnalytics', path='<DVTFilePath:0xbdb887250:'/Users/famous/Library/Developer/Xcode/Archives/2026-04-30/familynetmall 4-30-26, 4.09 PM.xcarchive/Products/Applications/familynetmall.app/Frameworks/FirebaseAnalytics.framework'>', codeSigningInfo='<_DVTCodeSigningInformation_Path: 0xb9b524f60; isSigned='1', isAdHocSigned='0', signingCertificate='<DVTSigningCertificate: 0xbe122d800; name='iPhone Distribution: Samsung Electronics Co., Ltd.', hash='3F1388AF6571789AB3B0FCE62A863AD0DCAC8DC5', serialNumber='3480B8315D778F3506E53289F7D7E79A', certificateKinds='(
    "1.2.840.113635.100.6.1.4"
), issueDate='2025-11-06 06:35:59 +0000''>', entitlements='(null)', teamID='254B9J7846', identifier='com.firebase.Firebase-FirebaseAnalytics', executablePath='<DVTFilePath:0xbdb8850a0:'/Users/famous/Library/Developer/Xcode/Archives/2026-04-30/familynetmall 4-30-26, 4.09 PM.xcarchive/Products/Applications/familynetmall.app/Frameworks/FirebaseAnalytics.framework/FirebaseAnalytics'>', hardenedRuntime='0'>'>: {
}
2026-04-30 07:10:13 +0000  Associated App Clip Identifiers Filter: Skipping because "com.apple.developer.associated-appclip-app-identifiers" is not present
2026-04-30 07:10:13 +0000  Entitlements for <IDEDistributionItem: 0xb9b524c60; bundleID='com.firebase.Firebase-FirebaseAnalytics', path='<DVTFilePath:0xbdb887250:'/Users/famous/Library/Developer/Xcode/Archives/2026-04-30/familynetmall 4-30-26, 4.09 PM.xcarchive/Products/Applications/familynetmall.app/Frameworks/FirebaseAnalytics.framework'>', codeSigningInfo='<_DVTCodeSigningInformation_Path: 0xb9b524f60; isSigned='1', isAdHocSigned='0', signingCertificate='<DVTSigningCertificate: 0xbe122db00; name='iPhone Distribution: Samsung Electronics Co., Ltd.', hash='3F1388AF6571789AB3B0FCE62A863AD0DCAC8DC5', serialNumber='3480B8315D778F3506E53289F7D7E79A', certificateKinds='(
    "1.2.840.113635.100.6.1.4"
), issueDate='2025-11-06 06:35:59 +0000''>', entitlements='(null)', teamID='254B9J7846', identifier='com.firebase.Firebase-FirebaseAnalytics', executablePath='<DVTFilePath:0xbdb8850a0:'/Users/famous/Library/Developer/Xcode/Archives/2026-04-30/familynetmall 4-30-26, 4.09 PM.xcarchive/Products/Applications/familynetmall.app/Frameworks/FirebaseAnalytics.framework/FirebaseAnalytics'>', hardenedRuntime='0'>'> are: {
}
2026-04-30 07:10:13 +0000  Writing entitlements for <IDEDistributionItem: 0xb9b524c60; bundleID='com.firebase.Firebase-FirebaseAnalytics', path='<DVTFilePath:0xbdb887250:'/Users/famous/Library/Developer/Xcode/Archives/2026-04-30/familynetmall 4-30-26, 4.09 PM.xcarchive/Products/Applications/familynetmall.app/Frameworks/FirebaseAnalytics.framework'>', codeSigningInfo='<_DVTCodeSigningInformation_Path: 0xb9b524f60; isSigned='1', isAdHocSigned='0', signingCertificate='<DVTSigningCertificate: 0xbe122db00; name='iPhone Distribution: Samsung Electronics Co., Ltd.', hash='3F1388AF6571789AB3B0FCE62A863AD0DCAC8DC5', serialNumber='3480B8315D778F3506E53289F7D7E79A', certificateKinds='(
    "1.2.840.113635.100.6.1.4"
), issueDate='2025-11-06 06:35:59 +0000''>', entitlements='(null)', teamID='254B9J7846', identifier='com.firebase.Firebase-FirebaseAnalytics', executablePath='<DVTFilePath:0xbdb8850a0:'/Users/famous/Library/Developer/Xcode/Archives/2026-04-30/familynetmall 4-30-26, 4.09 PM.xcarchive/Products/Applications/familynetmall.app/Frameworks/FirebaseAnalytics.framework/FirebaseAnalytics'>', hardenedRuntime='0'>'> to: /var/folders/4x/d81_590j6m5677fzyww419kr0000gn/T/XcodeDistPipeline.~~~2O3lng/entitlements~~~bh0pFu
2026-04-30 07:10:13 +0000  invoking codesign: <NSConcreteTask: 0xbdcba7430; launchPath='/usr/bin/codesign', arguments='(
    "-f",
    "-s",
    3F1388AF6571789AB3B0FCE62A863AD0DCAC8DC5,
    "--entitlements",
    "/var/folders/4x/d81_590j6m5677fzyww419kr0000gn/T/XcodeDistPipeline.~~~2O3lng/entitlements~~~bh0pFu",
    "--preserve-metadata=identifier,flags,runtime,launch-constraints,library-constraints",
    "--generate-entitlement-der",
    "--strip-disallowed-xattrs",
    "-vvv",
    "/var/folders/4x/d81_590j6m5677fzyww419kr0000gn/T/XcodeDistPipeline.~~~2O3lng/Root/Payload/familynetmall.app/Frameworks/FirebaseAnalytics.framework"
)'>
2026-04-30 07:10:13 +0000  codesign output: /var/folders/4x/d81_590j6m5677fzyww419kr0000gn/T/XcodeDistPipeline.~~~2O3lng/Root/Payload/familynetmall.app/Frameworks/FirebaseAnalytics.framework: replacing existing signature
/var/folders/4x/d81_590j6m5677fzyww419kr0000gn/T/XcodeDistPipeline.~~~2O3lng/Root/Payload/familynetmall.app/Frameworks/FirebaseAnalytics.framework: signed bundle with Mach-O universal (arm64) [com.firebase.Firebase-FirebaseAnalytics]
2026-04-30 07:10:13 +0000  Entitlements for <IDEDistributionItem: 0xb9b524ae0; bundleID='com.firebase.Firebase-GoogleAppMeasurement', path='<DVTFilePath:0xbdb886610:'/Users/famous/Library/Developer/Xcode/Archives/2026-04-30/familynetmall 4-30-26, 4.09 PM.xcarchive/Products/Applications/familynetmall.app/Frameworks/GoogleAppMeasurement.framework'>', codeSigningInfo='<_DVTCodeSigningInformation_Path: 0xb9b524b40; isSigned='1', isAdHocSigned='0', signingCertificate='<DVTSigningCertificate: 0xbe122d800; name='iPhone Distribution: Samsung Electronics Co., Ltd.', hash='3F1388AF6571789AB3B0FCE62A863AD0DCAC8DC5', serialNumber='3480B8315D778F3506E53289F7D7E79A', certificateKinds='(
    "1.2.840.113635.100.6.1.4"
), issueDate='2025-11-06 06:35:59 +0000''>', entitlements='(null)', teamID='254B9J7846', identifier='com.firebase.Firebase-GoogleAppMeasurement', executablePath='<DVTFilePath:0xbdb887720:'/Users/famous/Library/Developer/Xcode/Archives/2026-04-30/familynetmall 4-30-26, 4.09 PM.xcarchive/Products/Applications/familynetmall.app/Frameworks/GoogleAppMeasurement.framework/GoogleAppMeasurement'>', hardenedRuntime='0'>'>: {
}
2026-04-30 07:10:13 +0000  Associated App Clip Identifiers Filter: Skipping because "com.apple.developer.associated-appclip-app-identifiers" is not present
2026-04-30 07:10:13 +0000  Entitlements for <IDEDistributionItem: 0xb9b524ae0; bundleID='com.firebase.Firebase-GoogleAppMeasurement', path='<DVTFilePath:0xbdb886610:'/Users/famous/Library/Developer/Xcode/Archives/2026-04-30/familynetmall 4-30-26, 4.09 PM.xcarchive/Products/Applications/familynetmall.app/Frameworks/GoogleAppMeasurement.framework'>', codeSigningInfo='<_DVTCodeSigningInformation_Path: 0xb9b524b40; isSigned='1', isAdHocSigned='0', signingCertificate='<DVTSigningCertificate: 0xbe122db00; name='iPhone Distribution: Samsung Electronics Co., Ltd.', hash='3F1388AF6571789AB3B0FCE62A863AD0DCAC8DC5', serialNumber='3480B8315D778F3506E53289F7D7E79A', certificateKinds='(
    "1.2.840.113635.100.6.1.4"
), issueDate='2025-11-06 06:35:59 +0000''>', entitlements='(null)', teamID='254B9J7846', identifier='com.firebase.Firebase-GoogleAppMeasurement', executablePath='<DVTFilePath:0xbdb887720:'/Users/famous/Library/Developer/Xcode/Archives/2026-04-30/familynetmall 4-30-26, 4.09 PM.xcarchive/Products/Applications/familynetmall.app/Frameworks/GoogleAppMeasurement.framework/GoogleAppMeasurement'>', hardenedRuntime='0'>'> are: {
}
2026-04-30 07:10:13 +0000  Writing entitlements for <IDEDistributionItem: 0xb9b524ae0; bundleID='com.firebase.Firebase-GoogleAppMeasurement', path='<DVTFilePath:0xbdb886610:'/Users/famous/Library/Developer/Xcode/Archives/2026-04-30/familynetmall 4-30-26, 4.09 PM.xcarchive/Products/Applications/familynetmall.app/Frameworks/GoogleAppMeasurement.framework'>', codeSigningInfo='<_DVTCodeSigningInformation_Path: 0xb9b524b40; isSigned='1', isAdHocSigned='0', signingCertificate='<DVTSigningCertificate: 0xbe122db00; name='iPhone Distribution: Samsung Electronics Co., Ltd.', hash='3F1388AF6571789AB3B0FCE62A863AD0DCAC8DC5', serialNumber='3480B8315D778F3506E53289F7D7E79A', certificateKinds='(
    "1.2.840.113635.100.6.1.4"
), issueDate='2025-11-06 06:35:59 +0000''>', entitlements='(null)', teamID='254B9J7846', identifier='com.firebase.Firebase-GoogleAppMeasurement', executablePath='<DVTFilePath:0xbdb887720:'/Users/famous/Library/Developer/Xcode/Archives/2026-04-30/familynetmall 4-30-26, 4.09 PM.xcarchive/Products/Applications/familynetmall.app/Frameworks/GoogleAppMeasurement.framework/GoogleAppMeasurement'>', hardenedRuntime='0'>'> to: /var/folders/4x/d81_590j6m5677fzyww419kr0000gn/T/XcodeDistPipeline.~~~2O3lng/entitlements~~~r8o9gm
2026-04-30 07:10:13 +0000  invoking codesign: <NSConcreteTask: 0xbdcba5f90; launchPath='/usr/bin/codesign', arguments='(
    "-f",
    "-s",
    3F1388AF6571789AB3B0FCE62A863AD0DCAC8DC5,
    "--entitlements",
    "/var/folders/4x/d81_590j6m5677fzyww419kr0000gn/T/XcodeDistPipeline.~~~2O3lng/entitlements~~~r8o9gm",
    "--preserve-metadata=identifier,flags,runtime,launch-constraints,library-constraints",
    "--generate-entitlement-der",
    "--strip-disallowed-xattrs",
    "-vvv",
    "/var/folders/4x/d81_590j6m5677fzyww419kr0000gn/T/XcodeDistPipeline.~~~2O3lng/Root/Payload/familynetmall.app/Frameworks/GoogleAppMeasurement.framework"
)'>
2026-04-30 07:10:13 +0000  codesign output: /var/folders/4x/d81_590j6m5677fzyww419kr0000gn/T/XcodeDistPipeline.~~~2O3lng/Root/Payload/familynetmall.app/Frameworks/GoogleAppMeasurement.framework: replacing existing signature
/var/folders/4x/d81_590j6m5677fzyww419kr0000gn/T/XcodeDistPipeline.~~~2O3lng/Root/Payload/familynetmall.app/Frameworks/GoogleAppMeasurement.framework: signed bundle with Mach-O universal (arm64) [com.firebase.Firebase-GoogleAppMeasurement]
2026-04-30 07:10:13 +0000  Entitlements for <IDEDistributionItem: 0xb9b5250e0; bundleID='com.firebase.Firebase-GoogleAppMeasurementIdentitySupport', path='<DVTFilePath:0xb9b4bd180:'/Users/famous/Library/Developer/Xcode/Archives/2026-04-30/familynetmall 4-30-26, 4.09 PM.xcarchive/Products/Applications/familynetmall.app/Frameworks/GoogleAppMeasurementIdentitySupport.framework'>', codeSigningInfo='<_DVTCodeSigningInformation_Path: 0xb9b525140; isSigned='1', isAdHocSigned='0', signingCertificate='<DVTSigningCertificate: 0xbe122d800; name='iPhone Distribution: Samsung Electronics Co., Ltd.', hash='3F1388AF6571789AB3B0FCE62A863AD0DCAC8DC5', serialNumber='3480B8315D778F3506E53289F7D7E79A', certificateKinds='(
    "1.2.840.113635.100.6.1.4"
), issueDate='2025-11-06 06:35:59 +0000''>', entitlements='(null)', teamID='254B9J7846', identifier='com.firebase.Firebase-GoogleAppMeasurementIdentitySupport', executablePath='<DVTFilePath:0xb9b4bda80:'/Users/famous/Library/Developer/Xcode/Archives/2026-04-30/familynetmall 4-30-26, 4.09 PM.xcarchive/Products/Applications/familynetmall.app/Frameworks/GoogleAppMeasurementIdentitySupport.framework/GoogleAppMeasurementIdentitySupport'>', hardenedRuntime='0'>'>: {
}
2026-04-30 07:10:13 +0000  Associated App Clip Identifiers Filter: Skipping because "com.apple.developer.associated-appclip-app-identifiers" is not present
2026-04-30 07:10:13 +0000  Entitlements for <IDEDistributionItem: 0xb9b5250e0; bundleID='com.firebase.Firebase-GoogleAppMeasurementIdentitySupport', path='<DVTFilePath:0xb9b4bd180:'/Users/famous/Library/Developer/Xcode/Archives/2026-04-30/familynetmall 4-30-26, 4.09 PM.xcarchive/Products/Applications/familynetmall.app/Frameworks/GoogleAppMeasurementIdentitySupport.framework'>', codeSigningInfo='<_DVTCodeSigningInformation_Path: 0xb9b525140; isSigned='1', isAdHocSigned='0', signingCertificate='<DVTSigningCertificate: 0xbe122db00; name='iPhone Distribution: Samsung Electronics Co., Ltd.', hash='3F1388AF6571789AB3B0FCE62A863AD0DCAC8DC5', serialNumber='3480B8315D778F3506E53289F7D7E79A', certificateKinds='(
    "1.2.840.113635.100.6.1.4"
), issueDate='2025-11-06 06:35:59 +0000''>', entitlements='(null)', teamID='254B9J7846', identifier='com.firebase.Firebase-GoogleAppMeasurementIdentitySupport', executablePath='<DVTFilePath:0xb9b4bda80:'/Users/famous/Library/Developer/Xcode/Archives/2026-04-30/familynetmall 4-30-26, 4.09 PM.xcarchive/Products/Applications/familynetmall.app/Frameworks/GoogleAppMeasurementIdentitySupport.framework/GoogleAppMeasurementIdentitySupport'>', hardenedRuntime='0'>'> are: {
}
2026-04-30 07:10:13 +0000  Writing entitlements for <IDEDistributionItem: 0xb9b5250e0; bundleID='com.firebase.Firebase-GoogleAppMeasurementIdentitySupport', path='<DVTFilePath:0xb9b4bd180:'/Users/famous/Library/Developer/Xcode/Archives/2026-04-30/familynetmall 4-30-26, 4.09 PM.xcarchive/Products/Applications/familynetmall.app/Frameworks/GoogleAppMeasurementIdentitySupport.framework'>', codeSigningInfo='<_DVTCodeSigningInformation_Path: 0xb9b525140; isSigned='1', isAdHocSigned='0', signingCertificate='<DVTSigningCertificate: 0xbe122db00; name='iPhone Distribution: Samsung Electronics Co., Ltd.', hash='3F1388AF6571789AB3B0FCE62A863AD0DCAC8DC5', serialNumber='3480B8315D778F3506E53289F7D7E79A', certificateKinds='(
    "1.2.840.113635.100.6.1.4"
), issueDate='2025-11-06 06:35:59 +0000''>', entitlements='(null)', teamID='254B9J7846', identifier='com.firebase.Firebase-GoogleAppMeasurementIdentitySupport', executablePath='<DVTFilePath:0xb9b4bda80:'/Users/famous/Library/Developer/Xcode/Archives/2026-04-30/familynetmall 4-30-26, 4.09 PM.xcarchive/Products/Applications/familynetmall.app/Frameworks/GoogleAppMeasurementIdentitySupport.framework/GoogleAppMeasurementIdentitySupport'>', hardenedRuntime='0'>'> to: /var/folders/4x/d81_590j6m5677fzyww419kr0000gn/T/XcodeDistPipeline.~~~2O3lng/entitlements~~~6kxLcn
2026-04-30 07:10:13 +0000  invoking codesign: <NSConcreteTask: 0xbdcba5f90; launchPath='/usr/bin/codesign', arguments='(
    "-f",
    "-s",
    3F1388AF6571789AB3B0FCE62A863AD0DCAC8DC5,
    "--entitlements",
    "/var/folders/4x/d81_590j6m5677fzyww419kr0000gn/T/XcodeDistPipeline.~~~2O3lng/entitlements~~~6kxLcn",
    "--preserve-metadata=identifier,flags,runtime,launch-constraints,library-constraints",
    "--generate-entitlement-der",
    "--strip-disallowed-xattrs",
    "-vvv",
    "/var/folders/4x/d81_590j6m5677fzyww419kr0000gn/T/XcodeDistPipeline.~~~2O3lng/Root/Payload/familynetmall.app/Frameworks/GoogleAppMeasurementIdentitySupport.framework"
)'>
2026-04-30 07:10:13 +0000  codesign output: /var/folders/4x/d81_590j6m5677fzyww419kr0000gn/T/XcodeDistPipeline.~~~2O3lng/Root/Payload/familynetmall.app/Frameworks/GoogleAppMeasurementIdentitySupport.framework: replacing existing signature
/var/folders/4x/d81_590j6m5677fzyww419kr0000gn/T/XcodeDistPipeline.~~~2O3lng/Root/Payload/familynetmall.app/Frameworks/GoogleAppMeasurementIdentitySupport.framework: signed bundle with Mach-O universal (arm64) [com.firebase.Firebase-GoogleAppMeasurementIdentitySupport]
2026-04-30 07:10:13 +0000  Entitlements for <IDEDistributionItem: 0xb9b5251a0; bundleID='com.raonsecure.RSLicenseSDK', path='<DVTFilePath:0xbdb886e60:'/Users/famous/Library/Developer/Xcode/Archives/2026-04-30/familynetmall 4-30-26, 4.09 PM.xcarchive/Products/Applications/familynetmall.app/Frameworks/RSLicenseSDK.framework'>', codeSigningInfo='<_DVTCodeSigningInformation_Path: 0xb9b525200; isSigned='1', isAdHocSigned='0', signingCertificate='<DVTSigningCertificate: 0xbe122d800; name='iPhone Distribution: Samsung Electronics Co., Ltd.', hash='3F1388AF6571789AB3B0FCE62A863AD0DCAC8DC5', serialNumber='3480B8315D778F3506E53289F7D7E79A', certificateKinds='(
    "1.2.840.113635.100.6.1.4"
), issueDate='2025-11-06 06:35:59 +0000''>', entitlements='(null)', teamID='254B9J7846', identifier='com.raonsecure.RSLicenseSDK', executablePath='<DVTFilePath:0xb9cfb3540:'/Users/famous/Library/Developer/Xcode/Archives/2026-04-30/familynetmall 4-30-26, 4.09 PM.xcarchive/Products/Applications/familynetmall.app/Frameworks/RSLicenseSDK.framework/RSLicenseSDK'>', hardenedRuntime='0'>'>: {
}
2026-04-30 07:10:13 +0000  Associated App Clip Identifiers Filter: Skipping because "com.apple.developer.associated-appclip-app-identifiers" is not present
2026-04-30 07:10:13 +0000  Entitlements for <IDEDistributionItem: 0xb9b5251a0; bundleID='com.raonsecure.RSLicenseSDK', path='<DVTFilePath:0xbdb886e60:'/Users/famous/Library/Developer/Xcode/Archives/2026-04-30/familynetmall 4-30-26, 4.09 PM.xcarchive/Products/Applications/familynetmall.app/Frameworks/RSLicenseSDK.framework'>', codeSigningInfo='<_DVTCodeSigningInformation_Path: 0xb9b525200; isSigned='1', isAdHocSigned='0', signingCertificate='<DVTSigningCertificate: 0xbe122db00; name='iPhone Distribution: Samsung Electronics Co., Ltd.', hash='3F1388AF6571789AB3B0FCE62A863AD0DCAC8DC5', serialNumber='3480B8315D778F3506E53289F7D7E79A', certificateKinds='(
    "1.2.840.113635.100.6.1.4"
), issueDate='2025-11-06 06:35:59 +0000''>', entitlements='(null)', teamID='254B9J7846', identifier='com.raonsecure.RSLicenseSDK', executablePath='<DVTFilePath:0xb9cfb3540:'/Users/famous/Library/Developer/Xcode/Archives/2026-04-30/familynetmall 4-30-26, 4.09 PM.xcarchive/Products/Applications/familynetmall.app/Frameworks/RSLicenseSDK.framework/RSLicenseSDK'>', hardenedRuntime='0'>'> are: {
}
2026-04-30 07:10:13 +0000  Writing entitlements for <IDEDistributionItem: 0xb9b5251a0; bundleID='com.raonsecure.RSLicenseSDK', path='<DVTFilePath:0xbdb886e60:'/Users/famous/Library/Developer/Xcode/Archives/2026-04-30/familynetmall 4-30-26, 4.09 PM.xcarchive/Products/Applications/familynetmall.app/Frameworks/RSLicenseSDK.framework'>', codeSigningInfo='<_DVTCodeSigningInformation_Path: 0xb9b525200; isSigned='1', isAdHocSigned='0', signingCertificate='<DVTSigningCertificate: 0xbe122db00; name='iPhone Distribution: Samsung Electronics Co., Ltd.', hash='3F1388AF6571789AB3B0FCE62A863AD0DCAC8DC5', serialNumber='3480B8315D778F3506E53289F7D7E79A', certificateKinds='(
    "1.2.840.113635.100.6.1.4"
), issueDate='2025-11-06 06:35:59 +0000''>', entitlements='(null)', teamID='254B9J7846', identifier='com.raonsecure.RSLicenseSDK', executablePath='<DVTFilePath:0xb9cfb3540:'/Users/famous/Library/Developer/Xcode/Archives/2026-04-30/familynetmall 4-30-26, 4.09 PM.xcarchive/Products/Applications/familynetmall.app/Frameworks/RSLicenseSDK.framework/RSLicenseSDK'>', hardenedRuntime='0'>'> to: /var/folders/4x/d81_590j6m5677fzyww419kr0000gn/T/XcodeDistPipeline.~~~2O3lng/entitlements~~~mRF2iw
2026-04-30 07:10:13 +0000  invoking codesign: <NSConcreteTask: 0xbdcba5f90; launchPath='/usr/bin/codesign', arguments='(
    "-f",
    "-s",
    3F1388AF6571789AB3B0FCE62A863AD0DCAC8DC5,
    "--entitlements",
    "/var/folders/4x/d81_590j6m5677fzyww419kr0000gn/T/XcodeDistPipeline.~~~2O3lng/entitlements~~~mRF2iw",
    "--preserve-metadata=identifier,flags,runtime,launch-constraints,library-constraints",
    "--generate-entitlement-der",
    "--strip-disallowed-xattrs",
    "-vvv",
    "/var/folders/4x/d81_590j6m5677fzyww419kr0000gn/T/XcodeDistPipeline.~~~2O3lng/Root/Payload/familynetmall.app/Frameworks/RSLicenseSDK.framework"
)'>
2026-04-30 07:10:13 +0000  codesign output: /var/folders/4x/d81_590j6m5677fzyww419kr0000gn/T/XcodeDistPipeline.~~~2O3lng/Root/Payload/familynetmall.app/Frameworks/RSLicenseSDK.framework: replacing existing signature
/var/folders/4x/d81_590j6m5677fzyww419kr0000gn/T/XcodeDistPipeline.~~~2O3lng/Root/Payload/familynetmall.app/Frameworks/RSLicenseSDK.framework: signed bundle with Mach-O universal (armv7 armv7s arm64) [com.raonsecure.RSLicenseSDK]
2026-04-30 07:10:13 +0000  Entitlements for <IDEDistributionItem: 0xb9b525320; bundleID='com.raonsecure.TouchEn-AntiCapture', path='<DVTFilePath:0xbdb884930:'/Users/famous/Library/Developer/Xcode/Archives/2026-04-30/familynetmall 4-30-26, 4.09 PM.xcarchive/Products/Applications/familynetmall.app/Frameworks/TouchEn_AntiCapture.framework'>', codeSigningInfo='<_DVTCodeSigningInformation_Path: 0xb9b525380; isSigned='1', isAdHocSigned='0', signingCertificate='<DVTSigningCertificate: 0xbe122d800; name='iPhone Distribution: Samsung Electronics Co., Ltd.', hash='3F1388AF6571789AB3B0FCE62A863AD0DCAC8DC5', serialNumber='3480B8315D778F3506E53289F7D7E79A', certificateKinds='(
    "1.2.840.113635.100.6.1.4"
), issueDate='2025-11-06 06:35:59 +0000''>', entitlements='(null)', teamID='254B9J7846', identifier='com.raonsecure.TouchEn-AntiCapture', executablePath='<DVTFilePath:0xbd2154620:'/Users/famous/Library/Developer/Xcode/Archives/2026-04-30/familynetmall 4-30-26, 4.09 PM.xcarchive/Products/Applications/familynetmall.app/Frameworks/TouchEn_AntiCapture.framework/TouchEn_AntiCapture'>', hardenedRuntime='0'>'>: {
}
2026-04-30 07:10:13 +0000  Associated App Clip Identifiers Filter: Skipping because "com.apple.developer.associated-appclip-app-identifiers" is not present
2026-04-30 07:10:13 +0000  Entitlements for <IDEDistributionItem: 0xb9b525320; bundleID='com.raonsecure.TouchEn-AntiCapture', path='<DVTFilePath:0xbdb884930:'/Users/famous/Library/Developer/Xcode/Archives/2026-04-30/familynetmall 4-30-26, 4.09 PM.xcarchive/Products/Applications/familynetmall.app/Frameworks/TouchEn_AntiCapture.framework'>', codeSigningInfo='<_DVTCodeSigningInformation_Path: 0xb9b525380; isSigned='1', isAdHocSigned='0', signingCertificate='<DVTSigningCertificate: 0xbe122db00; name='iPhone Distribution: Samsung Electronics Co., Ltd.', hash='3F1388AF6571789AB3B0FCE62A863AD0DCAC8DC5', serialNumber='3480B8315D778F3506E53289F7D7E79A', certificateKinds='(
    "1.2.840.113635.100.6.1.4"
), issueDate='2025-11-06 06:35:59 +0000''>', entitlements='(null)', teamID='254B9J7846', identifier='com.raonsecure.TouchEn-AntiCapture', executablePath='<DVTFilePath:0xbd2154620:'/Users/famous/Library/Developer/Xcode/Archives/2026-04-30/familynetmall 4-30-26, 4.09 PM.xcarchive/Products/Applications/familynetmall.app/Frameworks/TouchEn_AntiCapture.framework/TouchEn_AntiCapture'>', hardenedRuntime='0'>'> are: {
}
2026-04-30 07:10:13 +0000  Writing entitlements for <IDEDistributionItem: 0xb9b525320; bundleID='com.raonsecure.TouchEn-AntiCapture', path='<DVTFilePath:0xbdb884930:'/Users/famous/Library/Developer/Xcode/Archives/2026-04-30/familynetmall 4-30-26, 4.09 PM.xcarchive/Products/Applications/familynetmall.app/Frameworks/TouchEn_AntiCapture.framework'>', codeSigningInfo='<_DVTCodeSigningInformation_Path: 0xb9b525380; isSigned='1', isAdHocSigned='0', signingCertificate='<DVTSigningCertificate: 0xbe122db00; name='iPhone Distribution: Samsung Electronics Co., Ltd.', hash='3F1388AF6571789AB3B0FCE62A863AD0DCAC8DC5', serialNumber='3480B8315D778F3506E53289F7D7E79A', certificateKinds='(
    "1.2.840.113635.100.6.1.4"
), issueDate='2025-11-06 06:35:59 +0000''>', entitlements='(null)', teamID='254B9J7846', identifier='com.raonsecure.TouchEn-AntiCapture', executablePath='<DVTFilePath:0xbd2154620:'/Users/famous/Library/Developer/Xcode/Archives/2026-04-30/familynetmall 4-30-26, 4.09 PM.xcarchive/Products/Applications/familynetmall.app/Frameworks/TouchEn_AntiCapture.framework/TouchEn_AntiCapture'>', hardenedRuntime='0'>'> to: /var/folders/4x/d81_590j6m5677fzyww419kr0000gn/T/XcodeDistPipeline.~~~2O3lng/entitlements~~~AEo7px
2026-04-30 07:10:13 +0000  invoking codesign: <NSConcreteTask: 0xbdcba5f90; launchPath='/usr/bin/codesign', arguments='(
    "-f",
    "-s",
    3F1388AF6571789AB3B0FCE62A863AD0DCAC8DC5,
    "--entitlements",
    "/var/folders/4x/d81_590j6m5677fzyww419kr0000gn/T/XcodeDistPipeline.~~~2O3lng/entitlements~~~AEo7px",
    "--preserve-metadata=identifier,flags,runtime,launch-constraints,library-constraints",
    "--generate-entitlement-der",
    "--strip-disallowed-xattrs",
    "-vvv",
    "/var/folders/4x/d81_590j6m5677fzyww419kr0000gn/T/XcodeDistPipeline.~~~2O3lng/Root/Payload/familynetmall.app/Frameworks/TouchEn_AntiCapture.framework"
)'>
2026-04-30 07:10:13 +0000  codesign output: /var/folders/4x/d81_590j6m5677fzyww419kr0000gn/T/XcodeDistPipeline.~~~2O3lng/Root/Payload/familynetmall.app/Frameworks/TouchEn_AntiCapture.framework: replacing existing signature
/var/folders/4x/d81_590j6m5677fzyww419kr0000gn/T/XcodeDistPipeline.~~~2O3lng/Root/Payload/familynetmall.app/Frameworks/TouchEn_AntiCapture.framework: signed bundle with Mach-O thin (arm64) [com.raonsecure.TouchEn-AntiCapture]
2026-04-30 07:10:13 +0000  Entitlements for <IDEDistributionItem: 0xb9b525260; bundleID='com.samsung.familynetmall.prd.prdNotiService', path='<DVTFilePath:0xbb9a2aa00:'/Users/famous/Library/Developer/Xcode/Archives/2026-04-30/familynetmall 4-30-26, 4.09 PM.xcarchive/Products/Applications/familynetmall.app/PlugIns/prdNotiService.appex'>', codeSigningInfo='<_DVTCodeSigningInformation_Path: 0xb9b5252c0; isSigned='1', isAdHocSigned='0', signingCertificate='<DVTSigningCertificate: 0xbe122d800; name='iPhone Distribution: Samsung Electronics Co., Ltd.', hash='3F1388AF6571789AB3B0FCE62A863AD0DCAC8DC5', serialNumber='3480B8315D778F3506E53289F7D7E79A', certificateKinds='(
    "1.2.840.113635.100.6.1.4"
), issueDate='2025-11-06 06:35:59 +0000''>', entitlements='{
    "application-identifier" = "254B9J7846.com.samsung.familynetmall.prd.prdNotiService";
    "com.apple.developer.team-identifier" = 254B9J7846;
    "get-task-allow" = 0;
}', teamID='254B9J7846', identifier='com.samsung.familynetmall.prd.prdNotiService', executablePath='<DVTFilePath:0xba1c9ab20:'/Users/famous/Library/Developer/Xcode/Archives/2026-04-30/familynetmall 4-30-26, 4.09 PM.xcarchive/Products/Applications/familynetmall.app/PlugIns/prdNotiService.appex/prdNotiService'>', hardenedRuntime='0'>'>: {
    "application-identifier" = "254B9J7846.com.samsung.familynetmall.prd.prdNotiService";
    "com.apple.developer.team-identifier" = 254B9J7846;
    "get-task-allow" = 0;
}
2026-04-30 07:10:13 +0000  Associated App Clip Identifiers Filter: Skipping because "com.apple.developer.associated-appclip-app-identifiers" is not present
2026-04-30 07:10:13 +0000  Entitlements for <IDEDistributionItem: 0xb9b525260; bundleID='com.samsung.familynetmall.prd.prdNotiService', path='<DVTFilePath:0xbb9a2aa00:'/Users/famous/Library/Developer/Xcode/Archives/2026-04-30/familynetmall 4-30-26, 4.09 PM.xcarchive/Products/Applications/familynetmall.app/PlugIns/prdNotiService.appex'>', codeSigningInfo='<_DVTCodeSigningInformation_Path: 0xb9b5252c0; isSigned='1', isAdHocSigned='0', signingCertificate='<DVTSigningCertificate: 0xbe122db00; name='iPhone Distribution: Samsung Electronics Co., Ltd.', hash='3F1388AF6571789AB3B0FCE62A863AD0DCAC8DC5', serialNumber='3480B8315D778F3506E53289F7D7E79A', certificateKinds='(
    "1.2.840.113635.100.6.1.4"
), issueDate='2025-11-06 06:35:59 +0000''>', entitlements='{
    "application-identifier" = "254B9J7846.com.samsung.familynetmall.prd.prdNotiService";
    "com.apple.developer.team-identifier" = 254B9J7846;
    "get-task-allow" = 0;
}', teamID='254B9J7846', identifier='com.samsung.familynetmall.prd.prdNotiService', executablePath='<DVTFilePath:0xba1c9ab20:'/Users/famous/Library/Developer/Xcode/Archives/2026-04-30/familynetmall 4-30-26, 4.09 PM.xcarchive/Products/Applications/familynetmall.app/PlugIns/prdNotiService.appex/prdNotiService'>', hardenedRuntime='0'>'> are: {
    "application-identifier" = "254B9J7846.com.samsung.familynetmall.prd.prdNotiService";
    "com.apple.developer.team-identifier" = 254B9J7846;
    "get-task-allow" = 0;
}
2026-04-30 07:10:13 +0000  Writing entitlements for <IDEDistributionItem: 0xb9b525260; bundleID='com.samsung.familynetmall.prd.prdNotiService', path='<DVTFilePath:0xbb9a2aa00:'/Users/famous/Library/Developer/Xcode/Archives/2026-04-30/familynetmall 4-30-26, 4.09 PM.xcarchive/Products/Applications/familynetmall.app/PlugIns/prdNotiService.appex'>', codeSigningInfo='<_DVTCodeSigningInformation_Path: 0xb9b5252c0; isSigned='1', isAdHocSigned='0', signingCertificate='<DVTSigningCertificate: 0xbe122db00; name='iPhone Distribution: Samsung Electronics Co., Ltd.', hash='3F1388AF6571789AB3B0FCE62A863AD0DCAC8DC5', serialNumber='3480B8315D778F3506E53289F7D7E79A', certificateKinds='(
    "1.2.840.113635.100.6.1.4"
), issueDate='2025-11-06 06:35:59 +0000''>', entitlements='{
    "application-identifier" = "254B9J7846.com.samsung.familynetmall.prd.prdNotiService";
    "com.apple.developer.team-identifier" = 254B9J7846;
    "get-task-allow" = 0;
}', teamID='254B9J7846', identifier='com.samsung.familynetmall.prd.prdNotiService', executablePath='<DVTFilePath:0xba1c9ab20:'/Users/famous/Library/Developer/Xcode/Archives/2026-04-30/familynetmall 4-30-26, 4.09 PM.xcarchive/Products/Applications/familynetmall.app/PlugIns/prdNotiService.appex/prdNotiService'>', hardenedRuntime='0'>'> to: /var/folders/4x/d81_590j6m5677fzyww419kr0000gn/T/XcodeDistPipeline.~~~2O3lng/entitlements~~~AfnarB
2026-04-30 07:10:13 +0000  invoking codesign: <NSConcreteTask: 0xbdcba5f90; launchPath='/usr/bin/codesign', arguments='(
    "-f",
    "-s",
    3F1388AF6571789AB3B0FCE62A863AD0DCAC8DC5,
    "--entitlements",
    "/var/folders/4x/d81_590j6m5677fzyww419kr0000gn/T/XcodeDistPipeline.~~~2O3lng/entitlements~~~AfnarB",
    "--preserve-metadata=identifier,flags,runtime,launch-constraints,library-constraints",
    "--generate-entitlement-der",
    "--strip-disallowed-xattrs",
    "-vvv",
    "/var/folders/4x/d81_590j6m5677fzyww419kr0000gn/T/XcodeDistPipeline.~~~2O3lng/Root/Payload/familynetmall.app/PlugIns/prdNotiService.appex"
)'>
2026-04-30 07:10:14 +0000  codesign output: /var/folders/4x/d81_590j6m5677fzyww419kr0000gn/T/XcodeDistPipeline.~~~2O3lng/Root/Payload/familynetmall.app/PlugIns/prdNotiService.appex: replacing existing signature
/var/folders/4x/d81_590j6m5677fzyww419kr0000gn/T/XcodeDistPipeline.~~~2O3lng/Root/Payload/familynetmall.app/PlugIns/prdNotiService.appex: signed bundle with Mach-O thin (arm64) [com.samsung.familynetmall.prd.prdNotiService]
2026-04-30 07:10:14 +0000  Entitlements for <IDEDistributionItem: 0xb9b10eac0; bundleID='com.samsung.familynetmall.prd', path='<DVTFilePath:0xbdb801a40:'/Users/famous/Library/Developer/Xcode/Archives/2026-04-30/familynetmall 4-30-26, 4.09 PM.xcarchive/Products/Applications/familynetmall.app'>', codeSigningInfo='<_DVTCodeSigningInformation_Path: 0xb9b524e40; isSigned='1', isAdHocSigned='0', signingCertificate='<DVTSigningCertificate: 0xbe122d800; name='iPhone Distribution: Samsung Electronics Co., Ltd.', hash='3F1388AF6571789AB3B0FCE62A863AD0DCAC8DC5', serialNumber='3480B8315D778F3506E53289F7D7E79A', certificateKinds='(
    "1.2.840.113635.100.6.1.4"
), issueDate='2025-11-06 06:35:59 +0000''>', entitlements='{
    "application-identifier" = "254B9J7846.com.samsung.familynetmall.prd";
    "aps-environment" = production;
    "com.apple.developer.team-identifier" = 254B9J7846;
    "get-task-allow" = 0;
}', teamID='254B9J7846', identifier='com.samsung.familynetmall.prd', executablePath='<DVTFilePath:0xb9b442460:'/Users/famous/Library/Developer/Xcode/Archives/2026-04-30/familynetmall 4-30-26, 4.09 PM.xcarchive/Products/Applications/familynetmall.app/familynetmall'>', hardenedRuntime='0'>'>: {
    "application-identifier" = "254B9J7846.com.samsung.familynetmall.prd";
    "aps-environment" = production;
    "com.apple.developer.team-identifier" = 254B9J7846;
    "get-task-allow" = 0;
}
2026-04-30 07:10:14 +0000  Associated App Clip Identifiers Filter: Skipping because "com.apple.developer.associated-appclip-app-identifiers" is not present
2026-04-30 07:10:14 +0000  Entitlements for <IDEDistributionItem: 0xb9b10eac0; bundleID='com.samsung.familynetmall.prd', path='<DVTFilePath:0xbdb801a40:'/Users/famous/Library/Developer/Xcode/Archives/2026-04-30/familynetmall 4-30-26, 4.09 PM.xcarchive/Products/Applications/familynetmall.app'>', codeSigningInfo='<_DVTCodeSigningInformation_Path: 0xb9b524e40; isSigned='1', isAdHocSigned='0', signingCertificate='<DVTSigningCertificate: 0xbe122db00; name='iPhone Distribution: Samsung Electronics Co., Ltd.', hash='3F1388AF6571789AB3B0FCE62A863AD0DCAC8DC5', serialNumber='3480B8315D778F3506E53289F7D7E79A', certificateKinds='(
    "1.2.840.113635.100.6.1.4"
), issueDate='2025-11-06 06:35:59 +0000''>', entitlements='{
    "application-identifier" = "254B9J7846.com.samsung.familynetmall.prd";
    "aps-environment" = production;
    "com.apple.developer.team-identifier" = 254B9J7846;
    "get-task-allow" = 0;
}', teamID='254B9J7846', identifier='com.samsung.familynetmall.prd', executablePath='<DVTFilePath:0xb9b442460:'/Users/famous/Library/Developer/Xcode/Archives/2026-04-30/familynetmall 4-30-26, 4.09 PM.xcarchive/Products/Applications/familynetmall.app/familynetmall'>', hardenedRuntime='0'>'> are: {
    "application-identifier" = "254B9J7846.com.samsung.familynetmall.prd";
    "aps-environment" = production;
    "com.apple.developer.team-identifier" = 254B9J7846;
    "get-task-allow" = 0;
}
2026-04-30 07:10:14 +0000  Writing entitlements for <IDEDistributionItem: 0xb9b10eac0; bundleID='com.samsung.familynetmall.prd', path='<DVTFilePath:0xbdb801a40:'/Users/famous/Library/Developer/Xcode/Archives/2026-04-30/familynetmall 4-30-26, 4.09 PM.xcarchive/Products/Applications/familynetmall.app'>', codeSigningInfo='<_DVTCodeSigningInformation_Path: 0xb9b524e40; isSigned='1', isAdHocSigned='0', signingCertificate='<DVTSigningCertificate: 0xbe122db00; name='iPhone Distribution: Samsung Electronics Co., Ltd.', hash='3F1388AF6571789AB3B0FCE62A863AD0DCAC8DC5', serialNumber='3480B8315D778F3506E53289F7D7E79A', certificateKinds='(
    "1.2.840.113635.100.6.1.4"
), issueDate='2025-11-06 06:35:59 +0000''>', entitlements='{
    "application-identifier" = "254B9J7846.com.samsung.familynetmall.prd";
    "aps-environment" = production;
    "com.apple.developer.team-identifier" = 254B9J7846;
    "get-task-allow" = 0;
}', teamID='254B9J7846', identifier='com.samsung.familynetmall.prd', executablePath='<DVTFilePath:0xb9b442460:'/Users/famous/Library/Developer/Xcode/Archives/2026-04-30/familynetmall 4-30-26, 4.09 PM.xcarchive/Products/Applications/familynetmall.app/familynetmall'>', hardenedRuntime='0'>'> to: /var/folders/4x/d81_590j6m5677fzyww419kr0000gn/T/XcodeDistPipeline.~~~2O3lng/entitlements~~~WL2UtR
2026-04-30 07:10:14 +0000  invoking codesign: <NSConcreteTask: 0xbdcba5f90; launchPath='/usr/bin/codesign', arguments='(
    "-f",
    "-s",
    3F1388AF6571789AB3B0FCE62A863AD0DCAC8DC5,
    "--entitlements",
    "/var/folders/4x/d81_590j6m5677fzyww419kr0000gn/T/XcodeDistPipeline.~~~2O3lng/entitlements~~~WL2UtR",
    "--preserve-metadata=identifier,flags,runtime,launch-constraints,library-constraints",
    "--generate-entitlement-der",
    "--strip-disallowed-xattrs",
    "-vvv",
    "/var/folders/4x/d81_590j6m5677fzyww419kr0000gn/T/XcodeDistPipeline.~~~2O3lng/Root/Payload/familynetmall.app"
)'>
2026-04-30 07:10:14 +0000  codesign output: /var/folders/4x/d81_590j6m5677fzyww419kr0000gn/T/XcodeDistPipeline.~~~2O3lng/Root/Payload/familynetmall.app: replacing existing signature
/var/folders/4x/d81_590j6m5677fzyww419kr0000gn/T/XcodeDistPipeline.~~~2O3lng/Root/Payload/familynetmall.app: signed app bundle with Mach-O thin (arm64) [com.samsung.familynetmall.prd]
2026-04-30 07:10:14 +0000  Processing step: IDEDistributionZipODRItemStep
2026-04-30 07:10:14 +0000  Skipping step: IDEDistributionZipODRItemStep because it said so
2026-04-30 07:10:14 +0000  Skipping step: IDEDistributionZipODRItemStep because it said so
2026-04-30 07:10:14 +0000  Skipping step: IDEDistributionZipODRItemStep because it said so
2026-04-30 07:10:14 +0000  Skipping step: IDEDistributionZipODRItemStep because it said so
2026-04-30 07:10:14 +0000  Skipping step: IDEDistributionZipODRItemStep because it said so
2026-04-30 07:10:14 +0000  Skipping step: IDEDistributionZipODRItemStep because it said so
2026-04-30 07:10:14 +0000  Skipping step: IDEDistributionZipODRItemStep because it said so
2026-04-30 07:10:14 +0000  Processing step: IDEDistributionCreateIPAStep
2026-04-30 07:10:14 +0000  Running /usr/bin/ditto '-V' '-c' '-k' '--norsrc' '/var/folders/4x/d81_590j6m5677fzyww419kr0000gn/T/XcodeDistPipeline.~~~2O3lng/Root' '/var/folders/4x/d81_590j6m5677fzyww419kr0000gn/T/XcodeDistPipeline.~~~2O3lng/Packages/familynetmall.ipa'
2026-04-30 07:10:14 +0000  >>> Copying /var/folders/4x/d81_590j6m5677fzyww419kr0000gn/T/XcodeDistPipeline.~~~2O3lng/Root 
2026-04-30 07:10:14 +0000  copying file ./Payload/familynetmall.app/_CodeSignature/CodeResources ... 
2026-04-30 07:10:14 +0000  28022 bytes for ./Payload/familynetmall.app/_CodeSignature/CodeResources
2026-04-30 07:10:14 +0000  copying file ./Payload/familynetmall.app/samsung_one_korean_700.ttf ... 
2026-04-30 07:10:14 +0000  3651976 bytes for ./Payload/familynetmall.app/samsung_one_korean_700.ttf
2026-04-30 07:10:14 +0000  copying file ./Payload/familynetmall.app/samsung_sharpsans_bold.ttf ... 
2026-04-30 07:10:14 +0000  219252 bytes for ./Payload/familynetmall.app/samsung_sharpsans_bold.ttf
2026-04-30 07:10:14 +0000  copying file ./Payload/familynetmall.app/Setting.storyboardc/vkP-RF-CPS-view-2ea-2Q-hl1.nib ... 
2026-04-30 07:10:14 +0000  5033 bytes for ./Payload/familynetmall.app/Setting.storyboardc/vkP-RF-CPS-view-2ea-2Q-hl1.nib
2026-04-30 07:10:14 +0000  copying file ./Payload/familynetmall.app/Setting.storyboardc/7LQ-eo-VKq-view-Mn7-CO-3th.nib ... 
2026-04-30 07:10:14 +0000  14395 bytes for ./Payload/familynetmall.app/Setting.storyboardc/7LQ-eo-VKq-view-Mn7-CO-3th.nib
2026-04-30 07:10:14 +0000  copying file ./Payload/familynetmall.app/Setting.storyboardc/OpenSourceVC.nib ... 
2026-04-30 07:10:14 +0000  1124 bytes for ./Payload/familynetmall.app/Setting.storyboardc/OpenSourceVC.nib
2026-04-30 07:10:14 +0000  copying file ./Payload/familynetmall.app/Setting.storyboardc/Info.plist ... 
2026-04-30 07:10:14 +0000  169 bytes for ./Payload/familynetmall.app/Setting.storyboardc/Info.plist
2026-04-30 07:10:14 +0000  copying file ./Payload/familynetmall.app/Setting.storyboardc/SettingVC.nib ... 
2026-04-30 07:10:14 +0000  29045 bytes for ./Payload/familynetmall.app/Setting.storyboardc/SettingVC.nib
2026-04-30 07:10:14 +0000  copying file ./Payload/familynetmall.app/PlugIns/prdNotiService.appex/_CodeSignature/CodeResources ... 
2026-04-30 07:10:14 +0000  2040 bytes for ./Payload/familynetmall.app/PlugIns/prdNotiService.appex/_CodeSignature/CodeResources
2026-04-30 07:10:14 +0000  copying file ./Payload/familynetmall.app/PlugIns/prdNotiService.appex/prdNotiService ... 
2026-04-30 07:10:14 +0000  91568 bytes for ./Payload/familynetmall.app/PlugIns/prdNotiService.appex/prdNotiService
2026-04-30 07:10:14 +0000  copying file ./Payload/familynetmall.app/PlugIns/prdNotiService.appex/embedded.mobileprovision ... 
2026-04-30 07:10:14 +0000  12325 bytes for ./Payload/familynetmall.app/PlugIns/prdNotiService.appex/embedded.mobileprovision
2026-04-30 07:10:14 +0000  copying file ./Payload/familynetmall.app/PlugIns/prdNotiService.appex/Info.plist ... 
2026-04-30 07:10:14 +0000  971 bytes for ./Payload/familynetmall.app/PlugIns/prdNotiService.appex/Info.plist
2026-04-30 07:10:14 +0000  copying file ./Payload/familynetmall.app/AppIcon60x60@2x.png ... 
2026-04-30 07:10:14 +0000  7308 bytes for ./Payload/familynetmall.app/AppIcon60x60@2x.png
2026-04-30 07:10:14 +0000  copying file ./Payload/familynetmall.app/Alert.storyboardc/Y6W-OH-hqX-view-5EZ-qb-Rvc.nib ... 
2026-04-30 07:10:14 +0000  9480 bytes for ./Payload/familynetmall.app/Alert.storyboardc/Y6W-OH-hqX-view-5EZ-qb-Rvc.nib
2026-04-30 07:10:14 +0000  copying file ./Payload/familynetmall.app/Alert.storyboardc/BasicAlertVC.nib ... 
2026-04-30 07:10:14 +0000  12322 bytes for ./Payload/familynetmall.app/Alert.storyboardc/BasicAlertVC.nib
2026-04-30 07:10:14 +0000  copying file ./Payload/familynetmall.app/Alert.storyboardc/Info.plist ... 
2026-04-30 07:10:14 +0000  145 bytes for ./Payload/familynetmall.app/Alert.storyboardc/Info.plist
2026-04-30 07:10:14 +0000  copying file ./Payload/familynetmall.app/samsung_one_korean_400.ttf ... 
2026-04-30 07:10:14 +0000  3590680 bytes for ./Payload/familynetmall.app/samsung_one_korean_400.ttf
2026-04-30 07:10:14 +0000  copying file ./Payload/familynetmall.app/GoogleService-Info.plist ... 
566 bytes for ./Payload/familynetmall.app/GoogleService-Info.plist
2026-04-30 07:10:14 +0000  copying file ./Payload/familynetmall.app/Base.lproj/Main.storyboardc/Q3U-I2-mrL-view-3XK-Gd-MrI.nib ... 
2026-04-30 07:10:14 +0000  2579 bytes for ./Payload/familynetmall.app/Base.lproj/Main.storyboardc/Q3U-I2-mrL-view-3XK-Gd-MrI.nib
2026-04-30 07:10:14 +0000  copying file ./Payload/familynetmall.app/Base.lproj/Main.storyboardc/UIViewController-qc6-ce-ko2.nib ... 
2026-04-30 07:10:14 +0000  1367 bytes for ./Payload/familynetmall.app/Base.lproj/Main.storyboardc/UIViewController-qc6-ce-ko2.nib
copying file ./Payload/familynetmall.app/Base.lproj/Main.storyboardc/PopupVC.nib ... 
2026-04-30 07:10:14 +0000  1038 bytes for ./Payload/familynetmall.app/Base.lproj/Main.storyboardc/PopupVC.nib
2026-04-30 07:10:14 +0000  copying file ./Payload/familynetmall.app/Base.lproj/Main.storyboardc/qc6-ce-ko2-view-zfn-k4-gxh.nib ... 
2026-04-30 07:10:14 +0000  10845 bytes for ./Payload/familynetmall.app/Base.lproj/Main.storyboardc/qc6-ce-ko2-view-zfn-k4-gxh.nib
2026-04-30 07:10:14 +0000  copying file ./Payload/familynetmall.app/Base.lproj/Main.storyboardc/UINavigationController-yIa-gt-kSc.nib ... 
2026-04-30 07:10:14 +0000  4525 bytes for ./Payload/familynetmall.app/Base.lproj/Main.storyboardc/UINavigationController-yIa-gt-kSc.nib
2026-04-30 07:10:14 +0000  copying file ./Payload/familynetmall.app/Base.lproj/Main.storyboardc/GuideVC2.nib ... 
2026-04-30 07:10:14 +0000  967 bytes for ./Payload/familynetmall.app/Base.lproj/Main.storyboardc/GuideVC2.nib
2026-04-30 07:10:14 +0000  copying file ./Payload/familynetmall.app/Base.lproj/Main.storyboardc/GuideVC3.nib ... 
2026-04-30 07:10:14 +0000  967 bytes for ./Payload/familynetmall.app/Base.lproj/Main.storyboardc/GuideVC3.nib
2026-04-30 07:10:14 +0000  copying file ./Payload/familynetmall.app/Base.lproj/Main.storyboardc/UIViewController-s4P-tV-eny.nib ... 
2026-04-30 07:10:14 +0000  22575 bytes for ./Payload/familynetmall.app/Base.lproj/Main.storyboardc/UIViewController-s4P-tV-eny.nib
2026-04-30 07:10:14 +0000  copying file ./Payload/familynetmall.app/Base.lproj/Main.storyboardc/cUi-eZ-SMf-view-S3a-W0-wJl.nib ... 
2026-04-30 07:10:14 +0000  2607 bytes for ./Payload/familynetmall.app/Base.lproj/Main.storyboardc/cUi-eZ-SMf-view-S3a-W0-wJl.nib
2026-04-30 07:10:14 +0000  copying file ./Payload/familynetmall.app/Base.lproj/Main.storyboardc/GuideVC1.nib ... 
2026-04-30 07:10:14 +0000  967 bytes for ./Payload/familynetmall.app/Base.lproj/Main.storyboardc/GuideVC1.nib
2026-04-30 07:10:14 +0000  copying file ./Payload/familynetmall.app/Base.lproj/Main.storyboardc/i5V-As-P0w-view-zgP-PQ-Z21.nib ... 
2026-04-30 07:10:14 +0000  1840 bytes for ./Payload/familynetmall.app/Base.lproj/Main.storyboardc/i5V-As-P0w-view-zgP-PQ-Z21.nib
2026-04-30 07:10:14 +0000  copying file ./Payload/familynetmall.app/Base.lproj/Main.storyboardc/bXw-6F-EZc-view-Ofd-H8-0JV.nib ... 
2026-04-30 07:10:14 +0000  2593 bytes for ./Payload/familynetmall.app/Base.lproj/Main.storyboardc/bXw-6F-EZc-view-Ofd-H8-0JV.nib
2026-04-30 07:10:14 +0000  copying file ./Payload/familynetmall.app/Base.lproj/Main.storyboardc/kbv-XG-529-view-Nqq-zM-bjF.nib ... 
2026-04-30 07:10:14 +0000  2575 bytes for ./Payload/familynetmall.app/Base.lproj/Main.storyboardc/kbv-XG-529-view-Nqq-zM-bjF.nib
2026-04-30 07:10:14 +0000  copying file ./Payload/familynetmall.app/Base.lproj/Main.storyboardc/BYZ-38-t0r-view-8bC-Xf-vdC.nib ... 
2026-04-30 07:10:14 +0000  2667 bytes for ./Payload/familynetmall.app/Base.lproj/Main.storyboardc/BYZ-38-t0r-view-8bC-Xf-vdC.nib
2026-04-30 07:10:14 +0000  copying file ./Payload/familynetmall.app/Base.lproj/Main.storyboardc/aer-Ul-Ynq-view-dGY-Nd-eZP.nib ... 
2026-04-30 07:10:14 +0000  4580 bytes for ./Payload/familynetmall.app/Base.lproj/Main.storyboardc/aer-Ul-Ynq-view-dGY-Nd-eZP.nib
2026-04-30 07:10:14 +0000  copying file ./Payload/familynetmall.app/Base.lproj/Main.storyboardc/s4P-tV-eny-view-Kzz-nX-jyg.nib ... 
2026-04-30 07:10:14 +0000  5332 bytes for ./Payload/familynetmall.app/Base.lproj/Main.storyboardc/s4P-tV-eny-view-Kzz-nX-jyg.nib
2026-04-30 07:10:14 +0000  copying file ./Payload/familynetmall.app/Base.lproj/Main.storyboardc/z5a-0o-7r2-view-144-aI-YAa.nib ... 
2026-04-30 07:10:14 +0000  2597 bytes for ./Payload/familynetmall.app/Base.lproj/Main.storyboardc/z5a-0o-7r2-view-144-aI-YAa.nib
2026-04-30 07:10:14 +0000  copying file ./Payload/familynetmall.app/Base.lproj/Main.storyboardc/GuideSol3.nib ... 
2026-04-30 07:10:14 +0000  968 bytes for ./Payload/familynetmall.app/Base.lproj/Main.storyboardc/GuideSol3.nib
2026-04-30 07:10:14 +0000  copying file ./Payload/familynetmall.app/Base.lproj/Main.storyboardc/GuideSol2.nib ... 
2026-04-30 07:10:14 +0000  968 bytes for ./Payload/familynetmall.app/Base.lproj/Main.storyboardc/GuideSol2.nib
2026-04-30 07:10:14 +0000  copying file ./Payload/familynetmall.app/Base.lproj/Main.storyboardc/tXe-H5-cCb-view-DgF-Wi-Q0G.nib ... 
2026-04-30 07:10:14 +0000  2634 bytes for ./Payload/familynetmall.app/Base.lproj/Main.storyboardc/tXe-H5-cCb-view-DgF-Wi-Q0G.nib
2026-04-30 07:10:14 +0000  copying file ./Payload/familynetmall.app/Base.lproj/Main.storyboardc/GuideSol1.nib ... 
2026-04-30 07:10:14 +0000  968 bytes for ./Payload/familynetmall.app/Base.lproj/Main.storyboardc/GuideSol1.nib
2026-04-30 07:10:14 +0000  copying file ./Payload/familynetmall.app/Base.lproj/Main.storyboardc/JLc-NW-gZD-view-09x-xa-XJM.nib ... 
2026-04-30 07:10:14 +0000  2630 bytes for ./Payload/familynetmall.app/Base.lproj/Main.storyboardc/JLc-NW-gZD-view-09x-xa-XJM.nib
2026-04-30 07:10:14 +0000  copying file ./Payload/familynetmall.app/Base.lproj/Main.storyboardc/GuideSol4.nib ... 
2026-04-30 07:10:14 +0000  968 bytes for ./Payload/familynetmall.app/Base.lproj/Main.storyboardc/GuideSol4.nib
2026-04-30 07:10:14 +0000  copying file ./Payload/familynetmall.app/Base.lproj/Main.storyboardc/Info.plist ... 
2026-04-30 07:10:14 +0000  661 bytes for ./Payload/familynetmall.app/Base.lproj/Main.storyboardc/Info.plist
2026-04-30 07:10:14 +0000  copying file ./Payload/familynetmall.app/Base.lproj/Main.storyboardc/WebViewController.nib ... 
2026-04-30 07:10:14 +0000  1131 bytes for ./Payload/familynetmall.app/Base.lproj/Main.storyboardc/WebViewController.nib
2026-04-30 07:10:14 +0000  copying file ./Payload/familynetmall.app/Base.lproj/LaunchScreen.storyboardc/01J-lp-oVM-view-Ze5-6b-2t3.nib ... 
2026-04-30 07:10:14 +0000  1225 bytes for ./Payload/familynetmall.app/Base.lproj/LaunchScreen.storyboardc/01J-lp-oVM-view-Ze5-6b-2t3.nib
2026-04-30 07:10:14 +0000  copying file ./Payload/familynetmall.app/Base.lproj/LaunchScreen.storyboardc/UIViewController-01J-lp-oVM.nib ... 
2026-04-30 07:10:14 +0000  924 bytes for ./Payload/familynetmall.app/Base.lproj/LaunchScreen.storyboardc/UIViewController-01J-lp-oVM.nib
2026-04-30 07:10:14 +0000  copying file ./Payload/familynetmall.app/Base.lproj/LaunchScreen.storyboardc/Info.plist ... 
2026-04-30 07:10:14 +0000  258 bytes for ./Payload/familynetmall.app/Base.lproj/LaunchScreen.storyboardc/Info.plist
2026-04-30 07:10:14 +0000  copying file ./Payload/familynetmall.app/GoogleService-Info-Stg.plist ... 
2026-04-30 07:10:14 +0000  576 bytes for ./Payload/familynetmall.app/GoogleService-Info-Stg.plist
2026-04-30 07:10:14 +0000  copying file ./Payload/familynetmall.app/Assets.car ... 
2026-04-30 07:10:14 +0000  1521480 bytes for ./Payload/familynetmall.app/Assets.car
2026-04-30 07:10:14 +0000  copying file ./Payload/familynetmall.app/familynetmall ... 
2026-04-30 07:10:14 +0000  4499840 bytes for ./Payload/familynetmall.app/familynetmall
2026-04-30 07:10:14 +0000  copying file ./Payload/familynetmall.app/AppIcon76x76@2x~ipad.png ... 
9071 bytes for ./Payload/familynetmall.app/AppIcon76x76@2x~ipad.png
copying file ./Payload/familynetmall.app/TouchEn_AntiCapture_License.rsl ... 
1096 bytes for ./Payload/familynetmall.app/TouchEn_AntiCapture_License.rsl
copying file ./Payload/familynetmall.app/GoogleService-Info-Dev.plist ... 
581 bytes for ./Payload/familynetmall.app/GoogleService-Info-Dev.plist
2026-04-30 07:10:14 +0000  copying file ./Payload/familynetmall.app/Frameworks/TouchEn_AntiCapture.framework/_CodeSignature/CodeResources ... 
2026-04-30 07:10:14 +0000  8859 bytes for ./Payload/familynetmall.app/Frameworks/TouchEn_AntiCapture.framework/_CodeSignature/CodeResources
2026-04-30 07:10:14 +0000  copying file ./Payload/familynetmall.app/Frameworks/TouchEn_AntiCapture.framework/LICENSE ... 
2026-04-30 07:10:14 +0000  1481 bytes for ./Payload/familynetmall.app/Frameworks/TouchEn_AntiCapture.framework/LICENSE
copying file ./Payload/familynetmall.app/Frameworks/TouchEn_AntiCapture.framework/TouchEn_AntiCapture ... 
2026-04-30 07:10:14 +0000  507200 bytes for ./Payload/familynetmall.app/Frameworks/TouchEn_AntiCapture.framework/TouchEn_AntiCapture
2026-04-30 07:10:14 +0000  copying file ./Payload/familynetmall.app/Frameworks/TouchEn_AntiCapture.framework/GCDWebUploader.bundle/Contents/Resources/en.lproj/Localizable.strings ... 
2026-04-30 07:10:14 +0000  168 bytes for ./Payload/familynetmall.app/Frameworks/TouchEn_AntiCapture.framework/GCDWebUploader.bundle/Contents/Resources/en.lproj/Localizable.strings
2026-04-30 07:10:14 +0000  copying file ./Payload/familynetmall.app/Frameworks/TouchEn_AntiCapture.framework/GCDWebUploader.bundle/Contents/Resources/index.html ... 
2026-04-30 07:10:14 +0000  7938 bytes for ./Payload/familynetmall.app/Frameworks/TouchEn_AntiCapture.framework/GCDWebUploader.bundle/Contents/Resources/index.html
2026-04-30 07:10:14 +0000  copying file ./Payload/familynetmall.app/Frameworks/TouchEn_AntiCapture.framework/GCDWebUploader.bundle/Contents/Resources/css/bootstrap.css ... 
2026-04-30 07:10:14 +0000  121220 bytes for ./Payload/familynetmall.app/Frameworks/TouchEn_AntiCapture.framework/GCDWebUploader.bundle/Contents/Resources/css/bootstrap.css
2026-04-30 07:10:14 +0000  copying file ./Payload/familynetmall.app/Frameworks/TouchEn_AntiCapture.framework/GCDWebUploader.bundle/Contents/Resources/css/jquery.fileupload.css ... 
2026-04-30 07:10:14 +0000  655 bytes for ./Payload/familynetmall.app/Frameworks/TouchEn_AntiCapture.framework/GCDWebUploader.bundle/Contents/Resources/css/jquery.fileupload.css
2026-04-30 07:10:14 +0000  copying file ./Payload/familynetmall.app/Frameworks/TouchEn_AntiCapture.framework/GCDWebUploader.bundle/Contents/Resources/css/index.css ... 
2026-04-30 07:10:14 +0000  2696 bytes for ./Payload/familynetmall.app/Frameworks/TouchEn_AntiCapture.framework/GCDWebUploader.bundle/Contents/Resources/css/index.css
2026-04-30 07:10:14 +0000  copying file ./Payload/familynetmall.app/Frameworks/TouchEn_AntiCapture.framework/GCDWebUploader.bundle/Contents/Resources/css/bootstrap-theme.css ... 
2026-04-30 07:10:14 +0000  14936 bytes for ./Payload/familynetmall.app/Frameworks/TouchEn_AntiCapture.framework/GCDWebUploader.bundle/Contents/Resources/css/bootstrap-theme.css
2026-04-30 07:10:14 +0000  copying file ./Payload/familynetmall.app/Frameworks/TouchEn_AntiCapture.framework/GCDWebUploader.bundle/Contents/Resources/js/jquery.ui.widget.js ... 
2026-04-30 07:10:14 +0000  15085 bytes for ./Payload/familynetmall.app/Frameworks/TouchEn_AntiCapture.framework/GCDWebUploader.bundle/Contents/Resources/js/jquery.ui.widget.js
2026-04-30 07:10:14 +0000  copying file ./Payload/familynetmall.app/Frameworks/TouchEn_AntiCapture.framework/GCDWebUploader.bundle/Contents/Resources/js/respond.min.js ... 
2026-04-30 07:10:14 +0000  4377 bytes for ./Payload/familynetmall.app/Frameworks/TouchEn_AntiCapture.framework/GCDWebUploader.bundle/Contents/Resources/js/respond.min.js
2026-04-30 07:10:14 +0000  copying file ./Payload/familynetmall.app/Frameworks/TouchEn_AntiCapture.framework/GCDWebUploader.bundle/Contents/Resources/js/jquery.fileupload.js ... 
2026-04-30 07:10:14 +0000  61692 bytes for ./Payload/familynetmall.app/Frameworks/TouchEn_AntiCapture.framework/GCDWebUploader.bundle/Contents/Resources/js/jquery.fileupload.js
2026-04-30 07:10:14 +0000  copying file ./Payload/familynetmall.app/Frameworks/TouchEn_AntiCapture.framework/GCDWebUploader.bundle/Contents/Resources/js/index.js ... 
2026-04-30 07:10:14 +0000  9581 bytes for ./Payload/familynetmall.app/Frameworks/TouchEn_AntiCapture.framework/GCDWebUploader.bundle/Contents/Resources/js/index.js
2026-04-30 07:10:14 +0000  copying file ./Payload/familynetmall.app/Frameworks/TouchEn_AntiCapture.framework/GCDWebUploader.bundle/Contents/Resources/js/jquery.min.js ... 
2026-04-30 07:10:14 +0000  96381 bytes for ./Payload/familynetmall.app/Frameworks/TouchEn_AntiCapture.framework/GCDWebUploader.bundle/Contents/Resources/js/jquery.min.js
2026-04-30 07:10:14 +0000  copying file ./Payload/familynetmall.app/Frameworks/TouchEn_AntiCapture.framework/GCDWebUploader.bundle/Contents/Resources/js/bootstrap.min.js ... 
2026-04-30 07:10:14 +0000  29110 bytes for ./Payload/familynetmall.app/Frameworks/TouchEn_AntiCapture.framework/GCDWebUploader.bundle/Contents/Resources/js/bootstrap.min.js
2026-04-30 07:10:14 +0000  copying file ./Payload/familynetmall.app/Frameworks/TouchEn_AntiCapture.framework/GCDWebUploader.bundle/Contents/Resources/js/tmpl.min.js ... 
2026-04-30 07:10:14 +0000  977 bytes for ./Payload/familynetmall.app/Frameworks/TouchEn_AntiCapture.framework/GCDWebUploader.bundle/Contents/Resources/js/tmpl.min.js
2026-04-30 07:10:14 +0000  copying file ./Payload/familynetmall.app/Frameworks/TouchEn_AntiCapture.framework/GCDWebUploader.bundle/Contents/Resources/js/html5shiv.min.js ... 
2026-04-30 07:10:14 +0000  2429 bytes for ./Payload/familynetmall.app/Frameworks/TouchEn_AntiCapture.framework/GCDWebUploader.bundle/Contents/Resources/js/html5shiv.min.js
2026-04-30 07:10:14 +0000  copying file ./Payload/familynetmall.app/Frameworks/TouchEn_AntiCapture.framework/GCDWebUploader.bundle/Contents/Resources/js/jquery.jeditable.js ... 
2026-04-30 07:10:14 +0000  24496 bytes for ./Payload/familynetmall.app/Frameworks/TouchEn_AntiCapture.framework/GCDWebUploader.bundle/Contents/Resources/js/jquery.jeditable.js
2026-04-30 07:10:14 +0000  copying file ./Payload/familynetmall.app/Frameworks/TouchEn_AntiCapture.framework/GCDWebUploader.bundle/Contents/Resources/js/jquery.iframe-transport.js ... 
2026-04-30 07:10:14 +0000  10612 bytes for ./Payload/familynetmall.app/Frameworks/TouchEn_AntiCapture.framework/GCDWebUploader.bundle/Contents/Resources/js/jquery.iframe-transport.js
2026-04-30 07:10:14 +0000  copying file ./Payload/familynetmall.app/Frameworks/TouchEn_AntiCapture.framework/GCDWebUploader.bundle/Contents/Info.plist ... 
2026-04-30 07:10:14 +0000  126 bytes for ./Payload/familynetmall.app/Frameworks/TouchEn_AntiCapture.framework/GCDWebUploader.bundle/Contents/Info.plist
2026-04-30 07:10:14 +0000  copying file ./Payload/familynetmall.app/Frameworks/TouchEn_AntiCapture.framework/README.md ... 
2026-04-30 07:10:14 +0000  27194 bytes for ./Payload/familynetmall.app/Frameworks/TouchEn_AntiCapture.framework/README.md
2026-04-30 07:10:14 +0000  copying file ./Payload/familynetmall.app/Frameworks/TouchEn_AntiCapture.framework/Info.plist ... 
2026-04-30 07:10:14 +0000  845 bytes for ./Payload/familynetmall.app/Frameworks/TouchEn_AntiCapture.framework/Info.plist
2026-04-30 07:10:14 +0000  copying file ./Payload/familynetmall.app/Frameworks/GoogleAppMeasurement.framework/_CodeSignature/CodeResources ... 
2026-04-30 07:10:14 +0000  1798 bytes for ./Payload/familynetmall.app/Frameworks/GoogleAppMeasurement.framework/_CodeSignature/CodeResources
2026-04-30 07:10:14 +0000  copying file ./Payload/familynetmall.app/Frameworks/GoogleAppMeasurement.framework/GoogleAppMeasurement ... 
2026-04-30 07:10:14 +0000  51408 bytes for ./Payload/familynetmall.app/Frameworks/GoogleAppMeasurement.framework/GoogleAppMeasurement
2026-04-30 07:10:14 +0000  copying file ./Payload/familynetmall.app/Frameworks/GoogleAppMeasurement.framework/Info.plist ... 
2026-04-30 07:10:14 +0000  647 bytes for ./Payload/familynetmall.app/Frameworks/GoogleAppMeasurement.framework/Info.plist
2026-04-30 07:10:14 +0000  copying file ./Payload/familynetmall.app/Frameworks/FirebaseAnalytics.framework/_CodeSignature/CodeResources ... 
2026-04-30 07:10:14 +0000  1798 bytes for ./Payload/familynetmall.app/Frameworks/FirebaseAnalytics.framework/_CodeSignature/CodeResources
2026-04-30 07:10:14 +0000  copying file ./Payload/familynetmall.app/Frameworks/FirebaseAnalytics.framework/FirebaseAnalytics ... 
2026-04-30 07:10:14 +0000  51408 bytes for ./Payload/familynetmall.app/Frameworks/FirebaseAnalytics.framework/FirebaseAnalytics
2026-04-30 07:10:14 +0000  copying file ./Payload/familynetmall.app/Frameworks/FirebaseAnalytics.framework/Info.plist ... 
2026-04-30 07:10:14 +0000  638 bytes for ./Payload/familynetmall.app/Frameworks/FirebaseAnalytics.framework/Info.plist
2026-04-30 07:10:14 +0000  copying file ./Payload/familynetmall.app/Frameworks/GoogleAppMeasurementIdentitySupport.framework/_CodeSignature/CodeResources ... 
2026-04-30 07:10:14 +0000  1798 bytes for ./Payload/familynetmall.app/Frameworks/GoogleAppMeasurementIdentitySupport.framework/_CodeSignature/CodeResources
2026-04-30 07:10:14 +0000  copying file ./Payload/familynetmall.app/Frameworks/GoogleAppMeasurementIdentitySupport.framework/GoogleAppMeasurementIdentitySupport ... 
2026-04-30 07:10:14 +0000  51440 bytes for ./Payload/familynetmall.app/Frameworks/GoogleAppMeasurementIdentitySupport.framework/GoogleAppMeasurementIdentitySupport
2026-04-30 07:10:14 +0000  copying file ./Payload/familynetmall.app/Frameworks/GoogleAppMeasurementIdentitySupport.framework/Info.plist ... 
2026-04-30 07:10:14 +0000  692 bytes for ./Payload/familynetmall.app/Frameworks/GoogleAppMeasurementIdentitySupport.framework/Info.plist
2026-04-30 07:10:14 +0000  copying file ./Payload/familynetmall.app/Frameworks/RSLicenseSDK.framework/_CodeSignature/CodeResources ... 
2026-04-30 07:10:14 +0000  2102 bytes for ./Payload/familynetmall.app/Frameworks/RSLicenseSDK.framework/_CodeSignature/CodeResources
2026-04-30 07:10:14 +0000  copying file ./Payload/familynetmall.app/Frameworks/RSLicenseSDK.framework/Acknowledgements.md ... 
2026-04-30 07:10:14 +0000  5887 bytes for ./Payload/familynetmall.app/Frameworks/RSLicenseSDK.framework/Acknowledgements.md
2026-04-30 07:10:14 +0000  copying file ./Payload/familynetmall.app/Frameworks/RSLicenseSDK.framework/RSLicenseSDK ... 
2026-04-30 07:10:14 +0000  857360 bytes for ./Payload/familynetmall.app/Frameworks/RSLicenseSDK.framework/RSLicenseSDK
2026-04-30 07:10:14 +0000  copying file ./Payload/familynetmall.app/Frameworks/RSLicenseSDK.framework/Info.plist ... 
2026-04-30 07:10:14 +0000  709 bytes for ./Payload/familynetmall.app/Frameworks/RSLicenseSDK.framework/Info.plist
2026-04-30 07:10:14 +0000  copying file ./Payload/familynetmall.app/embedded.mobileprovision ... 
2026-04-30 07:10:14 +0000  12437 bytes for ./Payload/familynetmall.app/embedded.mobileprovision
2026-04-30 07:10:14 +0000  copying file ./Payload/familynetmall.app/Info.plist ... 
2026-04-30 07:10:14 +0000  3013 bytes for ./Payload/familynetmall.app/Info.plist
2026-04-30 07:10:14 +0000  copying file ./Payload/familynetmall.app/PkgInfo ... 
2026-04-30 07:10:14 +0000  8 bytes for ./Payload/familynetmall.app/PkgInfo
2026-04-30 07:10:14 +0000  /usr/bin/ditto exited with 0
2026-04-30 07:10:14 +0000  Processing step: IDEDistributionAppStoreInformationStep
2026-04-30 07:10:14 +0000  Skipping step: IDEDistributionAppStoreInformationStep because it said so
2026-04-30 07:10:14 +0000  Processing step: IDEDistributionGenerateProcessedDistributionItems
2026-04-30 07:10:14 +0000  IDEDistributionItem init <DVTFilePath:0xbdad25dc0:'/var/folders/4x/d81_590j6m5677fzyww419kr0000gn/T/XcodeDistPipeline.~~~2O3lng/Root/Payload/familynetmall.app/PlugIns/prdNotiService.appex'>
2026-04-30 07:10:14 +0000  IDEDistributionItem init <DVTFilePath:0xbdb859110:'/var/folders/4x/d81_590j6m5677fzyww419kr0000gn/T/XcodeDistPipeline.~~~2O3lng/Root/Payload/familynetmall.app/Frameworks/TouchEn_AntiCapture.framework'>
2026-04-30 07:10:14 +0000  IDEDistributionItem init <DVTFilePath:0xbdb858310:'/var/folders/4x/d81_590j6m5677fzyww419kr0000gn/T/XcodeDistPipeline.~~~2O3lng/Root/Payload/familynetmall.app/Frameworks/GoogleAppMeasurement.framework'>
2026-04-30 07:10:14 +0000  IDEDistributionItem init <DVTFilePath:0xb9b4f7880:'/var/folders/4x/d81_590j6m5677fzyww419kr0000gn/T/XcodeDistPipeline.~~~2O3lng/Root/Payload/familynetmall.app/Frameworks/GoogleAppMeasurementIdentitySupport.framework'>
2026-04-30 07:10:14 +0000  IDEDistributionItem init <DVTFilePath:0xbdb8596c0:'/var/folders/4x/d81_590j6m5677fzyww419kr0000gn/T/XcodeDistPipeline.~~~2O3lng/Root/Payload/familynetmall.app/Frameworks/RSLicenseSDK.framework'>
2026-04-30 07:10:14 +0000  IDEDistributionItem init <DVTFilePath:0xbdb85bf70:'/var/folders/4x/d81_590j6m5677fzyww419kr0000gn/T/XcodeDistPipeline.~~~2O3lng/Root/Payload/familynetmall.app/Frameworks/FirebaseAnalytics.framework'>
2026-04-30 07:10:14 +0000  IDEDistributionItem init <DVTFilePath:0xbdad25030:'/var/folders/4x/d81_590j6m5677fzyww419kr0000gn/T/XcodeDistPipeline.~~~2O3lng/Root/Payload/familynetmall.app'>
2026-04-30 07:10:14 +0000  Processing step: IDEDistributionCreateManifestStep
