2026-05-15 04:13:15 +0000  Initial pipeline context: <IDEDistributionProcessingPipelineContext: 0xbc0a07600; archive(resolved)="<IDEArchive: 0xbc2740af0>", distributionTask(resolved)="2", distributionDestination(resolved)="1", distributionMethod(resolved)="<IDEDistributionMethodiOSAdHoc: 0xbc6dc03c0>", team(resolved)="<IDEProvisioningDisambiguatableBasicTeam: 0xbed4d0740; teamID='7CAAQRL44H', teamName='Myoung Han Yoo', teamType='Individual', username='famous.developer81@gmail.com', isFreeProvisioningTeam='0'>">
	Chain (16, self inclusive):
	<IDEDistributionProcessingPipelineContext: 0xbc0a07600; archive = "<IDEArchive: 0xbc2740af0>", distributionMethod="<IDEDistributionMethodiOSAdHoc: 0xbc6dc03c0>", team="<IDEProvisioningDisambiguatableBasicTeam: 0xbed4d0740; teamID='7CAAQRL44H', teamName='Myoung Han Yoo', teamType='Individual', username='famous.developer81@gmail.com', isFreeProvisioningTeam='0'>">
	<IDEDistributionProcessingPipelineContext: 0xbc0a06d00; archive = "<IDEArchive: 0xbc2740af0>", distributionMethod="<IDEDistributionMethodiOSAdHoc: 0xbc6dc03c0>", team="<IDEProvisioningDisambiguatableBasicTeam: 0xbed4d0740; teamID='7CAAQRL44H', teamName='Myoung Han Yoo', teamType='Individual', username='famous.developer81@gmail.com', isFreeProvisioningTeam='0'>">
	<IDEDistributionContext: 0xbd0768500; archive = "<IDEArchive: 0xbc2740af0>", distributionMethod="<IDEDistributionMethodiOSAdHoc: 0xbc6dc03c0>", team="<IDEProvisioningDisambiguatableBasicTeam: 0xbed4d0740; teamID='7CAAQRL44H', teamName='Myoung Han Yoo', teamType='Individual', username='famous.developer81@gmail.com', isFreeProvisioningTeam='0'>">
	<IDEDistributionContext: 0xbc0966d00; archive = "<IDEArchive: 0xbc2740af0>", distributionMethod="<IDEDistributionMethodiOSAdHoc: 0xbc6dc03c0>", team="<IDEProvisioningDisambiguatableBasicTeam: 0xbed4d0740; teamID='7CAAQRL44H', teamName='Myoung Han Yoo', teamType='Individual', username='famous.developer81@gmail.com', isFreeProvisioningTeam='0'>">
	<IDEDistributionContext: 0xbc0966a80; archive = "<IDEArchive: 0xbc2740af0>", distributionMethod="<IDEDistributionMethodiOSAdHoc: 0xbc6dc03c0>", team="<IDEProvisioningDisambiguatableBasicTeam: 0xbed4d0740; teamID='7CAAQRL44H', teamName='Myoung Han Yoo', teamType='Individual', username='famous.developer81@gmail.com', isFreeProvisioningTeam='0'>">
	<IDEDistributionContext: 0xbc0966800; archive = "<IDEArchive: 0xbc2740af0>", distributionMethod="<IDEDistributionMethodiOSAdHoc: 0xbc6dc03c0>", team="<IDEProvisioningDisambiguatableBasicTeam: 0xbed4d0740; teamID='7CAAQRL44H', teamName='Myoung Han Yoo', teamType='Individual', username='famous.developer81@gmail.com', isFreeProvisioningTeam='0'>">
	<IDEDistributionContext: 0xbc0965e00; archive = "<IDEArchive: 0xbc2740af0>", distributionMethod="<IDEDistributionMethodiOSAdHoc: 0xbc6dc03c0>", team="<IDEProvisioningDisambiguatableBasicTeam: 0xbed4d0740; teamID='7CAAQRL44H', teamName='Myoung Han Yoo', teamType='Individual', username='famous.developer81@gmail.com', isFreeProvisioningTeam='0'>">
	<IDEDistributionContext: 0xbc0964f00; archive = "<IDEArchive: 0xbc2740af0>", distributionMethod="<IDEDistributionMethodiOSAdHoc: 0xbc6dc03c0>", team="<IDEProvisioningDisambiguatableBasicTeam: 0xbed4d0740; teamID='7CAAQRL44H', teamName='Myoung Han Yoo', teamType='Individual', username='famous.developer81@gmail.com', isFreeProvisioningTeam='0'>">
	<IDEDistributionContext: 0xbc0964280; archive = "<IDEArchive: 0xbc2740af0>", distributionMethod="<IDEDistributionMethodiOSAdHoc: 0xbc6dc03c0>", team="<IDEProvisioningDisambiguatableBasicTeam: 0xbed4d0740; teamID='7CAAQRL44H', teamName='Myoung Han Yoo', teamType='Individual', username='famous.developer81@gmail.com', isFreeProvisioningTeam='0'>">
	<IDEDistributionContext: 0xbc0965400; archive = "<IDEArchive: 0xbc2740af0>", distributionMethod="<IDEDistributionMethodiOSAdHoc: 0xbc6dc03c0>", team="(null)">
	<IDEDistributionContext: 0xbc0964000; archive = "<IDEArchive: 0xbc2740af0>", distributionMethod="<IDEDistributionMethodiOSAdHoc: 0xbc6dc03c0>", team="(null)">
	<IDEDistributionContext: 0xbc0965180; archive = "<IDEArchive: 0xbc2740af0>", distributionMethod="<IDEDistributionMethodiOSAdHoc: 0xbc6dc03c0>", team="(null)">
	<IDEDistributionContext: 0xbc0965b80; archive = "<IDEArchive: 0xbc2740af0>", distributionMethod="<IDEDistributionMethodiOSAdHoc: 0xbc6dc03c0>", team="(null)">
	<IDEDistributionContext: 0xbc0966080; archive = "<IDEArchive: 0xbc2740af0>", distributionMethod="(null)", team="(null)">
	<IDEDistributionContext: 0xbc0936300; archive = "<IDEArchive: 0xbc2740af0>", distributionMethod="(null)", team="(null)">
	<IDEDistributionContext: 0xbc0937c00; archive = "<IDEArchive: 0xbc2740af0>", distributionMethod="(null)", team="(null)">
</IDEDistributionProcessingPipelineContext: 0xbc0a07600>
2026-05-15 04:13:15 +0000  Processing step: IDEDistributionCreateDestRootStep
2026-05-15 04:13:15 +0000  Processing step: IDEDistributionCopyItemStep
2026-05-15 04:13:15 +0000  Running /usr/bin/ditto '-V' '/Users/famous/Library/Developer/Xcode/Archives/2026-05-15/familynetmall stg 5-15-26, 1.12 PM.xcarchive/Products/Applications/familynetmall stg.app' '/var/folders/4x/d81_590j6m5677fzyww419kr0000gn/T/XcodeDistPipeline.~~~StjlHa/Root/Payload/familynetmall stg.app'
2026-05-15 04:13:15 +0000  >>> Copying /Users/famous/Library/Developer/Xcode/Archives/2026-05-15/familynetmall stg 5-15-26, 1.12 PM.xcarchive/Products/Applications/familynetmall stg.app 
2026-05-15 04:13:15 +0000  copying file ./_CodeSignature/CodeResources ... 
2026-05-15 04:13:15 +0000  28022 bytes for ./_CodeSignature/CodeResources
2026-05-15 04:13:15 +0000  copying file ./familynetmall stg ... 
2026-05-15 04:13:15 +0000  4509584 bytes for ./familynetmall stg
copying file ./samsung_one_korean_700.ttf ... 
2026-05-15 04:13:15 +0000  3651976 bytes for ./samsung_one_korean_700.ttf
2026-05-15 04:13:15 +0000  copying file ./samsung_sharpsans_bold.ttf ... 
2026-05-15 04:13:15 +0000  219252 bytes for ./samsung_sharpsans_bold.ttf
2026-05-15 04:13:15 +0000  copying file ./Setting.storyboardc/vkP-RF-CPS-view-2ea-2Q-hl1.nib ... 
2026-05-15 04:13:15 +0000  5033 bytes for ./Setting.storyboardc/vkP-RF-CPS-view-2ea-2Q-hl1.nib
2026-05-15 04:13:15 +0000  copying file ./Setting.storyboardc/7LQ-eo-VKq-view-Mn7-CO-3th.nib ... 
2026-05-15 04:13:15 +0000  14395 bytes for ./Setting.storyboardc/7LQ-eo-VKq-view-Mn7-CO-3th.nib
2026-05-15 04:13:15 +0000  copying file ./Setting.storyboardc/OpenSourceVC.nib ... 
2026-05-15 04:13:15 +0000  1128 bytes for ./Setting.storyboardc/OpenSourceVC.nib
2026-05-15 04:13:15 +0000  copying file ./Setting.storyboardc/Info.plist ... 
2026-05-15 04:13:15 +0000  169 bytes for ./Setting.storyboardc/Info.plist
2026-05-15 04:13:15 +0000  copying file ./Setting.storyboardc/SettingVC.nib ... 
2026-05-15 04:13:15 +0000  29049 bytes for ./Setting.storyboardc/SettingVC.nib
2026-05-15 04:13:15 +0000  copying file ./PlugIns/stgNotiService.appex/_CodeSignature/CodeResources ... 
2026-05-15 04:13:15 +0000  2040 bytes for ./PlugIns/stgNotiService.appex/_CodeSignature/CodeResources
2026-05-15 04:13:15 +0000  copying file ./PlugIns/stgNotiService.appex/stgNotiService ... 
2026-05-15 04:13:15 +0000  91760 bytes for ./PlugIns/stgNotiService.appex/stgNotiService
2026-05-15 04:13:15 +0000  copying file ./PlugIns/stgNotiService.appex/embedded.mobileprovision ... 
2026-05-15 04:13:15 +0000  15117 bytes for ./PlugIns/stgNotiService.appex/embedded.mobileprovision
copying file ./PlugIns/stgNotiService.appex/Info.plist ... 
2026-05-15 04:13:15 +0000  973 bytes for ./PlugIns/stgNotiService.appex/Info.plist
2026-05-15 04:13:15 +0000  copying file ./AppIcon60x60@2x.png ... 
2026-05-15 04:13:15 +0000  7308 bytes for ./AppIcon60x60@2x.png
2026-05-15 04:13:15 +0000  copying file ./Alert.storyboardc/Y6W-OH-hqX-view-5EZ-qb-Rvc.nib ... 
2026-05-15 04:13:15 +0000  9484 bytes for ./Alert.storyboardc/Y6W-OH-hqX-view-5EZ-qb-Rvc.nib
2026-05-15 04:13:15 +0000  copying file ./Alert.storyboardc/BasicAlertVC.nib ... 
2026-05-15 04:13:15 +0000  12342 bytes for ./Alert.storyboardc/BasicAlertVC.nib
2026-05-15 04:13:15 +0000  copying file ./Alert.storyboardc/Info.plist ... 
2026-05-15 04:13:15 +0000  145 bytes for ./Alert.storyboardc/Info.plist
copying file ./samsung_one_korean_400.ttf ... 
2026-05-15 04:13:15 +0000  3590680 bytes for ./samsung_one_korean_400.ttf
copying file ./GoogleService-Info.plist ... 
2026-05-15 04:13:15 +0000  566 bytes for ./GoogleService-Info.plist
2026-05-15 04:13:15 +0000  copying file ./Base.lproj/Main.storyboardc/Q3U-I2-mrL-view-3XK-Gd-MrI.nib ... 
2026-05-15 04:13:15 +0000  2579 bytes for ./Base.lproj/Main.storyboardc/Q3U-I2-mrL-view-3XK-Gd-MrI.nib
copying file ./Base.lproj/Main.storyboardc/UIViewController-qc6-ce-ko2.nib ... 
2026-05-15 04:13:15 +0000  1371 bytes for ./Base.lproj/Main.storyboardc/UIViewController-qc6-ce-ko2.nib
2026-05-15 04:13:15 +0000  copying file ./Base.lproj/Main.storyboardc/PopupVC.nib ... 
2026-05-15 04:13:15 +0000  1042 bytes for ./Base.lproj/Main.storyboardc/PopupVC.nib
copying file ./Base.lproj/Main.storyboardc/qc6-ce-ko2-view-zfn-k4-gxh.nib ... 
2026-05-15 04:13:15 +0000  10849 bytes for ./Base.lproj/Main.storyboardc/qc6-ce-ko2-view-zfn-k4-gxh.nib
2026-05-15 04:13:15 +0000  copying file ./Base.lproj/Main.storyboardc/UINavigationController-yIa-gt-kSc.nib ... 
2026-05-15 04:13:15 +0000  4537 bytes for ./Base.lproj/Main.storyboardc/UINavigationController-yIa-gt-kSc.nib
2026-05-15 04:13:15 +0000  copying file ./Base.lproj/Main.storyboardc/GuideVC2.nib ... 
2026-05-15 04:13:15 +0000  967 bytes for ./Base.lproj/Main.storyboardc/GuideVC2.nib
2026-05-15 04:13:15 +0000  copying file ./Base.lproj/Main.storyboardc/GuideVC3.nib ... 
2026-05-15 04:13:15 +0000  967 bytes for ./Base.lproj/Main.storyboardc/GuideVC3.nib
2026-05-15 04:13:15 +0000  copying file ./Base.lproj/Main.storyboardc/UIViewController-s4P-tV-eny.nib ... 
2026-05-15 04:13:15 +0000  22587 bytes for ./Base.lproj/Main.storyboardc/UIViewController-s4P-tV-eny.nib
2026-05-15 04:13:15 +0000  copying file ./Base.lproj/Main.storyboardc/cUi-eZ-SMf-view-S3a-W0-wJl.nib ... 
2026-05-15 04:13:15 +0000  2607 bytes for ./Base.lproj/Main.storyboardc/cUi-eZ-SMf-view-S3a-W0-wJl.nib
copying file ./Base.lproj/Main.storyboardc/GuideVC1.nib ... 
2026-05-15 04:13:15 +0000  967 bytes for ./Base.lproj/Main.storyboardc/GuideVC1.nib
2026-05-15 04:13:15 +0000  copying file ./Base.lproj/Main.storyboardc/i5V-As-P0w-view-zgP-PQ-Z21.nib ... 
2026-05-15 04:13:15 +0000  1840 bytes for ./Base.lproj/Main.storyboardc/i5V-As-P0w-view-zgP-PQ-Z21.nib
2026-05-15 04:13:15 +0000  copying file ./Base.lproj/Main.storyboardc/bXw-6F-EZc-view-Ofd-H8-0JV.nib ... 
2026-05-15 04:13:15 +0000  2593 bytes for ./Base.lproj/Main.storyboardc/bXw-6F-EZc-view-Ofd-H8-0JV.nib
2026-05-15 04:13:15 +0000  copying file ./Base.lproj/Main.storyboardc/kbv-XG-529-view-Nqq-zM-bjF.nib ... 
2026-05-15 04:13:15 +0000  2575 bytes for ./Base.lproj/Main.storyboardc/kbv-XG-529-view-Nqq-zM-bjF.nib
2026-05-15 04:13:15 +0000  copying file ./Base.lproj/Main.storyboardc/BYZ-38-t0r-view-8bC-Xf-vdC.nib ... 
2026-05-15 04:13:15 +0000  2667 bytes for ./Base.lproj/Main.storyboardc/BYZ-38-t0r-view-8bC-Xf-vdC.nib
2026-05-15 04:13:15 +0000  copying file ./Base.lproj/Main.storyboardc/aer-Ul-Ynq-view-dGY-Nd-eZP.nib ... 
2026-05-15 04:13:15 +0000  4580 bytes for ./Base.lproj/Main.storyboardc/aer-Ul-Ynq-view-dGY-Nd-eZP.nib
2026-05-15 04:13:15 +0000  copying file ./Base.lproj/Main.storyboardc/s4P-tV-eny-view-Kzz-nX-jyg.nib ... 
2026-05-15 04:13:15 +0000  5336 bytes for ./Base.lproj/Main.storyboardc/s4P-tV-eny-view-Kzz-nX-jyg.nib
copying file ./Base.lproj/Main.storyboardc/z5a-0o-7r2-view-144-aI-YAa.nib ... 
2026-05-15 04:13:15 +0000  2597 bytes for ./Base.lproj/Main.storyboardc/z5a-0o-7r2-view-144-aI-YAa.nib
2026-05-15 04:13:15 +0000  copying file ./Base.lproj/Main.storyboardc/GuideSol3.nib ... 
2026-05-15 04:13:15 +0000  968 bytes for ./Base.lproj/Main.storyboardc/GuideSol3.nib
copying file ./Base.lproj/Main.storyboardc/GuideSol2.nib ... 
968 bytes for ./Base.lproj/Main.storyboardc/GuideSol2.nib
copying file ./Base.lproj/Main.storyboardc/tXe-H5-cCb-view-DgF-Wi-Q0G.nib ... 
2634 bytes for ./Base.lproj/Main.storyboardc/tXe-H5-cCb-view-DgF-Wi-Q0G.nib
copying file ./Base.lproj/Main.storyboardc/GuideSol1.nib ... 
968 bytes for ./Base.lproj/Main.storyboardc/GuideSol1.nib
copying file ./Base.lproj/Main.storyboardc/JLc-NW-gZD-view-09x-xa-XJM.nib ... 
2026-05-15 04:13:15 +0000  2630 bytes for ./Base.lproj/Main.storyboardc/JLc-NW-gZD-view-09x-xa-XJM.nib
copying file ./Base.lproj/Main.storyboardc/GuideSol4.nib ... 
968 bytes for ./Base.lproj/Main.storyboardc/GuideSol4.nib
copying file ./Base.lproj/Main.storyboardc/Info.plist ... 
2026-05-15 04:13:15 +0000  661 bytes for ./Base.lproj/Main.storyboardc/Info.plist
copying file ./Base.lproj/Main.storyboardc/WebViewController.nib ... 
2026-05-15 04:13:15 +0000  1135 bytes for ./Base.lproj/Main.storyboardc/WebViewController.nib
2026-05-15 04:13:15 +0000  copying file ./Base.lproj/LaunchScreen.storyboardc/01J-lp-oVM-view-Ze5-6b-2t3.nib ... 
2026-05-15 04:13:15 +0000  1225 bytes for ./Base.lproj/LaunchScreen.storyboardc/01J-lp-oVM-view-Ze5-6b-2t3.nib
copying file ./Base.lproj/LaunchScreen.storyboardc/UIViewController-01J-lp-oVM.nib ... 
2026-05-15 04:13:15 +0000  924 bytes for ./Base.lproj/LaunchScreen.storyboardc/UIViewController-01J-lp-oVM.nib
copying file ./Base.lproj/LaunchScreen.storyboardc/Info.plist ... 
2026-05-15 04:13:15 +0000  258 bytes for ./Base.lproj/LaunchScreen.storyboardc/Info.plist
2026-05-15 04:13:15 +0000  copying file ./GoogleService-Info-Stg.plist ... 
2026-05-15 04:13:15 +0000  576 bytes for ./GoogleService-Info-Stg.plist
2026-05-15 04:13:15 +0000  copying file ./Assets.car ... 
2026-05-15 04:13:15 +0000  1521480 bytes for ./Assets.car
copying file ./AppIcon76x76@2x~ipad.png ... 
2026-05-15 04:13:15 +0000  9071 bytes for ./AppIcon76x76@2x~ipad.png
copying file ./TouchEn_AntiCapture_License.rsl ... 
2026-05-15 04:13:15 +0000  1096 bytes for ./TouchEn_AntiCapture_License.rsl
copying file ./GoogleService-Info-Dev.plist ... 
2026-05-15 04:13:15 +0000  581 bytes for ./GoogleService-Info-Dev.plist
2026-05-15 04:13:15 +0000  copying file ./Frameworks/TouchEn_AntiCapture.framework/_CodeSignature/CodeResources ... 
2026-05-15 04:13:15 +0000  8859 bytes for ./Frameworks/TouchEn_AntiCapture.framework/_CodeSignature/CodeResources
2026-05-15 04:13:15 +0000  copying file ./Frameworks/TouchEn_AntiCapture.framework/LICENSE ... 
2026-05-15 04:13:15 +0000  1481 bytes for ./Frameworks/TouchEn_AntiCapture.framework/LICENSE
copying file ./Frameworks/TouchEn_AntiCapture.framework/TouchEn_AntiCapture ... 
2026-05-15 04:13:15 +0000  511824 bytes for ./Frameworks/TouchEn_AntiCapture.framework/TouchEn_AntiCapture
2026-05-15 04:13:15 +0000  copying file ./Frameworks/TouchEn_AntiCapture.framework/GCDWebUploader.bundle/Contents/Resources/en.lproj/Localizable.strings ... 
2026-05-15 04:13:15 +0000  168 bytes for ./Frameworks/TouchEn_AntiCapture.framework/GCDWebUploader.bundle/Contents/Resources/en.lproj/Localizable.strings
copying file ./Frameworks/TouchEn_AntiCapture.framework/GCDWebUploader.bundle/Contents/Resources/index.html ... 
2026-05-15 04:13:15 +0000  7938 bytes for ./Frameworks/TouchEn_AntiCapture.framework/GCDWebUploader.bundle/Contents/Resources/index.html
2026-05-15 04:13:15 +0000  copying file ./Frameworks/TouchEn_AntiCapture.framework/GCDWebUploader.bundle/Contents/Resources/css/bootstrap.css ... 
2026-05-15 04:13:15 +0000  121220 bytes for ./Frameworks/TouchEn_AntiCapture.framework/GCDWebUploader.bundle/Contents/Resources/css/bootstrap.css
copying file ./Frameworks/TouchEn_AntiCapture.framework/GCDWebUploader.bundle/Contents/Resources/css/jquery.fileupload.css ... 
2026-05-15 04:13:15 +0000  655 bytes for ./Frameworks/TouchEn_AntiCapture.framework/GCDWebUploader.bundle/Contents/Resources/css/jquery.fileupload.css
copying file ./Frameworks/TouchEn_AntiCapture.framework/GCDWebUploader.bundle/Contents/Resources/css/index.css ... 
2696 bytes for ./Frameworks/TouchEn_AntiCapture.framework/GCDWebUploader.bundle/Contents/Resources/css/index.css
copying file ./Frameworks/TouchEn_AntiCapture.framework/GCDWebUploader.bundle/Contents/Resources/css/bootstrap-theme.css ... 
2026-05-15 04:13:15 +0000  14936 bytes for ./Frameworks/TouchEn_AntiCapture.framework/GCDWebUploader.bundle/Contents/Resources/css/bootstrap-theme.css
copying file ./Frameworks/TouchEn_AntiCapture.framework/GCDWebUploader.bundle/Contents/Resources/js/jquery.ui.widget.js ... 
2026-05-15 04:13:15 +0000  15085 bytes for ./Frameworks/TouchEn_AntiCapture.framework/GCDWebUploader.bundle/Contents/Resources/js/jquery.ui.widget.js
copying file ./Frameworks/TouchEn_AntiCapture.framework/GCDWebUploader.bundle/Contents/Resources/js/respond.min.js ... 
4377 bytes for ./Frameworks/TouchEn_AntiCapture.framework/GCDWebUploader.bundle/Contents/Resources/js/respond.min.js
copying file ./Frameworks/TouchEn_AntiCapture.framework/GCDWebUploader.bundle/Contents/Resources/js/jquery.fileupload.js ... 
2026-05-15 04:13:15 +0000  61692 bytes for ./Frameworks/TouchEn_AntiCapture.framework/GCDWebUploader.bundle/Contents/Resources/js/jquery.fileupload.js
2026-05-15 04:13:15 +0000  copying file ./Frameworks/TouchEn_AntiCapture.framework/GCDWebUploader.bundle/Contents/Resources/js/index.js ... 
2026-05-15 04:13:15 +0000  9581 bytes for ./Frameworks/TouchEn_AntiCapture.framework/GCDWebUploader.bundle/Contents/Resources/js/index.js
copying file ./Frameworks/TouchEn_AntiCapture.framework/GCDWebUploader.bundle/Contents/Resources/js/jquery.min.js ... 
2026-05-15 04:13:15 +0000  96381 bytes for ./Frameworks/TouchEn_AntiCapture.framework/GCDWebUploader.bundle/Contents/Resources/js/jquery.min.js
copying file ./Frameworks/TouchEn_AntiCapture.framework/GCDWebUploader.bundle/Contents/Resources/js/bootstrap.min.js ... 
2026-05-15 04:13:15 +0000  29110 bytes for ./Frameworks/TouchEn_AntiCapture.framework/GCDWebUploader.bundle/Contents/Resources/js/bootstrap.min.js
copying file ./Frameworks/TouchEn_AntiCapture.framework/GCDWebUploader.bundle/Contents/Resources/js/tmpl.min.js ... 
2026-05-15 04:13:15 +0000  977 bytes for ./Frameworks/TouchEn_AntiCapture.framework/GCDWebUploader.bundle/Contents/Resources/js/tmpl.min.js
2026-05-15 04:13:15 +0000  copying file ./Frameworks/TouchEn_AntiCapture.framework/GCDWebUploader.bundle/Contents/Resources/js/html5shiv.min.js ... 
2026-05-15 04:13:15 +0000  2429 bytes for ./Frameworks/TouchEn_AntiCapture.framework/GCDWebUploader.bundle/Contents/Resources/js/html5shiv.min.js
copying file ./Frameworks/TouchEn_AntiCapture.framework/GCDWebUploader.bundle/Contents/Resources/js/jquery.jeditable.js ... 
2026-05-15 04:13:15 +0000  24496 bytes for ./Frameworks/TouchEn_AntiCapture.framework/GCDWebUploader.bundle/Contents/Resources/js/jquery.jeditable.js
2026-05-15 04:13:15 +0000  copying file ./Frameworks/TouchEn_AntiCapture.framework/GCDWebUploader.bundle/Contents/Resources/js/jquery.iframe-transport.js ... 
2026-05-15 04:13:15 +0000  10612 bytes for ./Frameworks/TouchEn_AntiCapture.framework/GCDWebUploader.bundle/Contents/Resources/js/jquery.iframe-transport.js
2026-05-15 04:13:15 +0000  copying file ./Frameworks/TouchEn_AntiCapture.framework/GCDWebUploader.bundle/Contents/Info.plist ... 
2026-05-15 04:13:15 +0000  126 bytes for ./Frameworks/TouchEn_AntiCapture.framework/GCDWebUploader.bundle/Contents/Info.plist
2026-05-15 04:13:15 +0000  copying file ./Frameworks/TouchEn_AntiCapture.framework/README.md ... 
2026-05-15 04:13:15 +0000  27194 bytes for ./Frameworks/TouchEn_AntiCapture.framework/README.md
2026-05-15 04:13:15 +0000  copying file ./Frameworks/TouchEn_AntiCapture.framework/Info.plist ... 
2026-05-15 04:13:15 +0000  845 bytes for ./Frameworks/TouchEn_AntiCapture.framework/Info.plist
2026-05-15 04:13:15 +0000  copying file ./Frameworks/GoogleAppMeasurement.framework/_CodeSignature/CodeResources ... 
2026-05-15 04:13:15 +0000  1798 bytes for ./Frameworks/GoogleAppMeasurement.framework/_CodeSignature/CodeResources
2026-05-15 04:13:15 +0000  copying file ./Frameworks/GoogleAppMeasurement.framework/GoogleAppMeasurement ... 
2026-05-15 04:13:15 +0000  51504 bytes for ./Frameworks/GoogleAppMeasurement.framework/GoogleAppMeasurement
2026-05-15 04:13:15 +0000  copying file ./Frameworks/GoogleAppMeasurement.framework/Info.plist ... 
2026-05-15 04:13:15 +0000  647 bytes for ./Frameworks/GoogleAppMeasurement.framework/Info.plist
2026-05-15 04:13:15 +0000  copying file ./Frameworks/FirebaseAnalytics.framework/_CodeSignature/CodeResources ... 
2026-05-15 04:13:15 +0000  1798 bytes for ./Frameworks/FirebaseAnalytics.framework/_CodeSignature/CodeResources
2026-05-15 04:13:15 +0000  copying file ./Frameworks/FirebaseAnalytics.framework/FirebaseAnalytics ... 
2026-05-15 04:13:15 +0000  51504 bytes for ./Frameworks/FirebaseAnalytics.framework/FirebaseAnalytics
2026-05-15 04:13:15 +0000  copying file ./Frameworks/FirebaseAnalytics.framework/Info.plist ... 
2026-05-15 04:13:15 +0000  638 bytes for ./Frameworks/FirebaseAnalytics.framework/Info.plist
2026-05-15 04:13:15 +0000  copying file ./Frameworks/GoogleAppMeasurementIdentitySupport.framework/_CodeSignature/CodeResources ... 
2026-05-15 04:13:15 +0000  1798 bytes for ./Frameworks/GoogleAppMeasurementIdentitySupport.framework/_CodeSignature/CodeResources
2026-05-15 04:13:15 +0000  copying file ./Frameworks/GoogleAppMeasurementIdentitySupport.framework/GoogleAppMeasurementIdentitySupport ... 
2026-05-15 04:13:15 +0000  51536 bytes for ./Frameworks/GoogleAppMeasurementIdentitySupport.framework/GoogleAppMeasurementIdentitySupport
copying file ./Frameworks/GoogleAppMeasurementIdentitySupport.framework/Info.plist ... 
2026-05-15 04:13:15 +0000  692 bytes for ./Frameworks/GoogleAppMeasurementIdentitySupport.framework/Info.plist
2026-05-15 04:13:15 +0000  copying file ./Frameworks/RSLicenseSDK.framework/_CodeSignature/CodeResources ... 
2102 bytes for ./Frameworks/RSLicenseSDK.framework/_CodeSignature/CodeResources
copying file ./Frameworks/RSLicenseSDK.framework/Acknowledgements.md ... 
5887 bytes for ./Frameworks/RSLicenseSDK.framework/Acknowledgements.md
copying file ./Frameworks/RSLicenseSDK.framework/RSLicenseSDK ... 
859856 bytes for ./Frameworks/RSLicenseSDK.framework/RSLicenseSDK
copying file ./Frameworks/RSLicenseSDK.framework/Info.plist ... 
2026-05-15 04:13:15 +0000  709 bytes for ./Frameworks/RSLicenseSDK.framework/Info.plist
2026-05-15 04:13:15 +0000  copying file ./embedded.mobileprovision ... 
2026-05-15 04:13:15 +0000  15068 bytes for ./embedded.mobileprovision
copying file ./Info.plist ... 
3059 bytes for ./Info.plist
copying file ./PkgInfo ... 
8 bytes for ./PkgInfo
2026-05-15 04:13:15 +0000  /usr/bin/ditto exited with 0
2026-05-15 04:13:15 +0000  Processing step: IDEDistributionEmbedProfileStep
2026-05-15 04:13:15 +0000  Skipping profile for item: <IDEDistributionItem: 0xbc11fae20; bundleID='com.firebase.Firebase-FirebaseAnalytics', path='<DVTFilePath:0xbd5916530:'/Users/famous/Library/Developer/Xcode/Archives/2026-05-15/familynetmall stg 5-15-26, 1.12 PM.xcarchive/Products/Applications/familynetmall stg.app/Frameworks/FirebaseAnalytics.framework'>', codeSigningInfo='<_DVTCodeSigningInformation_Path: 0xbc26a9e60; isSigned='1', isAdHocSigned='0', signingCertificate='<DVTSigningCertificate: 0xbc0a5e580; name='Apple Development: Myoung Han Yoo (YG54XDH284)', hash='05AFCE5D816A7D525D6883A69730896387AC416C', serialNumber='3A438153DC36CF3F81693F9370040268', certificateKinds='(
    "1.2.840.113635.100.6.1.12",
    "1.2.840.113635.100.6.1.2"
), issueDate='2026-02-20 06:10:42 +0000''>', entitlements='(null)', teamID='7CAAQRL44H', identifier='com.firebase.Firebase-FirebaseAnalytics', executablePath='<DVTFilePath:0xbd176ed10:'/Users/famous/Library/Developer/Xcode/Archives/2026-05-15/familynetmall stg 5-15-26, 1.12 PM.xcarchive/Products/Applications/familynetmall stg.app/Frameworks/FirebaseAnalytics.framework/FirebaseAnalytics'>', hardenedRuntime='0'>'>
2026-05-15 04:13:15 +0000  Skipping profile for item: <IDEDistributionItem: 0xbc26a8a20; bundleID='com.firebase.Firebase-GoogleAppMeasurement', path='<DVTFilePath:0xbd176e920:'/Users/famous/Library/Developer/Xcode/Archives/2026-05-15/familynetmall stg 5-15-26, 1.12 PM.xcarchive/Products/Applications/familynetmall stg.app/Frameworks/GoogleAppMeasurement.framework'>', codeSigningInfo='<_DVTCodeSigningInformation_Path: 0xbc26a9740; isSigned='1', isAdHocSigned='0', signingCertificate='<DVTSigningCertificate: 0xbc0a5e580; name='Apple Development: Myoung Han Yoo (YG54XDH284)', hash='05AFCE5D816A7D525D6883A69730896387AC416C', serialNumber='3A438153DC36CF3F81693F9370040268', certificateKinds='(
    "1.2.840.113635.100.6.1.12",
    "1.2.840.113635.100.6.1.2"
), issueDate='2026-02-20 06:10:42 +0000''>', entitlements='(null)', teamID='7CAAQRL44H', identifier='com.firebase.Firebase-GoogleAppMeasurement', executablePath='<DVTFilePath:0xbd176e8b0:'/Users/famous/Library/Developer/Xcode/Archives/2026-05-15/familynetmall stg 5-15-26, 1.12 PM.xcarchive/Products/Applications/familynetmall stg.app/Frameworks/GoogleAppMeasurement.framework/GoogleAppMeasurement'>', hardenedRuntime='0'>'>
2026-05-15 04:13:15 +0000  Skipping profile for item: <IDEDistributionItem: 0xbc26aab20; bundleID='com.firebase.Firebase-GoogleAppMeasurementIdentitySupport', path='<DVTFilePath:0xbeaa55500:'/Users/famous/Library/Developer/Xcode/Archives/2026-05-15/familynetmall stg 5-15-26, 1.12 PM.xcarchive/Products/Applications/familynetmall stg.app/Frameworks/GoogleAppMeasurementIdentitySupport.framework'>', codeSigningInfo='<_DVTCodeSigningInformation_Path: 0xbc26aabe0; isSigned='1', isAdHocSigned='0', signingCertificate='<DVTSigningCertificate: 0xbc0a5e580; name='Apple Development: Myoung Han Yoo (YG54XDH284)', hash='05AFCE5D816A7D525D6883A69730896387AC416C', serialNumber='3A438153DC36CF3F81693F9370040268', certificateKinds='(
    "1.2.840.113635.100.6.1.12",
    "1.2.840.113635.100.6.1.2"
), issueDate='2026-02-20 06:10:42 +0000''>', entitlements='(null)', teamID='7CAAQRL44H', identifier='com.firebase.Firebase-GoogleAppMeasurementIdentitySupport', executablePath='<DVTFilePath:0xbeaa55600:'/Users/famous/Library/Developer/Xcode/Archives/2026-05-15/familynetmall stg 5-15-26, 1.12 PM.xcarchive/Products/Applications/familynetmall stg.app/Frameworks/GoogleAppMeasurementIdentitySupport.framework/GoogleAppMeasurementIdentitySupport'>', hardenedRuntime='0'>'>
2026-05-15 04:13:15 +0000  Skipping profile for item: <IDEDistributionItem: 0xbc26a91a0; bundleID='com.raonsecure.RSLicenseSDK', path='<DVTFilePath:0xbd176dab0:'/Users/famous/Library/Developer/Xcode/Archives/2026-05-15/familynetmall stg 5-15-26, 1.12 PM.xcarchive/Products/Applications/familynetmall stg.app/Frameworks/RSLicenseSDK.framework'>', codeSigningInfo='<_DVTCodeSigningInformation_Path: 0xbc26a8ae0; isSigned='1', isAdHocSigned='0', signingCertificate='<DVTSigningCertificate: 0xbc0a5f540; name='Apple Development: Myoung Han Yoo (YG54XDH284)', hash='05AFCE5D816A7D525D6883A69730896387AC416C', serialNumber='3A438153DC36CF3F81693F9370040268', certificateKinds='(
    "1.2.840.113635.100.6.1.12",
    "1.2.840.113635.100.6.1.2"
), issueDate='2026-02-20 06:10:42 +0000''>', entitlements='(null)', teamID='7CAAQRL44H', identifier='com.raonsecure.RSLicenseSDK', executablePath='<DVTFilePath:0xbc11fee80:'/Users/famous/Library/Developer/Xcode/Archives/2026-05-15/familynetmall stg 5-15-26, 1.12 PM.xcarchive/Products/Applications/familynetmall stg.app/Frameworks/RSLicenseSDK.framework/RSLicenseSDK'>', hardenedRuntime='0'>'>
2026-05-15 04:13:15 +0000  Skipping profile for item: <IDEDistributionItem: 0xbc26a96e0; bundleID='com.raonsecure.TouchEn-AntiCapture', path='<DVTFilePath:0xbcc420bd0:'/Users/famous/Library/Developer/Xcode/Archives/2026-05-15/familynetmall stg 5-15-26, 1.12 PM.xcarchive/Products/Applications/familynetmall stg.app/Frameworks/TouchEn_AntiCapture.framework'>', codeSigningInfo='<_DVTCodeSigningInformation_Path: 0xbc26a97a0; isSigned='1', isAdHocSigned='0', signingCertificate='<DVTSigningCertificate: 0xbc0a5f540; name='Apple Development: Myoung Han Yoo (YG54XDH284)', hash='05AFCE5D816A7D525D6883A69730896387AC416C', serialNumber='3A438153DC36CF3F81693F9370040268', certificateKinds='(
    "1.2.840.113635.100.6.1.12",
    "1.2.840.113635.100.6.1.2"
), issueDate='2026-02-20 06:10:42 +0000''>', entitlements='(null)', teamID='7CAAQRL44H', identifier='com.raonsecure.TouchEn-AntiCapture', executablePath='<DVTFilePath:0xbc1649c00:'/Users/famous/Library/Developer/Xcode/Archives/2026-05-15/familynetmall stg 5-15-26, 1.12 PM.xcarchive/Products/Applications/familynetmall stg.app/Frameworks/TouchEn_AntiCapture.framework/TouchEn_AntiCapture'>', hardenedRuntime='0'>'>
2026-05-15 04:13:15 +0000  Processing step: IDEDistributionInfoPlistStep
2026-05-15 04:13:15 +0000  Skipping step: IDEDistributionInfoPlistStep because it said so
2026-05-15 04:13:15 +0000  Skipping step: IDEDistributionInfoPlistStep because it said so
2026-05-15 04:13:15 +0000  Skipping step: IDEDistributionInfoPlistStep because it said so
2026-05-15 04:13:15 +0000  Skipping step: IDEDistributionInfoPlistStep because it said so
2026-05-15 04:13:15 +0000  Skipping step: IDEDistributionInfoPlistStep because it said so
2026-05-15 04:13:15 +0000  Skipping step: IDEDistributionInfoPlistStep because it said so
2026-05-15 04:13:15 +0000  Skipping step: IDEDistributionInfoPlistStep because it said so
2026-05-15 04:13:15 +0000  Processing step: IDEDistributionAppThinningPlistStep
2026-05-15 04:13:15 +0000  Skipping step: IDEDistributionAppThinningPlistStep because it said so
2026-05-15 04:13:15 +0000  Processing step: IDEDistributionSymbolsStep
2026-05-15 04:13:15 +0000  Skipping step: IDEDistributionSymbolsStep because it said so
2026-05-15 04:13:15 +0000  Processing step: IDEDistributionAppThinningStep
2026-05-15 04:13:15 +0000  Skipping step: IDEDistributionAppThinningStep because it said so
2026-05-15 04:13:15 +0000  Processing step: IDEDistributionArchThinningStep
2026-05-15 04:13:15 +0000  Archs to thin for item /Users/famous/Library/Developer/Xcode/Archives/2026-05-15/familynetmall stg 5-15-26, 1.12 PM.xcarchive/Products/Applications/familynetmall stg.app/Frameworks/FirebaseAnalytics.framework are []
2026-05-15 04:13:15 +0000  Archs to thin for item /Users/famous/Library/Developer/Xcode/Archives/2026-05-15/familynetmall stg 5-15-26, 1.12 PM.xcarchive/Products/Applications/familynetmall stg.app/Frameworks/GoogleAppMeasurement.framework are []
2026-05-15 04:13:15 +0000  Archs to thin for item /Users/famous/Library/Developer/Xcode/Archives/2026-05-15/familynetmall stg 5-15-26, 1.12 PM.xcarchive/Products/Applications/familynetmall stg.app/Frameworks/GoogleAppMeasurementIdentitySupport.framework are []
2026-05-15 04:13:15 +0000  Archs to thin for item /Users/famous/Library/Developer/Xcode/Archives/2026-05-15/familynetmall stg 5-15-26, 1.12 PM.xcarchive/Products/Applications/familynetmall stg.app/Frameworks/RSLicenseSDK.framework are []
2026-05-15 04:13:15 +0000  Archs to thin for item /Users/famous/Library/Developer/Xcode/Archives/2026-05-15/familynetmall stg 5-15-26, 1.12 PM.xcarchive/Products/Applications/familynetmall stg.app/Frameworks/TouchEn_AntiCapture.framework are []
2026-05-15 04:13:15 +0000  Archs to thin for item /Users/famous/Library/Developer/Xcode/Archives/2026-05-15/familynetmall stg 5-15-26, 1.12 PM.xcarchive/Products/Applications/familynetmall stg.app/PlugIns/stgNotiService.appex are []
2026-05-15 04:13:15 +0000  Archs to thin for item /Users/famous/Library/Developer/Xcode/Archives/2026-05-15/familynetmall stg 5-15-26, 1.12 PM.xcarchive/Products/Applications/familynetmall stg.app are []
2026-05-15 04:13:15 +0000  Processing step: IDEDistributionODRStep
2026-05-15 04:13:15 +0000  Processing step: IDEDistributionStripXattrsStep
2026-05-15 04:13:15 +0000  Skipping stripping extended attributes because the codesign step will strip them.
2026-05-15 04:13:15 +0000  Skipping stripping extended attributes because the codesign step will strip them.
2026-05-15 04:13:15 +0000  Skipping stripping extended attributes because the codesign step will strip them.
2026-05-15 04:13:15 +0000  Skipping stripping extended attributes because the codesign step will strip them.
2026-05-15 04:13:15 +0000  Skipping stripping extended attributes because the codesign step will strip them.
2026-05-15 04:13:15 +0000  Skipping stripping extended attributes because the codesign step will strip them.
2026-05-15 04:13:15 +0000  Skipping stripping extended attributes because the codesign step will strip them.
2026-05-15 04:13:15 +0000  Processing step: IDEDistributionCodesignStep
2026-05-15 04:13:15 +0000  Entitlements for <IDEDistributionItem: 0xbc11fae20; bundleID='com.firebase.Firebase-FirebaseAnalytics', path='<DVTFilePath:0xbd5916530:'/Users/famous/Library/Developer/Xcode/Archives/2026-05-15/familynetmall stg 5-15-26, 1.12 PM.xcarchive/Products/Applications/familynetmall stg.app/Frameworks/FirebaseAnalytics.framework'>', codeSigningInfo='<_DVTCodeSigningInformation_Path: 0xbc26a9e60; isSigned='1', isAdHocSigned='0', signingCertificate='<DVTSigningCertificate: 0xbc0a5f600; name='Apple Development: Myoung Han Yoo (YG54XDH284)', hash='05AFCE5D816A7D525D6883A69730896387AC416C', serialNumber='3A438153DC36CF3F81693F9370040268', certificateKinds='(
    "1.2.840.113635.100.6.1.12",
    "1.2.840.113635.100.6.1.2"
), issueDate='2026-02-20 06:10:42 +0000''>', entitlements='(null)', teamID='7CAAQRL44H', identifier='com.firebase.Firebase-FirebaseAnalytics', executablePath='<DVTFilePath:0xbd176ed10:'/Users/famous/Library/Developer/Xcode/Archives/2026-05-15/familynetmall stg 5-15-26, 1.12 PM.xcarchive/Products/Applications/familynetmall stg.app/Frameworks/FirebaseAnalytics.framework/FirebaseAnalytics'>', hardenedRuntime='0'>'>: {
}
2026-05-15 04:13:15 +0000  Associated App Clip Identifiers Filter: Skipping because "com.apple.developer.associated-appclip-app-identifiers" is not present
2026-05-15 04:13:15 +0000  Entitlements for <IDEDistributionItem: 0xbc11fae20; bundleID='com.firebase.Firebase-FirebaseAnalytics', path='<DVTFilePath:0xbd5916530:'/Users/famous/Library/Developer/Xcode/Archives/2026-05-15/familynetmall stg 5-15-26, 1.12 PM.xcarchive/Products/Applications/familynetmall stg.app/Frameworks/FirebaseAnalytics.framework'>', codeSigningInfo='<_DVTCodeSigningInformation_Path: 0xbc26a9e60; isSigned='1', isAdHocSigned='0', signingCertificate='<DVTSigningCertificate: 0xbc0a5f540; name='Apple Development: Myoung Han Yoo (YG54XDH284)', hash='05AFCE5D816A7D525D6883A69730896387AC416C', serialNumber='3A438153DC36CF3F81693F9370040268', certificateKinds='(
    "1.2.840.113635.100.6.1.12",
    "1.2.840.113635.100.6.1.2"
), issueDate='2026-02-20 06:10:42 +0000''>', entitlements='(null)', teamID='7CAAQRL44H', identifier='com.firebase.Firebase-FirebaseAnalytics', executablePath='<DVTFilePath:0xbd176ed10:'/Users/famous/Library/Developer/Xcode/Archives/2026-05-15/familynetmall stg 5-15-26, 1.12 PM.xcarchive/Products/Applications/familynetmall stg.app/Frameworks/FirebaseAnalytics.framework/FirebaseAnalytics'>', hardenedRuntime='0'>'> are: {
}
2026-05-15 04:13:15 +0000  Writing entitlements for <IDEDistributionItem: 0xbc11fae20; bundleID='com.firebase.Firebase-FirebaseAnalytics', path='<DVTFilePath:0xbd5916530:'/Users/famous/Library/Developer/Xcode/Archives/2026-05-15/familynetmall stg 5-15-26, 1.12 PM.xcarchive/Products/Applications/familynetmall stg.app/Frameworks/FirebaseAnalytics.framework'>', codeSigningInfo='<_DVTCodeSigningInformation_Path: 0xbc26a9e60; isSigned='1', isAdHocSigned='0', signingCertificate='<DVTSigningCertificate: 0xbc0a5f540; name='Apple Development: Myoung Han Yoo (YG54XDH284)', hash='05AFCE5D816A7D525D6883A69730896387AC416C', serialNumber='3A438153DC36CF3F81693F9370040268', certificateKinds='(
    "1.2.840.113635.100.6.1.12",
    "1.2.840.113635.100.6.1.2"
), issueDate='2026-02-20 06:10:42 +0000''>', entitlements='(null)', teamID='7CAAQRL44H', identifier='com.firebase.Firebase-FirebaseAnalytics', executablePath='<DVTFilePath:0xbd176ed10:'/Users/famous/Library/Developer/Xcode/Archives/2026-05-15/familynetmall stg 5-15-26, 1.12 PM.xcarchive/Products/Applications/familynetmall stg.app/Frameworks/FirebaseAnalytics.framework/FirebaseAnalytics'>', hardenedRuntime='0'>'> to: /var/folders/4x/d81_590j6m5677fzyww419kr0000gn/T/XcodeDistPipeline.~~~StjlHa/entitlements~~~QLRqIg
2026-05-15 04:13:15 +0000  invoking codesign: <NSConcreteTask: 0xbf872ac60; launchPath='/usr/bin/codesign', arguments='(
    "-f",
    "-s",
    5DD36B92E569657C474E5CBDFB2BB034CFE6BEF3,
    "--entitlements",
    "/var/folders/4x/d81_590j6m5677fzyww419kr0000gn/T/XcodeDistPipeline.~~~StjlHa/entitlements~~~QLRqIg",
    "--preserve-metadata=identifier,flags,runtime,launch-constraints,library-constraints",
    "--generate-entitlement-der",
    "--strip-disallowed-xattrs",
    "-vvv",
    "/var/folders/4x/d81_590j6m5677fzyww419kr0000gn/T/XcodeDistPipeline.~~~StjlHa/Root/Payload/familynetmall stg.app/Frameworks/FirebaseAnalytics.framework"
)'>
2026-05-15 04:13:15 +0000  codesign output: /var/folders/4x/d81_590j6m5677fzyww419kr0000gn/T/XcodeDistPipeline.~~~StjlHa/Root/Payload/familynetmall stg.app/Frameworks/FirebaseAnalytics.framework: replacing existing signature
/var/folders/4x/d81_590j6m5677fzyww419kr0000gn/T/XcodeDistPipeline.~~~StjlHa/Root/Payload/familynetmall stg.app/Frameworks/FirebaseAnalytics.framework: signed bundle with Mach-O universal (arm64) [com.firebase.Firebase-FirebaseAnalytics]
2026-05-15 04:13:15 +0000  Entitlements for <IDEDistributionItem: 0xbc26a8a20; bundleID='com.firebase.Firebase-GoogleAppMeasurement', path='<DVTFilePath:0xbd176e920:'/Users/famous/Library/Developer/Xcode/Archives/2026-05-15/familynetmall stg 5-15-26, 1.12 PM.xcarchive/Products/Applications/familynetmall stg.app/Frameworks/GoogleAppMeasurement.framework'>', codeSigningInfo='<_DVTCodeSigningInformation_Path: 0xbc26a9740; isSigned='1', isAdHocSigned='0', signingCertificate='<DVTSigningCertificate: 0xbc0a5f600; name='Apple Development: Myoung Han Yoo (YG54XDH284)', hash='05AFCE5D816A7D525D6883A69730896387AC416C', serialNumber='3A438153DC36CF3F81693F9370040268', certificateKinds='(
    "1.2.840.113635.100.6.1.12",
    "1.2.840.113635.100.6.1.2"
), issueDate='2026-02-20 06:10:42 +0000''>', entitlements='(null)', teamID='7CAAQRL44H', identifier='com.firebase.Firebase-GoogleAppMeasurement', executablePath='<DVTFilePath:0xbd176e8b0:'/Users/famous/Library/Developer/Xcode/Archives/2026-05-15/familynetmall stg 5-15-26, 1.12 PM.xcarchive/Products/Applications/familynetmall stg.app/Frameworks/GoogleAppMeasurement.framework/GoogleAppMeasurement'>', hardenedRuntime='0'>'>: {
}
2026-05-15 04:13:15 +0000  Associated App Clip Identifiers Filter: Skipping because "com.apple.developer.associated-appclip-app-identifiers" is not present
2026-05-15 04:13:15 +0000  Entitlements for <IDEDistributionItem: 0xbc26a8a20; bundleID='com.firebase.Firebase-GoogleAppMeasurement', path='<DVTFilePath:0xbd176e920:'/Users/famous/Library/Developer/Xcode/Archives/2026-05-15/familynetmall stg 5-15-26, 1.12 PM.xcarchive/Products/Applications/familynetmall stg.app/Frameworks/GoogleAppMeasurement.framework'>', codeSigningInfo='<_DVTCodeSigningInformation_Path: 0xbc26a9740; isSigned='1', isAdHocSigned='0', signingCertificate='<DVTSigningCertificate: 0xbc0a5f540; name='Apple Development: Myoung Han Yoo (YG54XDH284)', hash='05AFCE5D816A7D525D6883A69730896387AC416C', serialNumber='3A438153DC36CF3F81693F9370040268', certificateKinds='(
    "1.2.840.113635.100.6.1.12",
    "1.2.840.113635.100.6.1.2"
), issueDate='2026-02-20 06:10:42 +0000''>', entitlements='(null)', teamID='7CAAQRL44H', identifier='com.firebase.Firebase-GoogleAppMeasurement', executablePath='<DVTFilePath:0xbd176e8b0:'/Users/famous/Library/Developer/Xcode/Archives/2026-05-15/familynetmall stg 5-15-26, 1.12 PM.xcarchive/Products/Applications/familynetmall stg.app/Frameworks/GoogleAppMeasurement.framework/GoogleAppMeasurement'>', hardenedRuntime='0'>'> are: {
}
2026-05-15 04:13:15 +0000  Writing entitlements for <IDEDistributionItem: 0xbc26a8a20; bundleID='com.firebase.Firebase-GoogleAppMeasurement', path='<DVTFilePath:0xbd176e920:'/Users/famous/Library/Developer/Xcode/Archives/2026-05-15/familynetmall stg 5-15-26, 1.12 PM.xcarchive/Products/Applications/familynetmall stg.app/Frameworks/GoogleAppMeasurement.framework'>', codeSigningInfo='<_DVTCodeSigningInformation_Path: 0xbc26a9740; isSigned='1', isAdHocSigned='0', signingCertificate='<DVTSigningCertificate: 0xbc0a5f540; name='Apple Development: Myoung Han Yoo (YG54XDH284)', hash='05AFCE5D816A7D525D6883A69730896387AC416C', serialNumber='3A438153DC36CF3F81693F9370040268', certificateKinds='(
    "1.2.840.113635.100.6.1.12",
    "1.2.840.113635.100.6.1.2"
), issueDate='2026-02-20 06:10:42 +0000''>', entitlements='(null)', teamID='7CAAQRL44H', identifier='com.firebase.Firebase-GoogleAppMeasurement', executablePath='<DVTFilePath:0xbd176e8b0:'/Users/famous/Library/Developer/Xcode/Archives/2026-05-15/familynetmall stg 5-15-26, 1.12 PM.xcarchive/Products/Applications/familynetmall stg.app/Frameworks/GoogleAppMeasurement.framework/GoogleAppMeasurement'>', hardenedRuntime='0'>'> to: /var/folders/4x/d81_590j6m5677fzyww419kr0000gn/T/XcodeDistPipeline.~~~StjlHa/entitlements~~~X2ToK1
2026-05-15 04:13:15 +0000  invoking codesign: <NSConcreteTask: 0xbf872bca0; launchPath='/usr/bin/codesign', arguments='(
    "-f",
    "-s",
    5DD36B92E569657C474E5CBDFB2BB034CFE6BEF3,
    "--entitlements",
    "/var/folders/4x/d81_590j6m5677fzyww419kr0000gn/T/XcodeDistPipeline.~~~StjlHa/entitlements~~~X2ToK1",
    "--preserve-metadata=identifier,flags,runtime,launch-constraints,library-constraints",
    "--generate-entitlement-der",
    "--strip-disallowed-xattrs",
    "-vvv",
    "/var/folders/4x/d81_590j6m5677fzyww419kr0000gn/T/XcodeDistPipeline.~~~StjlHa/Root/Payload/familynetmall stg.app/Frameworks/GoogleAppMeasurement.framework"
)'>
2026-05-15 04:13:16 +0000  codesign output: /var/folders/4x/d81_590j6m5677fzyww419kr0000gn/T/XcodeDistPipeline.~~~StjlHa/Root/Payload/familynetmall stg.app/Frameworks/GoogleAppMeasurement.framework: replacing existing signature
/var/folders/4x/d81_590j6m5677fzyww419kr0000gn/T/XcodeDistPipeline.~~~StjlHa/Root/Payload/familynetmall stg.app/Frameworks/GoogleAppMeasurement.framework: signed bundle with Mach-O universal (arm64) [com.firebase.Firebase-GoogleAppMeasurement]
2026-05-15 04:13:16 +0000  Entitlements for <IDEDistributionItem: 0xbc26aab20; bundleID='com.firebase.Firebase-GoogleAppMeasurementIdentitySupport', path='<DVTFilePath:0xbeaa55500:'/Users/famous/Library/Developer/Xcode/Archives/2026-05-15/familynetmall stg 5-15-26, 1.12 PM.xcarchive/Products/Applications/familynetmall stg.app/Frameworks/GoogleAppMeasurementIdentitySupport.framework'>', codeSigningInfo='<_DVTCodeSigningInformation_Path: 0xbc26aabe0; isSigned='1', isAdHocSigned='0', signingCertificate='<DVTSigningCertificate: 0xbc0a5f600; name='Apple Development: Myoung Han Yoo (YG54XDH284)', hash='05AFCE5D816A7D525D6883A69730896387AC416C', serialNumber='3A438153DC36CF3F81693F9370040268', certificateKinds='(
    "1.2.840.113635.100.6.1.12",
    "1.2.840.113635.100.6.1.2"
), issueDate='2026-02-20 06:10:42 +0000''>', entitlements='(null)', teamID='7CAAQRL44H', identifier='com.firebase.Firebase-GoogleAppMeasurementIdentitySupport', executablePath='<DVTFilePath:0xbeaa55600:'/Users/famous/Library/Developer/Xcode/Archives/2026-05-15/familynetmall stg 5-15-26, 1.12 PM.xcarchive/Products/Applications/familynetmall stg.app/Frameworks/GoogleAppMeasurementIdentitySupport.framework/GoogleAppMeasurementIdentitySupport'>', hardenedRuntime='0'>'>: {
}
2026-05-15 04:13:16 +0000  Associated App Clip Identifiers Filter: Skipping because "com.apple.developer.associated-appclip-app-identifiers" is not present
2026-05-15 04:13:16 +0000  Entitlements for <IDEDistributionItem: 0xbc26aab20; bundleID='com.firebase.Firebase-GoogleAppMeasurementIdentitySupport', path='<DVTFilePath:0xbeaa55500:'/Users/famous/Library/Developer/Xcode/Archives/2026-05-15/familynetmall stg 5-15-26, 1.12 PM.xcarchive/Products/Applications/familynetmall stg.app/Frameworks/GoogleAppMeasurementIdentitySupport.framework'>', codeSigningInfo='<_DVTCodeSigningInformation_Path: 0xbc26aabe0; isSigned='1', isAdHocSigned='0', signingCertificate='<DVTSigningCertificate: 0xbc0a5e580; name='Apple Development: Myoung Han Yoo (YG54XDH284)', hash='05AFCE5D816A7D525D6883A69730896387AC416C', serialNumber='3A438153DC36CF3F81693F9370040268', certificateKinds='(
    "1.2.840.113635.100.6.1.12",
    "1.2.840.113635.100.6.1.2"
), issueDate='2026-02-20 06:10:42 +0000''>', entitlements='(null)', teamID='7CAAQRL44H', identifier='com.firebase.Firebase-GoogleAppMeasurementIdentitySupport', executablePath='<DVTFilePath:0xbeaa55600:'/Users/famous/Library/Developer/Xcode/Archives/2026-05-15/familynetmall stg 5-15-26, 1.12 PM.xcarchive/Products/Applications/familynetmall stg.app/Frameworks/GoogleAppMeasurementIdentitySupport.framework/GoogleAppMeasurementIdentitySupport'>', hardenedRuntime='0'>'> are: {
}
2026-05-15 04:13:16 +0000  Writing entitlements for <IDEDistributionItem: 0xbc26aab20; bundleID='com.firebase.Firebase-GoogleAppMeasurementIdentitySupport', path='<DVTFilePath:0xbeaa55500:'/Users/famous/Library/Developer/Xcode/Archives/2026-05-15/familynetmall stg 5-15-26, 1.12 PM.xcarchive/Products/Applications/familynetmall stg.app/Frameworks/GoogleAppMeasurementIdentitySupport.framework'>', codeSigningInfo='<_DVTCodeSigningInformation_Path: 0xbc26aabe0; isSigned='1', isAdHocSigned='0', signingCertificate='<DVTSigningCertificate: 0xbc0a5e580; name='Apple Development: Myoung Han Yoo (YG54XDH284)', hash='05AFCE5D816A7D525D6883A69730896387AC416C', serialNumber='3A438153DC36CF3F81693F9370040268', certificateKinds='(
    "1.2.840.113635.100.6.1.12",
    "1.2.840.113635.100.6.1.2"
), issueDate='2026-02-20 06:10:42 +0000''>', entitlements='(null)', teamID='7CAAQRL44H', identifier='com.firebase.Firebase-GoogleAppMeasurementIdentitySupport', executablePath='<DVTFilePath:0xbeaa55600:'/Users/famous/Library/Developer/Xcode/Archives/2026-05-15/familynetmall stg 5-15-26, 1.12 PM.xcarchive/Products/Applications/familynetmall stg.app/Frameworks/GoogleAppMeasurementIdentitySupport.framework/GoogleAppMeasurementIdentitySupport'>', hardenedRuntime='0'>'> to: /var/folders/4x/d81_590j6m5677fzyww419kr0000gn/T/XcodeDistPipeline.~~~StjlHa/entitlements~~~VUlxTT
2026-05-15 04:13:16 +0000  invoking codesign: <NSConcreteTask: 0xbf872bca0; launchPath='/usr/bin/codesign', arguments='(
    "-f",
    "-s",
    5DD36B92E569657C474E5CBDFB2BB034CFE6BEF3,
    "--entitlements",
    "/var/folders/4x/d81_590j6m5677fzyww419kr0000gn/T/XcodeDistPipeline.~~~StjlHa/entitlements~~~VUlxTT",
    "--preserve-metadata=identifier,flags,runtime,launch-constraints,library-constraints",
    "--generate-entitlement-der",
    "--strip-disallowed-xattrs",
    "-vvv",
    "/var/folders/4x/d81_590j6m5677fzyww419kr0000gn/T/XcodeDistPipeline.~~~StjlHa/Root/Payload/familynetmall stg.app/Frameworks/GoogleAppMeasurementIdentitySupport.framework"
)'>
2026-05-15 04:13:16 +0000  codesign output: /var/folders/4x/d81_590j6m5677fzyww419kr0000gn/T/XcodeDistPipeline.~~~StjlHa/Root/Payload/familynetmall stg.app/Frameworks/GoogleAppMeasurementIdentitySupport.framework: replacing existing signature
/var/folders/4x/d81_590j6m5677fzyww419kr0000gn/T/XcodeDistPipeline.~~~StjlHa/Root/Payload/familynetmall stg.app/Frameworks/GoogleAppMeasurementIdentitySupport.framework: signed bundle with Mach-O universal (arm64) [com.firebase.Firebase-GoogleAppMeasurementIdentitySupport]
2026-05-15 04:13:16 +0000  Entitlements for <IDEDistributionItem: 0xbc26a91a0; bundleID='com.raonsecure.RSLicenseSDK', path='<DVTFilePath:0xbd176dab0:'/Users/famous/Library/Developer/Xcode/Archives/2026-05-15/familynetmall stg 5-15-26, 1.12 PM.xcarchive/Products/Applications/familynetmall stg.app/Frameworks/RSLicenseSDK.framework'>', codeSigningInfo='<_DVTCodeSigningInformation_Path: 0xbc26a8ae0; isSigned='1', isAdHocSigned='0', signingCertificate='<DVTSigningCertificate: 0xbc0a5f600; name='Apple Development: Myoung Han Yoo (YG54XDH284)', hash='05AFCE5D816A7D525D6883A69730896387AC416C', serialNumber='3A438153DC36CF3F81693F9370040268', certificateKinds='(
    "1.2.840.113635.100.6.1.12",
    "1.2.840.113635.100.6.1.2"
), issueDate='2026-02-20 06:10:42 +0000''>', entitlements='(null)', teamID='7CAAQRL44H', identifier='com.raonsecure.RSLicenseSDK', executablePath='<DVTFilePath:0xbc11fee80:'/Users/famous/Library/Developer/Xcode/Archives/2026-05-15/familynetmall stg 5-15-26, 1.12 PM.xcarchive/Products/Applications/familynetmall stg.app/Frameworks/RSLicenseSDK.framework/RSLicenseSDK'>', hardenedRuntime='0'>'>: {
}
2026-05-15 04:13:16 +0000  Associated App Clip Identifiers Filter: Skipping because "com.apple.developer.associated-appclip-app-identifiers" is not present
2026-05-15 04:13:16 +0000  Entitlements for <IDEDistributionItem: 0xbc26a91a0; bundleID='com.raonsecure.RSLicenseSDK', path='<DVTFilePath:0xbd176dab0:'/Users/famous/Library/Developer/Xcode/Archives/2026-05-15/familynetmall stg 5-15-26, 1.12 PM.xcarchive/Products/Applications/familynetmall stg.app/Frameworks/RSLicenseSDK.framework'>', codeSigningInfo='<_DVTCodeSigningInformation_Path: 0xbc26a8ae0; isSigned='1', isAdHocSigned='0', signingCertificate='<DVTSigningCertificate: 0xbc0a5f540; name='Apple Development: Myoung Han Yoo (YG54XDH284)', hash='05AFCE5D816A7D525D6883A69730896387AC416C', serialNumber='3A438153DC36CF3F81693F9370040268', certificateKinds='(
    "1.2.840.113635.100.6.1.12",
    "1.2.840.113635.100.6.1.2"
), issueDate='2026-02-20 06:10:42 +0000''>', entitlements='(null)', teamID='7CAAQRL44H', identifier='com.raonsecure.RSLicenseSDK', executablePath='<DVTFilePath:0xbc11fee80:'/Users/famous/Library/Developer/Xcode/Archives/2026-05-15/familynetmall stg 5-15-26, 1.12 PM.xcarchive/Products/Applications/familynetmall stg.app/Frameworks/RSLicenseSDK.framework/RSLicenseSDK'>', hardenedRuntime='0'>'> are: {
}
2026-05-15 04:13:16 +0000  Writing entitlements for <IDEDistributionItem: 0xbc26a91a0; bundleID='com.raonsecure.RSLicenseSDK', path='<DVTFilePath:0xbd176dab0:'/Users/famous/Library/Developer/Xcode/Archives/2026-05-15/familynetmall stg 5-15-26, 1.12 PM.xcarchive/Products/Applications/familynetmall stg.app/Frameworks/RSLicenseSDK.framework'>', codeSigningInfo='<_DVTCodeSigningInformation_Path: 0xbc26a8ae0; isSigned='1', isAdHocSigned='0', signingCertificate='<DVTSigningCertificate: 0xbc0a5f540; name='Apple Development: Myoung Han Yoo (YG54XDH284)', hash='05AFCE5D816A7D525D6883A69730896387AC416C', serialNumber='3A438153DC36CF3F81693F9370040268', certificateKinds='(
    "1.2.840.113635.100.6.1.12",
    "1.2.840.113635.100.6.1.2"
), issueDate='2026-02-20 06:10:42 +0000''>', entitlements='(null)', teamID='7CAAQRL44H', identifier='com.raonsecure.RSLicenseSDK', executablePath='<DVTFilePath:0xbc11fee80:'/Users/famous/Library/Developer/Xcode/Archives/2026-05-15/familynetmall stg 5-15-26, 1.12 PM.xcarchive/Products/Applications/familynetmall stg.app/Frameworks/RSLicenseSDK.framework/RSLicenseSDK'>', hardenedRuntime='0'>'> to: /var/folders/4x/d81_590j6m5677fzyww419kr0000gn/T/XcodeDistPipeline.~~~StjlHa/entitlements~~~P2jKqO
2026-05-15 04:13:16 +0000  invoking codesign: <NSConcreteTask: 0xbf872bca0; launchPath='/usr/bin/codesign', arguments='(
    "-f",
    "-s",
    5DD36B92E569657C474E5CBDFB2BB034CFE6BEF3,
    "--entitlements",
    "/var/folders/4x/d81_590j6m5677fzyww419kr0000gn/T/XcodeDistPipeline.~~~StjlHa/entitlements~~~P2jKqO",
    "--preserve-metadata=identifier,flags,runtime,launch-constraints,library-constraints",
    "--generate-entitlement-der",
    "--strip-disallowed-xattrs",
    "-vvv",
    "/var/folders/4x/d81_590j6m5677fzyww419kr0000gn/T/XcodeDistPipeline.~~~StjlHa/Root/Payload/familynetmall stg.app/Frameworks/RSLicenseSDK.framework"
)'>
2026-05-15 04:13:16 +0000  codesign output: /var/folders/4x/d81_590j6m5677fzyww419kr0000gn/T/XcodeDistPipeline.~~~StjlHa/Root/Payload/familynetmall stg.app/Frameworks/RSLicenseSDK.framework: replacing existing signature
/var/folders/4x/d81_590j6m5677fzyww419kr0000gn/T/XcodeDistPipeline.~~~StjlHa/Root/Payload/familynetmall stg.app/Frameworks/RSLicenseSDK.framework: signed bundle with Mach-O universal (armv7 armv7s arm64) [com.raonsecure.RSLicenseSDK]
2026-05-15 04:13:16 +0000  Entitlements for <IDEDistributionItem: 0xbc26a96e0; bundleID='com.raonsecure.TouchEn-AntiCapture', path='<DVTFilePath:0xbcc420bd0:'/Users/famous/Library/Developer/Xcode/Archives/2026-05-15/familynetmall stg 5-15-26, 1.12 PM.xcarchive/Products/Applications/familynetmall stg.app/Frameworks/TouchEn_AntiCapture.framework'>', codeSigningInfo='<_DVTCodeSigningInformation_Path: 0xbc26a97a0; isSigned='1', isAdHocSigned='0', signingCertificate='<DVTSigningCertificate: 0xbc0a5f600; name='Apple Development: Myoung Han Yoo (YG54XDH284)', hash='05AFCE5D816A7D525D6883A69730896387AC416C', serialNumber='3A438153DC36CF3F81693F9370040268', certificateKinds='(
    "1.2.840.113635.100.6.1.12",
    "1.2.840.113635.100.6.1.2"
), issueDate='2026-02-20 06:10:42 +0000''>', entitlements='(null)', teamID='7CAAQRL44H', identifier='com.raonsecure.TouchEn-AntiCapture', executablePath='<DVTFilePath:0xbc1649c00:'/Users/famous/Library/Developer/Xcode/Archives/2026-05-15/familynetmall stg 5-15-26, 1.12 PM.xcarchive/Products/Applications/familynetmall stg.app/Frameworks/TouchEn_AntiCapture.framework/TouchEn_AntiCapture'>', hardenedRuntime='0'>'>: {
}
2026-05-15 04:13:16 +0000  Associated App Clip Identifiers Filter: Skipping because "com.apple.developer.associated-appclip-app-identifiers" is not present
2026-05-15 04:13:16 +0000  Entitlements for <IDEDistributionItem: 0xbc26a96e0; bundleID='com.raonsecure.TouchEn-AntiCapture', path='<DVTFilePath:0xbcc420bd0:'/Users/famous/Library/Developer/Xcode/Archives/2026-05-15/familynetmall stg 5-15-26, 1.12 PM.xcarchive/Products/Applications/familynetmall stg.app/Frameworks/TouchEn_AntiCapture.framework'>', codeSigningInfo='<_DVTCodeSigningInformation_Path: 0xbc26a97a0; isSigned='1', isAdHocSigned='0', signingCertificate='<DVTSigningCertificate: 0xbc0a5f540; name='Apple Development: Myoung Han Yoo (YG54XDH284)', hash='05AFCE5D816A7D525D6883A69730896387AC416C', serialNumber='3A438153DC36CF3F81693F9370040268', certificateKinds='(
    "1.2.840.113635.100.6.1.12",
    "1.2.840.113635.100.6.1.2"
), issueDate='2026-02-20 06:10:42 +0000''>', entitlements='(null)', teamID='7CAAQRL44H', identifier='com.raonsecure.TouchEn-AntiCapture', executablePath='<DVTFilePath:0xbc1649c00:'/Users/famous/Library/Developer/Xcode/Archives/2026-05-15/familynetmall stg 5-15-26, 1.12 PM.xcarchive/Products/Applications/familynetmall stg.app/Frameworks/TouchEn_AntiCapture.framework/TouchEn_AntiCapture'>', hardenedRuntime='0'>'> are: {
}
2026-05-15 04:13:16 +0000  Writing entitlements for <IDEDistributionItem: 0xbc26a96e0; bundleID='com.raonsecure.TouchEn-AntiCapture', path='<DVTFilePath:0xbcc420bd0:'/Users/famous/Library/Developer/Xcode/Archives/2026-05-15/familynetmall stg 5-15-26, 1.12 PM.xcarchive/Products/Applications/familynetmall stg.app/Frameworks/TouchEn_AntiCapture.framework'>', codeSigningInfo='<_DVTCodeSigningInformation_Path: 0xbc26a97a0; isSigned='1', isAdHocSigned='0', signingCertificate='<DVTSigningCertificate: 0xbc0a5f540; name='Apple Development: Myoung Han Yoo (YG54XDH284)', hash='05AFCE5D816A7D525D6883A69730896387AC416C', serialNumber='3A438153DC36CF3F81693F9370040268', certificateKinds='(
    "1.2.840.113635.100.6.1.12",
    "1.2.840.113635.100.6.1.2"
), issueDate='2026-02-20 06:10:42 +0000''>', entitlements='(null)', teamID='7CAAQRL44H', identifier='com.raonsecure.TouchEn-AntiCapture', executablePath='<DVTFilePath:0xbc1649c00:'/Users/famous/Library/Developer/Xcode/Archives/2026-05-15/familynetmall stg 5-15-26, 1.12 PM.xcarchive/Products/Applications/familynetmall stg.app/Frameworks/TouchEn_AntiCapture.framework/TouchEn_AntiCapture'>', hardenedRuntime='0'>'> to: /var/folders/4x/d81_590j6m5677fzyww419kr0000gn/T/XcodeDistPipeline.~~~StjlHa/entitlements~~~wJ8sj9
2026-05-15 04:13:16 +0000  invoking codesign: <NSConcreteTask: 0xbf8729d10; launchPath='/usr/bin/codesign', arguments='(
    "-f",
    "-s",
    5DD36B92E569657C474E5CBDFB2BB034CFE6BEF3,
    "--entitlements",
    "/var/folders/4x/d81_590j6m5677fzyww419kr0000gn/T/XcodeDistPipeline.~~~StjlHa/entitlements~~~wJ8sj9",
    "--preserve-metadata=identifier,flags,runtime,launch-constraints,library-constraints",
    "--generate-entitlement-der",
    "--strip-disallowed-xattrs",
    "-vvv",
    "/var/folders/4x/d81_590j6m5677fzyww419kr0000gn/T/XcodeDistPipeline.~~~StjlHa/Root/Payload/familynetmall stg.app/Frameworks/TouchEn_AntiCapture.framework"
)'>
2026-05-15 04:13:16 +0000  codesign output: /var/folders/4x/d81_590j6m5677fzyww419kr0000gn/T/XcodeDistPipeline.~~~StjlHa/Root/Payload/familynetmall stg.app/Frameworks/TouchEn_AntiCapture.framework: replacing existing signature
/var/folders/4x/d81_590j6m5677fzyww419kr0000gn/T/XcodeDistPipeline.~~~StjlHa/Root/Payload/familynetmall stg.app/Frameworks/TouchEn_AntiCapture.framework: signed bundle with Mach-O thin (arm64) [com.raonsecure.TouchEn-AntiCapture]
2026-05-15 04:13:16 +0000  Entitlements for <IDEDistributionItem: 0xbc26a95c0; bundleID='com.samsung.familynetmall.test.stg.stgNotiService', path='<DVTFilePath:0xbd4450380:'/Users/famous/Library/Developer/Xcode/Archives/2026-05-15/familynetmall stg 5-15-26, 1.12 PM.xcarchive/Products/Applications/familynetmall stg.app/PlugIns/stgNotiService.appex'>', codeSigningInfo='<_DVTCodeSigningInformation_Path: 0xbc26a9620; isSigned='1', isAdHocSigned='0', signingCertificate='<DVTSigningCertificate: 0xbc0a5f600; name='Apple Development: Myoung Han Yoo (YG54XDH284)', hash='05AFCE5D816A7D525D6883A69730896387AC416C', serialNumber='3A438153DC36CF3F81693F9370040268', certificateKinds='(
    "1.2.840.113635.100.6.1.12",
    "1.2.840.113635.100.6.1.2"
), issueDate='2026-02-20 06:10:42 +0000''>', entitlements='{
    "application-identifier" = "7CAAQRL44H.com.samsung.familynetmall.test.stg.stgNotiService";
    "com.apple.developer.team-identifier" = 7CAAQRL44H;
    "get-task-allow" = 1;
}', teamID='7CAAQRL44H', identifier='com.samsung.familynetmall.test.stg.stgNotiService', executablePath='<DVTFilePath:0xbc12046c0:'/Users/famous/Library/Developer/Xcode/Archives/2026-05-15/familynetmall stg 5-15-26, 1.12 PM.xcarchive/Products/Applications/familynetmall stg.app/PlugIns/stgNotiService.appex/stgNotiService'>', hardenedRuntime='0'>'>: {
    "application-identifier" = "7CAAQRL44H.com.samsung.familynetmall.test.stg.stgNotiService";
    "com.apple.developer.team-identifier" = 7CAAQRL44H;
    "get-task-allow" = 0;
}
2026-05-15 04:13:16 +0000  Associated App Clip Identifiers Filter: Skipping because "com.apple.developer.associated-appclip-app-identifiers" is not present
2026-05-15 04:13:16 +0000  Entitlements for <IDEDistributionItem: 0xbc26a95c0; bundleID='com.samsung.familynetmall.test.stg.stgNotiService', path='<DVTFilePath:0xbd4450380:'/Users/famous/Library/Developer/Xcode/Archives/2026-05-15/familynetmall stg 5-15-26, 1.12 PM.xcarchive/Products/Applications/familynetmall stg.app/PlugIns/stgNotiService.appex'>', codeSigningInfo='<_DVTCodeSigningInformation_Path: 0xbc26a9620; isSigned='1', isAdHocSigned='0', signingCertificate='<DVTSigningCertificate: 0xbc0a5f540; name='Apple Development: Myoung Han Yoo (YG54XDH284)', hash='05AFCE5D816A7D525D6883A69730896387AC416C', serialNumber='3A438153DC36CF3F81693F9370040268', certificateKinds='(
    "1.2.840.113635.100.6.1.12",
    "1.2.840.113635.100.6.1.2"
), issueDate='2026-02-20 06:10:42 +0000''>', entitlements='{
    "application-identifier" = "7CAAQRL44H.com.samsung.familynetmall.test.stg.stgNotiService";
    "com.apple.developer.team-identifier" = 7CAAQRL44H;
    "get-task-allow" = 1;
}', teamID='7CAAQRL44H', identifier='com.samsung.familynetmall.test.stg.stgNotiService', executablePath='<DVTFilePath:0xbc12046c0:'/Users/famous/Library/Developer/Xcode/Archives/2026-05-15/familynetmall stg 5-15-26, 1.12 PM.xcarchive/Products/Applications/familynetmall stg.app/PlugIns/stgNotiService.appex/stgNotiService'>', hardenedRuntime='0'>'> are: {
    "application-identifier" = "7CAAQRL44H.com.samsung.familynetmall.test.stg.stgNotiService";
    "com.apple.developer.team-identifier" = 7CAAQRL44H;
    "get-task-allow" = 0;
}
2026-05-15 04:13:16 +0000  Writing entitlements for <IDEDistributionItem: 0xbc26a95c0; bundleID='com.samsung.familynetmall.test.stg.stgNotiService', path='<DVTFilePath:0xbd4450380:'/Users/famous/Library/Developer/Xcode/Archives/2026-05-15/familynetmall stg 5-15-26, 1.12 PM.xcarchive/Products/Applications/familynetmall stg.app/PlugIns/stgNotiService.appex'>', codeSigningInfo='<_DVTCodeSigningInformation_Path: 0xbc26a9620; isSigned='1', isAdHocSigned='0', signingCertificate='<DVTSigningCertificate: 0xbc0a5f540; name='Apple Development: Myoung Han Yoo (YG54XDH284)', hash='05AFCE5D816A7D525D6883A69730896387AC416C', serialNumber='3A438153DC36CF3F81693F9370040268', certificateKinds='(
    "1.2.840.113635.100.6.1.12",
    "1.2.840.113635.100.6.1.2"
), issueDate='2026-02-20 06:10:42 +0000''>', entitlements='{
    "application-identifier" = "7CAAQRL44H.com.samsung.familynetmall.test.stg.stgNotiService";
    "com.apple.developer.team-identifier" = 7CAAQRL44H;
    "get-task-allow" = 1;
}', teamID='7CAAQRL44H', identifier='com.samsung.familynetmall.test.stg.stgNotiService', executablePath='<DVTFilePath:0xbc12046c0:'/Users/famous/Library/Developer/Xcode/Archives/2026-05-15/familynetmall stg 5-15-26, 1.12 PM.xcarchive/Products/Applications/familynetmall stg.app/PlugIns/stgNotiService.appex/stgNotiService'>', hardenedRuntime='0'>'> to: /var/folders/4x/d81_590j6m5677fzyww419kr0000gn/T/XcodeDistPipeline.~~~StjlHa/entitlements~~~jjLQiQ
2026-05-15 04:13:16 +0000  invoking codesign: <NSConcreteTask: 0xbf8729d10; launchPath='/usr/bin/codesign', arguments='(
    "-f",
    "-s",
    5DD36B92E569657C474E5CBDFB2BB034CFE6BEF3,
    "--entitlements",
    "/var/folders/4x/d81_590j6m5677fzyww419kr0000gn/T/XcodeDistPipeline.~~~StjlHa/entitlements~~~jjLQiQ",
    "--preserve-metadata=identifier,flags,runtime,launch-constraints,library-constraints",
    "--generate-entitlement-der",
    "--strip-disallowed-xattrs",
    "-vvv",
    "/var/folders/4x/d81_590j6m5677fzyww419kr0000gn/T/XcodeDistPipeline.~~~StjlHa/Root/Payload/familynetmall stg.app/PlugIns/stgNotiService.appex"
)'>
2026-05-15 04:13:16 +0000  codesign output: /var/folders/4x/d81_590j6m5677fzyww419kr0000gn/T/XcodeDistPipeline.~~~StjlHa/Root/Payload/familynetmall stg.app/PlugIns/stgNotiService.appex: replacing existing signature
/var/folders/4x/d81_590j6m5677fzyww419kr0000gn/T/XcodeDistPipeline.~~~StjlHa/Root/Payload/familynetmall stg.app/PlugIns/stgNotiService.appex: signed bundle with Mach-O thin (arm64) [com.samsung.familynetmall.test.stg.stgNotiService]
2026-05-15 04:13:16 +0000  Entitlements for <IDEDistributionItem: 0xbc12c6220; bundleID='com.samsung.familynetmall.test.stg', path='<DVTFilePath:0xbeaa55400:'/Users/famous/Library/Developer/Xcode/Archives/2026-05-15/familynetmall stg 5-15-26, 1.12 PM.xcarchive/Products/Applications/familynetmall stg.app'>', codeSigningInfo='<_DVTCodeSigningInformation_Path: 0xbc11fb120; isSigned='1', isAdHocSigned='0', signingCertificate='<DVTSigningCertificate: 0xbc0a5f600; name='Apple Development: Myoung Han Yoo (YG54XDH284)', hash='05AFCE5D816A7D525D6883A69730896387AC416C', serialNumber='3A438153DC36CF3F81693F9370040268', certificateKinds='(
    "1.2.840.113635.100.6.1.12",
    "1.2.840.113635.100.6.1.2"
), issueDate='2026-02-20 06:10:42 +0000''>', entitlements='{
    "application-identifier" = "7CAAQRL44H.com.samsung.familynetmall.test.stg";
    "aps-environment" = development;
    "com.apple.developer.team-identifier" = 7CAAQRL44H;
    "get-task-allow" = 1;
}', teamID='7CAAQRL44H', identifier='com.samsung.familynetmall.test.stg', executablePath='<DVTFilePath:0xbeaa55480:'/Users/famous/Library/Developer/Xcode/Archives/2026-05-15/familynetmall stg 5-15-26, 1.12 PM.xcarchive/Products/Applications/familynetmall stg.app/familynetmall stg'>', hardenedRuntime='0'>'>: {
    "application-identifier" = "7CAAQRL44H.com.samsung.familynetmall.test.stg";
    "aps-environment" = production;
    "com.apple.developer.team-identifier" = 7CAAQRL44H;
    "get-task-allow" = 0;
}
2026-05-15 04:13:16 +0000  Associated App Clip Identifiers Filter: Skipping because "com.apple.developer.associated-appclip-app-identifiers" is not present
2026-05-15 04:13:16 +0000  Entitlements for <IDEDistributionItem: 0xbc12c6220; bundleID='com.samsung.familynetmall.test.stg', path='<DVTFilePath:0xbeaa55400:'/Users/famous/Library/Developer/Xcode/Archives/2026-05-15/familynetmall stg 5-15-26, 1.12 PM.xcarchive/Products/Applications/familynetmall stg.app'>', codeSigningInfo='<_DVTCodeSigningInformation_Path: 0xbc11fb120; isSigned='1', isAdHocSigned='0', signingCertificate='<DVTSigningCertificate: 0xbc0a5f540; name='Apple Development: Myoung Han Yoo (YG54XDH284)', hash='05AFCE5D816A7D525D6883A69730896387AC416C', serialNumber='3A438153DC36CF3F81693F9370040268', certificateKinds='(
    "1.2.840.113635.100.6.1.12",
    "1.2.840.113635.100.6.1.2"
), issueDate='2026-02-20 06:10:42 +0000''>', entitlements='{
    "application-identifier" = "7CAAQRL44H.com.samsung.familynetmall.test.stg";
    "aps-environment" = development;
    "com.apple.developer.team-identifier" = 7CAAQRL44H;
    "get-task-allow" = 1;
}', teamID='7CAAQRL44H', identifier='com.samsung.familynetmall.test.stg', executablePath='<DVTFilePath:0xbeaa55480:'/Users/famous/Library/Developer/Xcode/Archives/2026-05-15/familynetmall stg 5-15-26, 1.12 PM.xcarchive/Products/Applications/familynetmall stg.app/familynetmall stg'>', hardenedRuntime='0'>'> are: {
    "application-identifier" = "7CAAQRL44H.com.samsung.familynetmall.test.stg";
    "aps-environment" = production;
    "com.apple.developer.team-identifier" = 7CAAQRL44H;
    "get-task-allow" = 0;
}
2026-05-15 04:13:16 +0000  Writing entitlements for <IDEDistributionItem: 0xbc12c6220; bundleID='com.samsung.familynetmall.test.stg', path='<DVTFilePath:0xbeaa55400:'/Users/famous/Library/Developer/Xcode/Archives/2026-05-15/familynetmall stg 5-15-26, 1.12 PM.xcarchive/Products/Applications/familynetmall stg.app'>', codeSigningInfo='<_DVTCodeSigningInformation_Path: 0xbc11fb120; isSigned='1', isAdHocSigned='0', signingCertificate='<DVTSigningCertificate: 0xbc0a5f540; name='Apple Development: Myoung Han Yoo (YG54XDH284)', hash='05AFCE5D816A7D525D6883A69730896387AC416C', serialNumber='3A438153DC36CF3F81693F9370040268', certificateKinds='(
    "1.2.840.113635.100.6.1.12",
    "1.2.840.113635.100.6.1.2"
), issueDate='2026-02-20 06:10:42 +0000''>', entitlements='{
    "application-identifier" = "7CAAQRL44H.com.samsung.familynetmall.test.stg";
    "aps-environment" = development;
    "com.apple.developer.team-identifier" = 7CAAQRL44H;
    "get-task-allow" = 1;
}', teamID='7CAAQRL44H', identifier='com.samsung.familynetmall.test.stg', executablePath='<DVTFilePath:0xbeaa55480:'/Users/famous/Library/Developer/Xcode/Archives/2026-05-15/familynetmall stg 5-15-26, 1.12 PM.xcarchive/Products/Applications/familynetmall stg.app/familynetmall stg'>', hardenedRuntime='0'>'> to: /var/folders/4x/d81_590j6m5677fzyww419kr0000gn/T/XcodeDistPipeline.~~~StjlHa/entitlements~~~I7rcNc
2026-05-15 04:13:16 +0000  invoking codesign: <NSConcreteTask: 0xbf8729d10; launchPath='/usr/bin/codesign', arguments='(
    "-f",
    "-s",
    5DD36B92E569657C474E5CBDFB2BB034CFE6BEF3,
    "--entitlements",
    "/var/folders/4x/d81_590j6m5677fzyww419kr0000gn/T/XcodeDistPipeline.~~~StjlHa/entitlements~~~I7rcNc",
    "--preserve-metadata=identifier,flags,runtime,launch-constraints,library-constraints",
    "--generate-entitlement-der",
    "--strip-disallowed-xattrs",
    "-vvv",
    "/var/folders/4x/d81_590j6m5677fzyww419kr0000gn/T/XcodeDistPipeline.~~~StjlHa/Root/Payload/familynetmall stg.app"
)'>
2026-05-15 04:13:16 +0000  codesign output: /var/folders/4x/d81_590j6m5677fzyww419kr0000gn/T/XcodeDistPipeline.~~~StjlHa/Root/Payload/familynetmall stg.app: replacing existing signature
/var/folders/4x/d81_590j6m5677fzyww419kr0000gn/T/XcodeDistPipeline.~~~StjlHa/Root/Payload/familynetmall stg.app: signed app bundle with Mach-O thin (arm64) [com.samsung.familynetmall.test.stg]
2026-05-15 04:13:16 +0000  Processing step: IDEDistributionZipODRItemStep
2026-05-15 04:13:16 +0000  Skipping step: IDEDistributionZipODRItemStep because it said so
2026-05-15 04:13:16 +0000  Skipping step: IDEDistributionZipODRItemStep because it said so
2026-05-15 04:13:16 +0000  Skipping step: IDEDistributionZipODRItemStep because it said so
2026-05-15 04:13:16 +0000  Skipping step: IDEDistributionZipODRItemStep because it said so
2026-05-15 04:13:16 +0000  Skipping step: IDEDistributionZipODRItemStep because it said so
2026-05-15 04:13:16 +0000  Skipping step: IDEDistributionZipODRItemStep because it said so
2026-05-15 04:13:16 +0000  Skipping step: IDEDistributionZipODRItemStep because it said so
2026-05-15 04:13:16 +0000  Processing step: IDEDistributionCreateIPAStep
2026-05-15 04:13:16 +0000  Running /usr/bin/ditto '-V' '-c' '-k' '--norsrc' '/var/folders/4x/d81_590j6m5677fzyww419kr0000gn/T/XcodeDistPipeline.~~~StjlHa/Root' '/var/folders/4x/d81_590j6m5677fzyww419kr0000gn/T/XcodeDistPipeline.~~~StjlHa/Packages/familynetmall stg.ipa'
2026-05-15 04:13:16 +0000  >>> Copying /var/folders/4x/d81_590j6m5677fzyww419kr0000gn/T/XcodeDistPipeline.~~~StjlHa/Root 
2026-05-15 04:13:16 +0000  copying file ./Payload/familynetmall stg.app/_CodeSignature/CodeResources ... 
2026-05-15 04:13:16 +0000  28022 bytes for ./Payload/familynetmall stg.app/_CodeSignature/CodeResources
2026-05-15 04:13:16 +0000  copying file ./Payload/familynetmall stg.app/familynetmall stg ... 
2026-05-15 04:13:16 +0000  4509584 bytes for ./Payload/familynetmall stg.app/familynetmall stg
2026-05-15 04:13:16 +0000  copying file ./Payload/familynetmall stg.app/samsung_one_korean_700.ttf ... 
2026-05-15 04:13:16 +0000  3651976 bytes for ./Payload/familynetmall stg.app/samsung_one_korean_700.ttf
2026-05-15 04:13:16 +0000  copying file ./Payload/familynetmall stg.app/samsung_sharpsans_bold.ttf ... 
2026-05-15 04:13:16 +0000  219252 bytes for ./Payload/familynetmall stg.app/samsung_sharpsans_bold.ttf
2026-05-15 04:13:16 +0000  copying file ./Payload/familynetmall stg.app/Setting.storyboardc/vkP-RF-CPS-view-2ea-2Q-hl1.nib ... 
2026-05-15 04:13:16 +0000  5033 bytes for ./Payload/familynetmall stg.app/Setting.storyboardc/vkP-RF-CPS-view-2ea-2Q-hl1.nib
2026-05-15 04:13:16 +0000  copying file ./Payload/familynetmall stg.app/Setting.storyboardc/7LQ-eo-VKq-view-Mn7-CO-3th.nib ... 
2026-05-15 04:13:16 +0000  14395 bytes for ./Payload/familynetmall stg.app/Setting.storyboardc/7LQ-eo-VKq-view-Mn7-CO-3th.nib
2026-05-15 04:13:16 +0000  copying file ./Payload/familynetmall stg.app/Setting.storyboardc/OpenSourceVC.nib ... 
2026-05-15 04:13:16 +0000  1128 bytes for ./Payload/familynetmall stg.app/Setting.storyboardc/OpenSourceVC.nib
2026-05-15 04:13:16 +0000  copying file ./Payload/familynetmall stg.app/Setting.storyboardc/Info.plist ... 
2026-05-15 04:13:16 +0000  169 bytes for ./Payload/familynetmall stg.app/Setting.storyboardc/Info.plist
2026-05-15 04:13:16 +0000  copying file ./Payload/familynetmall stg.app/Setting.storyboardc/SettingVC.nib ... 
2026-05-15 04:13:16 +0000  29049 bytes for ./Payload/familynetmall stg.app/Setting.storyboardc/SettingVC.nib
2026-05-15 04:13:16 +0000  copying file ./Payload/familynetmall stg.app/PlugIns/stgNotiService.appex/_CodeSignature/CodeResources ... 
2026-05-15 04:13:16 +0000  2040 bytes for ./Payload/familynetmall stg.app/PlugIns/stgNotiService.appex/_CodeSignature/CodeResources
2026-05-15 04:13:16 +0000  copying file ./Payload/familynetmall stg.app/PlugIns/stgNotiService.appex/stgNotiService ... 
2026-05-15 04:13:16 +0000  91760 bytes for ./Payload/familynetmall stg.app/PlugIns/stgNotiService.appex/stgNotiService
2026-05-15 04:13:16 +0000  copying file ./Payload/familynetmall stg.app/PlugIns/stgNotiService.appex/embedded.mobileprovision ... 
2026-05-15 04:13:16 +0000  15480 bytes for ./Payload/familynetmall stg.app/PlugIns/stgNotiService.appex/embedded.mobileprovision
2026-05-15 04:13:16 +0000  copying file ./Payload/familynetmall stg.app/PlugIns/stgNotiService.appex/Info.plist ... 
2026-05-15 04:13:16 +0000  973 bytes for ./Payload/familynetmall stg.app/PlugIns/stgNotiService.appex/Info.plist
2026-05-15 04:13:16 +0000  copying file ./Payload/familynetmall stg.app/AppIcon60x60@2x.png ... 
2026-05-15 04:13:16 +0000  7308 bytes for ./Payload/familynetmall stg.app/AppIcon60x60@2x.png
2026-05-15 04:13:16 +0000  copying file ./Payload/familynetmall stg.app/Alert.storyboardc/Y6W-OH-hqX-view-5EZ-qb-Rvc.nib ... 
2026-05-15 04:13:16 +0000  9484 bytes for ./Payload/familynetmall stg.app/Alert.storyboardc/Y6W-OH-hqX-view-5EZ-qb-Rvc.nib
2026-05-15 04:13:16 +0000  copying file ./Payload/familynetmall stg.app/Alert.storyboardc/BasicAlertVC.nib ... 
2026-05-15 04:13:16 +0000  12342 bytes for ./Payload/familynetmall stg.app/Alert.storyboardc/BasicAlertVC.nib
2026-05-15 04:13:16 +0000  copying file ./Payload/familynetmall stg.app/Alert.storyboardc/Info.plist ... 
2026-05-15 04:13:16 +0000  145 bytes for ./Payload/familynetmall stg.app/Alert.storyboardc/Info.plist
2026-05-15 04:13:16 +0000  copying file ./Payload/familynetmall stg.app/samsung_one_korean_400.ttf ... 
2026-05-15 04:13:16 +0000  3590680 bytes for ./Payload/familynetmall stg.app/samsung_one_korean_400.ttf
2026-05-15 04:13:16 +0000  copying file ./Payload/familynetmall stg.app/GoogleService-Info.plist ... 
566 bytes for ./Payload/familynetmall stg.app/GoogleService-Info.plist
copying file ./Payload/familynetmall stg.app/Base.lproj/Main.storyboardc/Q3U-I2-mrL-view-3XK-Gd-MrI.nib ... 
2579 bytes for ./Payload/familynetmall stg.app/Base.lproj/Main.storyboardc/Q3U-I2-mrL-view-3XK-Gd-MrI.nib
copying file ./Payload/familynetmall stg.app/Base.lproj/Main.storyboardc/UIViewController-qc6-ce-ko2.nib ... 
2026-05-15 04:13:16 +0000  1371 bytes for ./Payload/familynetmall stg.app/Base.lproj/Main.storyboardc/UIViewController-qc6-ce-ko2.nib
2026-05-15 04:13:16 +0000  copying file ./Payload/familynetmall stg.app/Base.lproj/Main.storyboardc/PopupVC.nib ... 
2026-05-15 04:13:16 +0000  1042 bytes for ./Payload/familynetmall stg.app/Base.lproj/Main.storyboardc/PopupVC.nib
2026-05-15 04:13:16 +0000  copying file ./Payload/familynetmall stg.app/Base.lproj/Main.storyboardc/qc6-ce-ko2-view-zfn-k4-gxh.nib ... 
2026-05-15 04:13:16 +0000  10849 bytes for ./Payload/familynetmall stg.app/Base.lproj/Main.storyboardc/qc6-ce-ko2-view-zfn-k4-gxh.nib
2026-05-15 04:13:16 +0000  copying file ./Payload/familynetmall stg.app/Base.lproj/Main.storyboardc/UINavigationController-yIa-gt-kSc.nib ... 
2026-05-15 04:13:16 +0000  4537 bytes for ./Payload/familynetmall stg.app/Base.lproj/Main.storyboardc/UINavigationController-yIa-gt-kSc.nib
2026-05-15 04:13:16 +0000  copying file ./Payload/familynetmall stg.app/Base.lproj/Main.storyboardc/GuideVC2.nib ... 
2026-05-15 04:13:16 +0000  967 bytes for ./Payload/familynetmall stg.app/Base.lproj/Main.storyboardc/GuideVC2.nib
2026-05-15 04:13:16 +0000  copying file ./Payload/familynetmall stg.app/Base.lproj/Main.storyboardc/GuideVC3.nib ... 
2026-05-15 04:13:16 +0000  967 bytes for ./Payload/familynetmall stg.app/Base.lproj/Main.storyboardc/GuideVC3.nib
2026-05-15 04:13:16 +0000  copying file ./Payload/familynetmall stg.app/Base.lproj/Main.storyboardc/UIViewController-s4P-tV-eny.nib ... 
2026-05-15 04:13:16 +0000  22587 bytes for ./Payload/familynetmall stg.app/Base.lproj/Main.storyboardc/UIViewController-s4P-tV-eny.nib
2026-05-15 04:13:16 +0000  copying file ./Payload/familynetmall stg.app/Base.lproj/Main.storyboardc/cUi-eZ-SMf-view-S3a-W0-wJl.nib ... 
2026-05-15 04:13:16 +0000  2607 bytes for ./Payload/familynetmall stg.app/Base.lproj/Main.storyboardc/cUi-eZ-SMf-view-S3a-W0-wJl.nib
2026-05-15 04:13:16 +0000  copying file ./Payload/familynetmall stg.app/Base.lproj/Main.storyboardc/GuideVC1.nib ... 
2026-05-15 04:13:16 +0000  967 bytes for ./Payload/familynetmall stg.app/Base.lproj/Main.storyboardc/GuideVC1.nib
2026-05-15 04:13:16 +0000  copying file ./Payload/familynetmall stg.app/Base.lproj/Main.storyboardc/i5V-As-P0w-view-zgP-PQ-Z21.nib ... 
2026-05-15 04:13:16 +0000  1840 bytes for ./Payload/familynetmall stg.app/Base.lproj/Main.storyboardc/i5V-As-P0w-view-zgP-PQ-Z21.nib
2026-05-15 04:13:16 +0000  copying file ./Payload/familynetmall stg.app/Base.lproj/Main.storyboardc/bXw-6F-EZc-view-Ofd-H8-0JV.nib ... 
2026-05-15 04:13:16 +0000  2593 bytes for ./Payload/familynetmall stg.app/Base.lproj/Main.storyboardc/bXw-6F-EZc-view-Ofd-H8-0JV.nib
2026-05-15 04:13:16 +0000  copying file ./Payload/familynetmall stg.app/Base.lproj/Main.storyboardc/kbv-XG-529-view-Nqq-zM-bjF.nib ... 
2026-05-15 04:13:16 +0000  2575 bytes for ./Payload/familynetmall stg.app/Base.lproj/Main.storyboardc/kbv-XG-529-view-Nqq-zM-bjF.nib
2026-05-15 04:13:16 +0000  copying file ./Payload/familynetmall stg.app/Base.lproj/Main.storyboardc/BYZ-38-t0r-view-8bC-Xf-vdC.nib ... 
2026-05-15 04:13:16 +0000  2667 bytes for ./Payload/familynetmall stg.app/Base.lproj/Main.storyboardc/BYZ-38-t0r-view-8bC-Xf-vdC.nib
2026-05-15 04:13:16 +0000  copying file ./Payload/familynetmall stg.app/Base.lproj/Main.storyboardc/aer-Ul-Ynq-view-dGY-Nd-eZP.nib ... 
2026-05-15 04:13:16 +0000  4580 bytes for ./Payload/familynetmall stg.app/Base.lproj/Main.storyboardc/aer-Ul-Ynq-view-dGY-Nd-eZP.nib
2026-05-15 04:13:16 +0000  copying file ./Payload/familynetmall stg.app/Base.lproj/Main.storyboardc/s4P-tV-eny-view-Kzz-nX-jyg.nib ... 
2026-05-15 04:13:16 +0000  5336 bytes for ./Payload/familynetmall stg.app/Base.lproj/Main.storyboardc/s4P-tV-eny-view-Kzz-nX-jyg.nib
2026-05-15 04:13:16 +0000  copying file ./Payload/familynetmall stg.app/Base.lproj/Main.storyboardc/z5a-0o-7r2-view-144-aI-YAa.nib ... 
2026-05-15 04:13:16 +0000  2597 bytes for ./Payload/familynetmall stg.app/Base.lproj/Main.storyboardc/z5a-0o-7r2-view-144-aI-YAa.nib
2026-05-15 04:13:16 +0000  copying file ./Payload/familynetmall stg.app/Base.lproj/Main.storyboardc/GuideSol3.nib ... 
2026-05-15 04:13:16 +0000  968 bytes for ./Payload/familynetmall stg.app/Base.lproj/Main.storyboardc/GuideSol3.nib
2026-05-15 04:13:16 +0000  copying file ./Payload/familynetmall stg.app/Base.lproj/Main.storyboardc/GuideSol2.nib ... 
2026-05-15 04:13:16 +0000  968 bytes for ./Payload/familynetmall stg.app/Base.lproj/Main.storyboardc/GuideSol2.nib
2026-05-15 04:13:16 +0000  copying file ./Payload/familynetmall stg.app/Base.lproj/Main.storyboardc/tXe-H5-cCb-view-DgF-Wi-Q0G.nib ... 
2026-05-15 04:13:16 +0000  2634 bytes for ./Payload/familynetmall stg.app/Base.lproj/Main.storyboardc/tXe-H5-cCb-view-DgF-Wi-Q0G.nib
2026-05-15 04:13:16 +0000  copying file ./Payload/familynetmall stg.app/Base.lproj/Main.storyboardc/GuideSol1.nib ... 
2026-05-15 04:13:16 +0000  968 bytes for ./Payload/familynetmall stg.app/Base.lproj/Main.storyboardc/GuideSol1.nib
2026-05-15 04:13:16 +0000  copying file ./Payload/familynetmall stg.app/Base.lproj/Main.storyboardc/JLc-NW-gZD-view-09x-xa-XJM.nib ... 
2026-05-15 04:13:16 +0000  2630 bytes for ./Payload/familynetmall stg.app/Base.lproj/Main.storyboardc/JLc-NW-gZD-view-09x-xa-XJM.nib
2026-05-15 04:13:16 +0000  copying file ./Payload/familynetmall stg.app/Base.lproj/Main.storyboardc/GuideSol4.nib ... 
2026-05-15 04:13:16 +0000  968 bytes for ./Payload/familynetmall stg.app/Base.lproj/Main.storyboardc/GuideSol4.nib
2026-05-15 04:13:16 +0000  copying file ./Payload/familynetmall stg.app/Base.lproj/Main.storyboardc/Info.plist ... 
2026-05-15 04:13:16 +0000  661 bytes for ./Payload/familynetmall stg.app/Base.lproj/Main.storyboardc/Info.plist
2026-05-15 04:13:16 +0000  copying file ./Payload/familynetmall stg.app/Base.lproj/Main.storyboardc/WebViewController.nib ... 
2026-05-15 04:13:16 +0000  1135 bytes for ./Payload/familynetmall stg.app/Base.lproj/Main.storyboardc/WebViewController.nib
2026-05-15 04:13:16 +0000  copying file ./Payload/familynetmall stg.app/Base.lproj/LaunchScreen.storyboardc/01J-lp-oVM-view-Ze5-6b-2t3.nib ... 
2026-05-15 04:13:16 +0000  1225 bytes for ./Payload/familynetmall stg.app/Base.lproj/LaunchScreen.storyboardc/01J-lp-oVM-view-Ze5-6b-2t3.nib
2026-05-15 04:13:16 +0000  copying file ./Payload/familynetmall stg.app/Base.lproj/LaunchScreen.storyboardc/UIViewController-01J-lp-oVM.nib ... 
2026-05-15 04:13:16 +0000  924 bytes for ./Payload/familynetmall stg.app/Base.lproj/LaunchScreen.storyboardc/UIViewController-01J-lp-oVM.nib
2026-05-15 04:13:16 +0000  copying file ./Payload/familynetmall stg.app/Base.lproj/LaunchScreen.storyboardc/Info.plist ... 
2026-05-15 04:13:16 +0000  258 bytes for ./Payload/familynetmall stg.app/Base.lproj/LaunchScreen.storyboardc/Info.plist
2026-05-15 04:13:16 +0000  copying file ./Payload/familynetmall stg.app/GoogleService-Info-Stg.plist ... 
2026-05-15 04:13:16 +0000  576 bytes for ./Payload/familynetmall stg.app/GoogleService-Info-Stg.plist
2026-05-15 04:13:16 +0000  copying file ./Payload/familynetmall stg.app/Assets.car ... 
2026-05-15 04:13:16 +0000  1521480 bytes for ./Payload/familynetmall stg.app/Assets.car
2026-05-15 04:13:16 +0000  copying file ./Payload/familynetmall stg.app/AppIcon76x76@2x~ipad.png ... 
2026-05-15 04:13:16 +0000  9071 bytes for ./Payload/familynetmall stg.app/AppIcon76x76@2x~ipad.png
2026-05-15 04:13:16 +0000  copying file ./Payload/familynetmall stg.app/TouchEn_AntiCapture_License.rsl ... 
2026-05-15 04:13:16 +0000  1096 bytes for ./Payload/familynetmall stg.app/TouchEn_AntiCapture_License.rsl
2026-05-15 04:13:16 +0000  copying file ./Payload/familynetmall stg.app/GoogleService-Info-Dev.plist ... 
2026-05-15 04:13:16 +0000  581 bytes for ./Payload/familynetmall stg.app/GoogleService-Info-Dev.plist
2026-05-15 04:13:16 +0000  copying file ./Payload/familynetmall stg.app/Frameworks/TouchEn_AntiCapture.framework/_CodeSignature/CodeResources ... 
2026-05-15 04:13:16 +0000  8859 bytes for ./Payload/familynetmall stg.app/Frameworks/TouchEn_AntiCapture.framework/_CodeSignature/CodeResources
2026-05-15 04:13:16 +0000  copying file ./Payload/familynetmall stg.app/Frameworks/TouchEn_AntiCapture.framework/LICENSE ... 
2026-05-15 04:13:16 +0000  1481 bytes for ./Payload/familynetmall stg.app/Frameworks/TouchEn_AntiCapture.framework/LICENSE
2026-05-15 04:13:16 +0000  copying file ./Payload/familynetmall stg.app/Frameworks/TouchEn_AntiCapture.framework/TouchEn_AntiCapture ... 
2026-05-15 04:13:16 +0000  511824 bytes for ./Payload/familynetmall stg.app/Frameworks/TouchEn_AntiCapture.framework/TouchEn_AntiCapture
2026-05-15 04:13:16 +0000  copying file ./Payload/familynetmall stg.app/Frameworks/TouchEn_AntiCapture.framework/GCDWebUploader.bundle/Contents/Resources/en.lproj/Localizable.strings ... 
2026-05-15 04:13:16 +0000  168 bytes for ./Payload/familynetmall stg.app/Frameworks/TouchEn_AntiCapture.framework/GCDWebUploader.bundle/Contents/Resources/en.lproj/Localizable.strings
2026-05-15 04:13:16 +0000  copying file ./Payload/familynetmall stg.app/Frameworks/TouchEn_AntiCapture.framework/GCDWebUploader.bundle/Contents/Resources/index.html ... 
2026-05-15 04:13:16 +0000  7938 bytes for ./Payload/familynetmall stg.app/Frameworks/TouchEn_AntiCapture.framework/GCDWebUploader.bundle/Contents/Resources/index.html
2026-05-15 04:13:16 +0000  copying file ./Payload/familynetmall stg.app/Frameworks/TouchEn_AntiCapture.framework/GCDWebUploader.bundle/Contents/Resources/css/bootstrap.css ... 
2026-05-15 04:13:16 +0000  121220 bytes for ./Payload/familynetmall stg.app/Frameworks/TouchEn_AntiCapture.framework/GCDWebUploader.bundle/Contents/Resources/css/bootstrap.css
2026-05-15 04:13:16 +0000  copying file ./Payload/familynetmall stg.app/Frameworks/TouchEn_AntiCapture.framework/GCDWebUploader.bundle/Contents/Resources/css/jquery.fileupload.css ... 
2026-05-15 04:13:16 +0000  655 bytes for ./Payload/familynetmall stg.app/Frameworks/TouchEn_AntiCapture.framework/GCDWebUploader.bundle/Contents/Resources/css/jquery.fileupload.css
2026-05-15 04:13:16 +0000  copying file ./Payload/familynetmall stg.app/Frameworks/TouchEn_AntiCapture.framework/GCDWebUploader.bundle/Contents/Resources/css/index.css ... 
2026-05-15 04:13:16 +0000  2696 bytes for ./Payload/familynetmall stg.app/Frameworks/TouchEn_AntiCapture.framework/GCDWebUploader.bundle/Contents/Resources/css/index.css
2026-05-15 04:13:16 +0000  copying file ./Payload/familynetmall stg.app/Frameworks/TouchEn_AntiCapture.framework/GCDWebUploader.bundle/Contents/Resources/css/bootstrap-theme.css ... 
2026-05-15 04:13:16 +0000  14936 bytes for ./Payload/familynetmall stg.app/Frameworks/TouchEn_AntiCapture.framework/GCDWebUploader.bundle/Contents/Resources/css/bootstrap-theme.css
2026-05-15 04:13:16 +0000  copying file ./Payload/familynetmall stg.app/Frameworks/TouchEn_AntiCapture.framework/GCDWebUploader.bundle/Contents/Resources/js/jquery.ui.widget.js ... 
2026-05-15 04:13:16 +0000  15085 bytes for ./Payload/familynetmall stg.app/Frameworks/TouchEn_AntiCapture.framework/GCDWebUploader.bundle/Contents/Resources/js/jquery.ui.widget.js
2026-05-15 04:13:16 +0000  copying file ./Payload/familynetmall stg.app/Frameworks/TouchEn_AntiCapture.framework/GCDWebUploader.bundle/Contents/Resources/js/respond.min.js ... 
2026-05-15 04:13:16 +0000  4377 bytes for ./Payload/familynetmall stg.app/Frameworks/TouchEn_AntiCapture.framework/GCDWebUploader.bundle/Contents/Resources/js/respond.min.js
2026-05-15 04:13:16 +0000  copying file ./Payload/familynetmall stg.app/Frameworks/TouchEn_AntiCapture.framework/GCDWebUploader.bundle/Contents/Resources/js/jquery.fileupload.js ... 
2026-05-15 04:13:16 +0000  61692 bytes for ./Payload/familynetmall stg.app/Frameworks/TouchEn_AntiCapture.framework/GCDWebUploader.bundle/Contents/Resources/js/jquery.fileupload.js
2026-05-15 04:13:16 +0000  copying file ./Payload/familynetmall stg.app/Frameworks/TouchEn_AntiCapture.framework/GCDWebUploader.bundle/Contents/Resources/js/index.js ... 
2026-05-15 04:13:16 +0000  9581 bytes for ./Payload/familynetmall stg.app/Frameworks/TouchEn_AntiCapture.framework/GCDWebUploader.bundle/Contents/Resources/js/index.js
2026-05-15 04:13:16 +0000  copying file ./Payload/familynetmall stg.app/Frameworks/TouchEn_AntiCapture.framework/GCDWebUploader.bundle/Contents/Resources/js/jquery.min.js ... 
2026-05-15 04:13:16 +0000  96381 bytes for ./Payload/familynetmall stg.app/Frameworks/TouchEn_AntiCapture.framework/GCDWebUploader.bundle/Contents/Resources/js/jquery.min.js
2026-05-15 04:13:16 +0000  copying file ./Payload/familynetmall stg.app/Frameworks/TouchEn_AntiCapture.framework/GCDWebUploader.bundle/Contents/Resources/js/bootstrap.min.js ... 
2026-05-15 04:13:16 +0000  29110 bytes for ./Payload/familynetmall stg.app/Frameworks/TouchEn_AntiCapture.framework/GCDWebUploader.bundle/Contents/Resources/js/bootstrap.min.js
2026-05-15 04:13:16 +0000  copying file ./Payload/familynetmall stg.app/Frameworks/TouchEn_AntiCapture.framework/GCDWebUploader.bundle/Contents/Resources/js/tmpl.min.js ... 
2026-05-15 04:13:16 +0000  977 bytes for ./Payload/familynetmall stg.app/Frameworks/TouchEn_AntiCapture.framework/GCDWebUploader.bundle/Contents/Resources/js/tmpl.min.js
2026-05-15 04:13:16 +0000  copying file ./Payload/familynetmall stg.app/Frameworks/TouchEn_AntiCapture.framework/GCDWebUploader.bundle/Contents/Resources/js/html5shiv.min.js ... 
2026-05-15 04:13:16 +0000  2429 bytes for ./Payload/familynetmall stg.app/Frameworks/TouchEn_AntiCapture.framework/GCDWebUploader.bundle/Contents/Resources/js/html5shiv.min.js
2026-05-15 04:13:16 +0000  copying file ./Payload/familynetmall stg.app/Frameworks/TouchEn_AntiCapture.framework/GCDWebUploader.bundle/Contents/Resources/js/jquery.jeditable.js ... 
2026-05-15 04:13:16 +0000  24496 bytes for ./Payload/familynetmall stg.app/Frameworks/TouchEn_AntiCapture.framework/GCDWebUploader.bundle/Contents/Resources/js/jquery.jeditable.js
2026-05-15 04:13:16 +0000  copying file ./Payload/familynetmall stg.app/Frameworks/TouchEn_AntiCapture.framework/GCDWebUploader.bundle/Contents/Resources/js/jquery.iframe-transport.js ... 
2026-05-15 04:13:16 +0000  10612 bytes for ./Payload/familynetmall stg.app/Frameworks/TouchEn_AntiCapture.framework/GCDWebUploader.bundle/Contents/Resources/js/jquery.iframe-transport.js
2026-05-15 04:13:16 +0000  copying file ./Payload/familynetmall stg.app/Frameworks/TouchEn_AntiCapture.framework/GCDWebUploader.bundle/Contents/Info.plist ... 
2026-05-15 04:13:16 +0000  126 bytes for ./Payload/familynetmall stg.app/Frameworks/TouchEn_AntiCapture.framework/GCDWebUploader.bundle/Contents/Info.plist
2026-05-15 04:13:16 +0000  copying file ./Payload/familynetmall stg.app/Frameworks/TouchEn_AntiCapture.framework/README.md ... 
2026-05-15 04:13:16 +0000  27194 bytes for ./Payload/familynetmall stg.app/Frameworks/TouchEn_AntiCapture.framework/README.md
2026-05-15 04:13:16 +0000  copying file ./Payload/familynetmall stg.app/Frameworks/TouchEn_AntiCapture.framework/Info.plist ... 
2026-05-15 04:13:16 +0000  845 bytes for ./Payload/familynetmall stg.app/Frameworks/TouchEn_AntiCapture.framework/Info.plist
2026-05-15 04:13:16 +0000  copying file ./Payload/familynetmall stg.app/Frameworks/GoogleAppMeasurement.framework/_CodeSignature/CodeResources ... 
2026-05-15 04:13:16 +0000  1798 bytes for ./Payload/familynetmall stg.app/Frameworks/GoogleAppMeasurement.framework/_CodeSignature/CodeResources
2026-05-15 04:13:16 +0000  copying file ./Payload/familynetmall stg.app/Frameworks/GoogleAppMeasurement.framework/GoogleAppMeasurement ... 
2026-05-15 04:13:16 +0000  51504 bytes for ./Payload/familynetmall stg.app/Frameworks/GoogleAppMeasurement.framework/GoogleAppMeasurement
2026-05-15 04:13:16 +0000  copying file ./Payload/familynetmall stg.app/Frameworks/GoogleAppMeasurement.framework/Info.plist ... 
2026-05-15 04:13:16 +0000  647 bytes for ./Payload/familynetmall stg.app/Frameworks/GoogleAppMeasurement.framework/Info.plist
2026-05-15 04:13:16 +0000  copying file ./Payload/familynetmall stg.app/Frameworks/FirebaseAnalytics.framework/_CodeSignature/CodeResources ... 
2026-05-15 04:13:16 +0000  1798 bytes for ./Payload/familynetmall stg.app/Frameworks/FirebaseAnalytics.framework/_CodeSignature/CodeResources
2026-05-15 04:13:16 +0000  copying file ./Payload/familynetmall stg.app/Frameworks/FirebaseAnalytics.framework/FirebaseAnalytics ... 
2026-05-15 04:13:16 +0000  51504 bytes for ./Payload/familynetmall stg.app/Frameworks/FirebaseAnalytics.framework/FirebaseAnalytics
2026-05-15 04:13:16 +0000  copying file ./Payload/familynetmall stg.app/Frameworks/FirebaseAnalytics.framework/Info.plist ... 
2026-05-15 04:13:16 +0000  638 bytes for ./Payload/familynetmall stg.app/Frameworks/FirebaseAnalytics.framework/Info.plist
2026-05-15 04:13:16 +0000  copying file ./Payload/familynetmall stg.app/Frameworks/GoogleAppMeasurementIdentitySupport.framework/_CodeSignature/CodeResources ... 
2026-05-15 04:13:16 +0000  1798 bytes for ./Payload/familynetmall stg.app/Frameworks/GoogleAppMeasurementIdentitySupport.framework/_CodeSignature/CodeResources
2026-05-15 04:13:16 +0000  copying file ./Payload/familynetmall stg.app/Frameworks/GoogleAppMeasurementIdentitySupport.framework/GoogleAppMeasurementIdentitySupport ... 
2026-05-15 04:13:16 +0000  51536 bytes for ./Payload/familynetmall stg.app/Frameworks/GoogleAppMeasurementIdentitySupport.framework/GoogleAppMeasurementIdentitySupport
2026-05-15 04:13:16 +0000  copying file ./Payload/familynetmall stg.app/Frameworks/GoogleAppMeasurementIdentitySupport.framework/Info.plist ... 
2026-05-15 04:13:16 +0000  692 bytes for ./Payload/familynetmall stg.app/Frameworks/GoogleAppMeasurementIdentitySupport.framework/Info.plist
2026-05-15 04:13:16 +0000  copying file ./Payload/familynetmall stg.app/Frameworks/RSLicenseSDK.framework/_CodeSignature/CodeResources ... 
2026-05-15 04:13:16 +0000  2102 bytes for ./Payload/familynetmall stg.app/Frameworks/RSLicenseSDK.framework/_CodeSignature/CodeResources
2026-05-15 04:13:16 +0000  copying file ./Payload/familynetmall stg.app/Frameworks/RSLicenseSDK.framework/Acknowledgements.md ... 
2026-05-15 04:13:16 +0000  5887 bytes for ./Payload/familynetmall stg.app/Frameworks/RSLicenseSDK.framework/Acknowledgements.md
2026-05-15 04:13:16 +0000  copying file ./Payload/familynetmall stg.app/Frameworks/RSLicenseSDK.framework/RSLicenseSDK ... 
2026-05-15 04:13:16 +0000  859856 bytes for ./Payload/familynetmall stg.app/Frameworks/RSLicenseSDK.framework/RSLicenseSDK
2026-05-15 04:13:16 +0000  copying file ./Payload/familynetmall stg.app/Frameworks/RSLicenseSDK.framework/Info.plist ... 
2026-05-15 04:13:16 +0000  709 bytes for ./Payload/familynetmall stg.app/Frameworks/RSLicenseSDK.framework/Info.plist
2026-05-15 04:13:16 +0000  copying file ./Payload/familynetmall stg.app/embedded.mobileprovision ... 
2026-05-15 04:13:16 +0000  15431 bytes for ./Payload/familynetmall stg.app/embedded.mobileprovision
2026-05-15 04:13:16 +0000  copying file ./Payload/familynetmall stg.app/Info.plist ... 
2026-05-15 04:13:16 +0000  3059 bytes for ./Payload/familynetmall stg.app/Info.plist
2026-05-15 04:13:16 +0000  copying file ./Payload/familynetmall stg.app/PkgInfo ... 
2026-05-15 04:13:16 +0000  8 bytes for ./Payload/familynetmall stg.app/PkgInfo
2026-05-15 04:13:16 +0000  /usr/bin/ditto exited with 0
2026-05-15 04:13:16 +0000  Processing step: IDEDistributionAppStoreInformationStep
2026-05-15 04:13:16 +0000  Skipping step: IDEDistributionAppStoreInformationStep because it said so
2026-05-15 04:13:16 +0000  Processing step: IDEDistributionGenerateProcessedDistributionItems
2026-05-15 04:13:16 +0000  IDEDistributionItem init <DVTFilePath:0xbf8394300:'/var/folders/4x/d81_590j6m5677fzyww419kr0000gn/T/XcodeDistPipeline.~~~StjlHa/Root/Payload/familynetmall stg.app/Frameworks/GoogleAppMeasurementIdentitySupport.framework'>
2026-05-15 04:13:16 +0000  IDEDistributionItem init <DVTFilePath:0xbd17b31e0:'/var/folders/4x/d81_590j6m5677fzyww419kr0000gn/T/XcodeDistPipeline.~~~StjlHa/Root/Payload/familynetmall stg.app/Frameworks/RSLicenseSDK.framework'>
2026-05-15 04:13:16 +0000  IDEDistributionItem init <DVTFilePath:0xbd17b1ff0:'/var/folders/4x/d81_590j6m5677fzyww419kr0000gn/T/XcodeDistPipeline.~~~StjlHa/Root/Payload/familynetmall stg.app/Frameworks/FirebaseAnalytics.framework'>
2026-05-15 04:13:16 +0000  IDEDistributionItem init <DVTFilePath:0xbc1623560:'/var/folders/4x/d81_590j6m5677fzyww419kr0000gn/T/XcodeDistPipeline.~~~StjlHa/Root/Payload/familynetmall stg.app/Frameworks/GoogleAppMeasurement.framework'>
2026-05-15 04:13:16 +0000  IDEDistributionItem init <DVTFilePath:0xbd17b1c70:'/var/folders/4x/d81_590j6m5677fzyww419kr0000gn/T/XcodeDistPipeline.~~~StjlHa/Root/Payload/familynetmall stg.app/Frameworks/TouchEn_AntiCapture.framework'>
2026-05-15 04:13:16 +0000  IDEDistributionItem init <DVTFilePath:0xbc08a4620:'/var/folders/4x/d81_590j6m5677fzyww419kr0000gn/T/XcodeDistPipeline.~~~StjlHa/Root/Payload/familynetmall stg.app/PlugIns/stgNotiService.appex'>
2026-05-15 04:13:16 +0000  IDEDistributionItem init <DVTFilePath:0xbf1106800:'/var/folders/4x/d81_590j6m5677fzyww419kr0000gn/T/XcodeDistPipeline.~~~StjlHa/Root/Payload/familynetmall stg.app'>
2026-05-15 04:13:16 +0000  Processing step: IDEDistributionCreateManifestStep
