2026-04-29 00:33:39 +0000  Initial pipeline context: <IDEDistributionProcessingPipelineContext: 0x928373c00; archive(resolved)="<IDEArchive: 0x96025e760>", distributionTask(resolved)="2", distributionDestination(resolved)="1", distributionMethod(resolved)="<IDEDistributionMethodiOSEnterprise: 0x92e17fb10>", team(resolved)="<IDEProvisioningDisambiguatableBasicTeam: 0x93c67f940; teamID='254B9J7846', teamName='Samsung Electronics Co., Ltd. (Enterprise)', teamType='Enterprise', username='cg73.kim@partner.samsung.com', isFreeProvisioningTeam='0'>">
	Chain (15, self inclusive):
	<IDEDistributionProcessingPipelineContext: 0x928373c00; archive = "<IDEArchive: 0x96025e760>", distributionMethod="<IDEDistributionMethodiOSEnterprise: 0x92e17fb10>", team="<IDEProvisioningDisambiguatableBasicTeam: 0x93c67f940; teamID='254B9J7846', teamName='Samsung Electronics Co., Ltd. (Enterprise)', teamType='Enterprise', username='cg73.kim@partner.samsung.com', isFreeProvisioningTeam='0'>">
	<IDEDistributionProcessingPipelineContext: 0x928373900; archive = "<IDEArchive: 0x96025e760>", distributionMethod="<IDEDistributionMethodiOSEnterprise: 0x92e17fb10>", team="<IDEProvisioningDisambiguatableBasicTeam: 0x93c67f940; teamID='254B9J7846', teamName='Samsung Electronics Co., Ltd. (Enterprise)', teamType='Enterprise', username='cg73.kim@partner.samsung.com', isFreeProvisioningTeam='0'>">
	<IDEDistributionContext: 0x9283e1900; archive = "<IDEArchive: 0x96025e760>", distributionMethod="<IDEDistributionMethodiOSEnterprise: 0x92e17fb10>", team="<IDEProvisioningDisambiguatableBasicTeam: 0x93c67f940; teamID='254B9J7846', teamName='Samsung Electronics Co., Ltd. (Enterprise)', teamType='Enterprise', username='cg73.kim@partner.samsung.com', isFreeProvisioningTeam='0'>">
	<IDEDistributionContext: 0x927ee1680; archive = "<IDEArchive: 0x96025e760>", distributionMethod="<IDEDistributionMethodiOSEnterprise: 0x92e17fb10>", team="<IDEProvisioningDisambiguatableBasicTeam: 0x93c67f940; teamID='254B9J7846', teamName='Samsung Electronics Co., Ltd. (Enterprise)', teamType='Enterprise', username='cg73.kim@partner.samsung.com', isFreeProvisioningTeam='0'>">
	<IDEDistributionContext: 0x927ee1e00; archive = "<IDEArchive: 0x96025e760>", distributionMethod="<IDEDistributionMethodiOSEnterprise: 0x92e17fb10>", team="<IDEProvisioningDisambiguatableBasicTeam: 0x93c67f940; teamID='254B9J7846', teamName='Samsung Electronics Co., Ltd. (Enterprise)', teamType='Enterprise', username='cg73.kim@partner.samsung.com', isFreeProvisioningTeam='0'>">
	<IDEDistributionContext: 0x927ee2080; archive = "<IDEArchive: 0x96025e760>", distributionMethod="<IDEDistributionMethodiOSEnterprise: 0x92e17fb10>", team="<IDEProvisioningDisambiguatableBasicTeam: 0x93c67f940; teamID='254B9J7846', teamName='Samsung Electronics Co., Ltd. (Enterprise)', teamType='Enterprise', username='cg73.kim@partner.samsung.com', isFreeProvisioningTeam='0'>">
	<IDEDistributionContext: 0x9281d8780; archive = "<IDEArchive: 0x96025e760>", distributionMethod="<IDEDistributionMethodiOSEnterprise: 0x92e17fb10>", team="<IDEProvisioningDisambiguatableBasicTeam: 0x93c67f940; teamID='254B9J7846', teamName='Samsung Electronics Co., Ltd. (Enterprise)', teamType='Enterprise', username='cg73.kim@partner.samsung.com', isFreeProvisioningTeam='0'>">
	<IDEDistributionContext: 0x9281d8500; archive = "<IDEArchive: 0x96025e760>", distributionMethod="<IDEDistributionMethodiOSEnterprise: 0x92e17fb10>", team="<IDEProvisioningDisambiguatableBasicTeam: 0x93c67f940; teamID='254B9J7846', teamName='Samsung Electronics Co., Ltd. (Enterprise)', teamType='Enterprise', username='cg73.kim@partner.samsung.com', isFreeProvisioningTeam='0'>">
	<IDEDistributionContext: 0x9281db700; archive = "<IDEArchive: 0x96025e760>", distributionMethod="<IDEDistributionMethodiOSEnterprise: 0x92e17fb10>", team="<IDEProvisioningDisambiguatableBasicTeam: 0x93c67f940; teamID='254B9J7846', teamName='Samsung Electronics Co., Ltd. (Enterprise)', teamType='Enterprise', username='cg73.kim@partner.samsung.com', isFreeProvisioningTeam='0'>">
	<IDEDistributionContext: 0x9281da080; archive = "<IDEArchive: 0x96025e760>", distributionMethod="<IDEDistributionMethodiOSEnterprise: 0x92e17fb10>", team="(null)">
	<IDEDistributionContext: 0x9281db980; archive = "<IDEArchive: 0x96025e760>", distributionMethod="<IDEDistributionMethodiOSEnterprise: 0x92e17fb10>", team="(null)">
	<IDEDistributionContext: 0x9281da800; archive = "<IDEArchive: 0x96025e760>", distributionMethod="<IDEDistributionMethodiOSEnterprise: 0x92e17fb10>", team="(null)">
	<IDEDistributionContext: 0x9281d9400; archive = "<IDEArchive: 0x96025e760>", distributionMethod="<IDEDistributionMethodiOSEnterprise: 0x92e17fb10>", team="(null)">
	<IDEDistributionContext: 0x927d8c780; archive = "<IDEArchive: 0x96025e760>", distributionMethod="(null)", team="(null)">
	<IDEDistributionContext: 0x927d8c500; archive = "<IDEArchive: 0x96025e760>", distributionMethod="(null)", team="(null)">
</IDEDistributionProcessingPipelineContext: 0x928373c00>
2026-04-29 00:33:39 +0000  Processing step: IDEDistributionCreateDestRootStep
2026-04-29 00:33:39 +0000  Processing step: IDEDistributionCopyItemStep
2026-04-29 00:33:39 +0000  Running /usr/bin/ditto '-V' '/Users/famous/Library/Developer/Xcode/Archives/2026-04-29/solpopmall 4-29-26, 9.31 AM.xcarchive/Products/Applications/solpopmall.app' '/var/folders/4x/d81_590j6m5677fzyww419kr0000gn/T/XcodeDistPipeline.~~~g5HcnM/Root/Payload/solpopmall.app'
2026-04-29 00:33:39 +0000  >>> Copying /Users/famous/Library/Developer/Xcode/Archives/2026-04-29/solpopmall 4-29-26, 9.31 AM.xcarchive/Products/Applications/solpopmall.app 
2026-04-29 00:33:39 +0000  copying file ./_CodeSignature/CodeResources ... 
2026-04-29 00:33:39 +0000  27562 bytes for ./_CodeSignature/CodeResources
2026-04-29 00:33:39 +0000  copying file ./samsung_one_korean_700.ttf ... 
2026-04-29 00:33:39 +0000  3651976 bytes for ./samsung_one_korean_700.ttf
2026-04-29 00:33:39 +0000  copying file ./AppIcon_SOL76x76@2x~ipad.png ... 
2026-04-29 00:33:39 +0000  8834 bytes for ./AppIcon_SOL76x76@2x~ipad.png
copying file ./samsung_sharpsans_bold.ttf ... 
2026-04-29 00:33:39 +0000  219252 bytes for ./samsung_sharpsans_bold.ttf
2026-04-29 00:33:39 +0000  copying file ./Setting.storyboardc/vkP-RF-CPS-view-2ea-2Q-hl1.nib ... 
2026-04-29 00:33:39 +0000  5033 bytes for ./Setting.storyboardc/vkP-RF-CPS-view-2ea-2Q-hl1.nib
2026-04-29 00:33:39 +0000  copying file ./Setting.storyboardc/7LQ-eo-VKq-view-Mn7-CO-3th.nib ... 
2026-04-29 00:33:39 +0000  14395 bytes for ./Setting.storyboardc/7LQ-eo-VKq-view-Mn7-CO-3th.nib
2026-04-29 00:33:39 +0000  copying file ./Setting.storyboardc/OpenSourceVC.nib ... 
2026-04-29 00:33:39 +0000  1121 bytes for ./Setting.storyboardc/OpenSourceVC.nib
2026-04-29 00:33:39 +0000  copying file ./Setting.storyboardc/Info.plist ... 
2026-04-29 00:33:39 +0000  169 bytes for ./Setting.storyboardc/Info.plist
2026-04-29 00:33:39 +0000  copying file ./Setting.storyboardc/SettingVC.nib ... 
2026-04-29 00:33:39 +0000  29042 bytes for ./Setting.storyboardc/SettingVC.nib
2026-04-29 00:33:39 +0000  copying file ./PlugIns/solNotiService.appex/_CodeSignature/CodeResources ... 
2026-04-29 00:33:39 +0000  2040 bytes for ./PlugIns/solNotiService.appex/_CodeSignature/CodeResources
2026-04-29 00:33:39 +0000  copying file ./PlugIns/solNotiService.appex/embedded.mobileprovision ... 
2026-04-29 00:33:39 +0000  12304 bytes for ./PlugIns/solNotiService.appex/embedded.mobileprovision
2026-04-29 00:33:39 +0000  copying file ./PlugIns/solNotiService.appex/Info.plist ... 
2026-04-29 00:33:39 +0000  966 bytes for ./PlugIns/solNotiService.appex/Info.plist
2026-04-29 00:33:39 +0000  copying file ./PlugIns/solNotiService.appex/solNotiService ... 
2026-04-29 00:33:39 +0000  91408 bytes for ./PlugIns/solNotiService.appex/solNotiService
2026-04-29 00:33:39 +0000  copying file ./Alert.storyboardc/Y6W-OH-hqX-view-5EZ-qb-Rvc.nib ... 
2026-04-29 00:33:39 +0000  9477 bytes for ./Alert.storyboardc/Y6W-OH-hqX-view-5EZ-qb-Rvc.nib
2026-04-29 00:33:39 +0000  copying file ./Alert.storyboardc/BasicAlertVC.nib ... 
2026-04-29 00:33:39 +0000  12307 bytes for ./Alert.storyboardc/BasicAlertVC.nib
2026-04-29 00:33:39 +0000  copying file ./Alert.storyboardc/Info.plist ... 
2026-04-29 00:33:39 +0000  145 bytes for ./Alert.storyboardc/Info.plist
2026-04-29 00:33:39 +0000  copying file ./samsung_one_korean_400.ttf ... 
2026-04-29 00:33:39 +0000  3590680 bytes for ./samsung_one_korean_400.ttf
2026-04-29 00:33:39 +0000  copying file ./Base.lproj/Main.storyboardc/Q3U-I2-mrL-view-3XK-Gd-MrI.nib ... 
2026-04-29 00:33:39 +0000  2579 bytes for ./Base.lproj/Main.storyboardc/Q3U-I2-mrL-view-3XK-Gd-MrI.nib
2026-04-29 00:33:39 +0000  copying file ./Base.lproj/Main.storyboardc/UIViewController-qc6-ce-ko2.nib ... 
2026-04-29 00:33:39 +0000  1364 bytes for ./Base.lproj/Main.storyboardc/UIViewController-qc6-ce-ko2.nib
2026-04-29 00:33:39 +0000  copying file ./Base.lproj/Main.storyboardc/PopupVC.nib ... 
2026-04-29 00:33:39 +0000  1035 bytes for ./Base.lproj/Main.storyboardc/PopupVC.nib
2026-04-29 00:33:39 +0000  copying file ./Base.lproj/Main.storyboardc/qc6-ce-ko2-view-zfn-k4-gxh.nib ... 
2026-04-29 00:33:39 +0000  10842 bytes for ./Base.lproj/Main.storyboardc/qc6-ce-ko2-view-zfn-k4-gxh.nib
2026-04-29 00:33:39 +0000  copying file ./Base.lproj/Main.storyboardc/UINavigationController-yIa-gt-kSc.nib ... 
2026-04-29 00:33:39 +0000  4516 bytes for ./Base.lproj/Main.storyboardc/UINavigationController-yIa-gt-kSc.nib
2026-04-29 00:33:39 +0000  copying file ./Base.lproj/Main.storyboardc/GuideVC2.nib ... 
2026-04-29 00:33:39 +0000  967 bytes for ./Base.lproj/Main.storyboardc/GuideVC2.nib
2026-04-29 00:33:39 +0000  copying file ./Base.lproj/Main.storyboardc/GuideVC3.nib ... 
2026-04-29 00:33:39 +0000  967 bytes for ./Base.lproj/Main.storyboardc/GuideVC3.nib
2026-04-29 00:33:39 +0000  copying file ./Base.lproj/Main.storyboardc/UIViewController-s4P-tV-eny.nib ... 
2026-04-29 00:33:39 +0000  22566 bytes for ./Base.lproj/Main.storyboardc/UIViewController-s4P-tV-eny.nib
2026-04-29 00:33:39 +0000  copying file ./Base.lproj/Main.storyboardc/cUi-eZ-SMf-view-S3a-W0-wJl.nib ... 
2026-04-29 00:33:39 +0000  2607 bytes for ./Base.lproj/Main.storyboardc/cUi-eZ-SMf-view-S3a-W0-wJl.nib
2026-04-29 00:33:39 +0000  copying file ./Base.lproj/Main.storyboardc/GuideVC1.nib ... 
2026-04-29 00:33:39 +0000  967 bytes for ./Base.lproj/Main.storyboardc/GuideVC1.nib
2026-04-29 00:33:39 +0000  copying file ./Base.lproj/Main.storyboardc/i5V-As-P0w-view-zgP-PQ-Z21.nib ... 
2026-04-29 00:33:39 +0000  1840 bytes for ./Base.lproj/Main.storyboardc/i5V-As-P0w-view-zgP-PQ-Z21.nib
2026-04-29 00:33:39 +0000  copying file ./Base.lproj/Main.storyboardc/bXw-6F-EZc-view-Ofd-H8-0JV.nib ... 
2026-04-29 00:33:39 +0000  2593 bytes for ./Base.lproj/Main.storyboardc/bXw-6F-EZc-view-Ofd-H8-0JV.nib
2026-04-29 00:33:39 +0000  copying file ./Base.lproj/Main.storyboardc/kbv-XG-529-view-Nqq-zM-bjF.nib ... 
2026-04-29 00:33:39 +0000  2575 bytes for ./Base.lproj/Main.storyboardc/kbv-XG-529-view-Nqq-zM-bjF.nib
2026-04-29 00:33:39 +0000  copying file ./Base.lproj/Main.storyboardc/BYZ-38-t0r-view-8bC-Xf-vdC.nib ... 
2026-04-29 00:33:39 +0000  2667 bytes for ./Base.lproj/Main.storyboardc/BYZ-38-t0r-view-8bC-Xf-vdC.nib
2026-04-29 00:33:39 +0000  copying file ./Base.lproj/Main.storyboardc/aer-Ul-Ynq-view-dGY-Nd-eZP.nib ... 
2026-04-29 00:33:39 +0000  4580 bytes for ./Base.lproj/Main.storyboardc/aer-Ul-Ynq-view-dGY-Nd-eZP.nib
2026-04-29 00:33:39 +0000  copying file ./Base.lproj/Main.storyboardc/s4P-tV-eny-view-Kzz-nX-jyg.nib ... 
2026-04-29 00:33:39 +0000  5329 bytes for ./Base.lproj/Main.storyboardc/s4P-tV-eny-view-Kzz-nX-jyg.nib
2026-04-29 00:33:39 +0000  copying file ./Base.lproj/Main.storyboardc/z5a-0o-7r2-view-144-aI-YAa.nib ... 
2026-04-29 00:33:39 +0000  2597 bytes for ./Base.lproj/Main.storyboardc/z5a-0o-7r2-view-144-aI-YAa.nib
2026-04-29 00:33:39 +0000  copying file ./Base.lproj/Main.storyboardc/GuideSol3.nib ... 
2026-04-29 00:33:39 +0000  968 bytes for ./Base.lproj/Main.storyboardc/GuideSol3.nib
2026-04-29 00:33:39 +0000  copying file ./Base.lproj/Main.storyboardc/GuideSol2.nib ... 
2026-04-29 00:33:39 +0000  968 bytes for ./Base.lproj/Main.storyboardc/GuideSol2.nib
2026-04-29 00:33:39 +0000  copying file ./Base.lproj/Main.storyboardc/tXe-H5-cCb-view-DgF-Wi-Q0G.nib ... 
2026-04-29 00:33:39 +0000  2634 bytes for ./Base.lproj/Main.storyboardc/tXe-H5-cCb-view-DgF-Wi-Q0G.nib
2026-04-29 00:33:39 +0000  copying file ./Base.lproj/Main.storyboardc/GuideSol1.nib ... 
2026-04-29 00:33:39 +0000  968 bytes for ./Base.lproj/Main.storyboardc/GuideSol1.nib
2026-04-29 00:33:39 +0000  copying file ./Base.lproj/Main.storyboardc/JLc-NW-gZD-view-09x-xa-XJM.nib ... 
2026-04-29 00:33:39 +0000  2630 bytes for ./Base.lproj/Main.storyboardc/JLc-NW-gZD-view-09x-xa-XJM.nib
2026-04-29 00:33:39 +0000  copying file ./Base.lproj/Main.storyboardc/GuideSol4.nib ... 
2026-04-29 00:33:39 +0000  968 bytes for ./Base.lproj/Main.storyboardc/GuideSol4.nib
2026-04-29 00:33:39 +0000  copying file ./Base.lproj/Main.storyboardc/Info.plist ... 
2026-04-29 00:33:39 +0000  661 bytes for ./Base.lproj/Main.storyboardc/Info.plist
2026-04-29 00:33:39 +0000  copying file ./Base.lproj/Main.storyboardc/WebViewController.nib ... 
2026-04-29 00:33:39 +0000  1128 bytes for ./Base.lproj/Main.storyboardc/WebViewController.nib
2026-04-29 00:33:39 +0000  copying file ./Base.lproj/LaunchScreen.storyboardc/01J-lp-oVM-view-Ze5-6b-2t3.nib ... 
2026-04-29 00:33:39 +0000  1225 bytes for ./Base.lproj/LaunchScreen.storyboardc/01J-lp-oVM-view-Ze5-6b-2t3.nib
2026-04-29 00:33:39 +0000  copying file ./Base.lproj/LaunchScreen.storyboardc/UIViewController-01J-lp-oVM.nib ... 
2026-04-29 00:33:39 +0000  924 bytes for ./Base.lproj/LaunchScreen.storyboardc/UIViewController-01J-lp-oVM.nib
2026-04-29 00:33:39 +0000  copying file ./Base.lproj/LaunchScreen.storyboardc/Info.plist ... 
2026-04-29 00:33:39 +0000  258 bytes for ./Base.lproj/LaunchScreen.storyboardc/Info.plist
2026-04-29 00:33:39 +0000  copying file ./AppIcon_SOL60x60@2x.png ... 
2026-04-29 00:33:39 +0000  7218 bytes for ./AppIcon_SOL60x60@2x.png
2026-04-29 00:33:39 +0000  copying file ./Assets.car ... 
2026-04-29 00:33:39 +0000  1513032 bytes for ./Assets.car
2026-04-29 00:33:39 +0000  copying file ./TouchEn_AntiCapture_License.rsl ... 
2026-04-29 00:33:39 +0000  1096 bytes for ./TouchEn_AntiCapture_License.rsl
2026-04-29 00:33:39 +0000  copying file ./GoogleService-Info-Sol.plist ... 
2026-04-29 00:33:39 +0000  603 bytes for ./GoogleService-Info-Sol.plist
2026-04-29 00:33:39 +0000  copying file ./solpopmall ... 
2026-04-29 00:33:39 +0000  4499824 bytes for ./solpopmall
2026-04-29 00:33:39 +0000  copying file ./Frameworks/TouchEn_AntiCapture.framework/_CodeSignature/CodeResources ... 
2026-04-29 00:33:39 +0000  8859 bytes for ./Frameworks/TouchEn_AntiCapture.framework/_CodeSignature/CodeResources
2026-04-29 00:33:39 +0000  copying file ./Frameworks/TouchEn_AntiCapture.framework/LICENSE ... 
2026-04-29 00:33:39 +0000  1481 bytes for ./Frameworks/TouchEn_AntiCapture.framework/LICENSE
2026-04-29 00:33:39 +0000  copying file ./Frameworks/TouchEn_AntiCapture.framework/TouchEn_AntiCapture ... 
2026-04-29 00:33:39 +0000  507200 bytes for ./Frameworks/TouchEn_AntiCapture.framework/TouchEn_AntiCapture
2026-04-29 00:33:39 +0000  copying file ./Frameworks/TouchEn_AntiCapture.framework/GCDWebUploader.bundle/Contents/Resources/en.lproj/Localizable.strings ... 
2026-04-29 00:33:39 +0000  168 bytes for ./Frameworks/TouchEn_AntiCapture.framework/GCDWebUploader.bundle/Contents/Resources/en.lproj/Localizable.strings
2026-04-29 00:33:39 +0000  copying file ./Frameworks/TouchEn_AntiCapture.framework/GCDWebUploader.bundle/Contents/Resources/index.html ... 
2026-04-29 00:33:39 +0000  7938 bytes for ./Frameworks/TouchEn_AntiCapture.framework/GCDWebUploader.bundle/Contents/Resources/index.html
2026-04-29 00:33:39 +0000  copying file ./Frameworks/TouchEn_AntiCapture.framework/GCDWebUploader.bundle/Contents/Resources/css/bootstrap.css ... 
2026-04-29 00:33:39 +0000  121220 bytes for ./Frameworks/TouchEn_AntiCapture.framework/GCDWebUploader.bundle/Contents/Resources/css/bootstrap.css
2026-04-29 00:33:39 +0000  copying file ./Frameworks/TouchEn_AntiCapture.framework/GCDWebUploader.bundle/Contents/Resources/css/jquery.fileupload.css ... 
2026-04-29 00:33:39 +0000  655 bytes for ./Frameworks/TouchEn_AntiCapture.framework/GCDWebUploader.bundle/Contents/Resources/css/jquery.fileupload.css
2026-04-29 00:33:39 +0000  copying file ./Frameworks/TouchEn_AntiCapture.framework/GCDWebUploader.bundle/Contents/Resources/css/index.css ... 
2026-04-29 00:33:39 +0000  2696 bytes for ./Frameworks/TouchEn_AntiCapture.framework/GCDWebUploader.bundle/Contents/Resources/css/index.css
2026-04-29 00:33:39 +0000  copying file ./Frameworks/TouchEn_AntiCapture.framework/GCDWebUploader.bundle/Contents/Resources/css/bootstrap-theme.css ... 
2026-04-29 00:33:39 +0000  14936 bytes for ./Frameworks/TouchEn_AntiCapture.framework/GCDWebUploader.bundle/Contents/Resources/css/bootstrap-theme.css
2026-04-29 00:33:39 +0000  copying file ./Frameworks/TouchEn_AntiCapture.framework/GCDWebUploader.bundle/Contents/Resources/js/jquery.ui.widget.js ... 
2026-04-29 00:33:39 +0000  15085 bytes for ./Frameworks/TouchEn_AntiCapture.framework/GCDWebUploader.bundle/Contents/Resources/js/jquery.ui.widget.js
2026-04-29 00:33:39 +0000  copying file ./Frameworks/TouchEn_AntiCapture.framework/GCDWebUploader.bundle/Contents/Resources/js/respond.min.js ... 
2026-04-29 00:33:39 +0000  4377 bytes for ./Frameworks/TouchEn_AntiCapture.framework/GCDWebUploader.bundle/Contents/Resources/js/respond.min.js
2026-04-29 00:33:39 +0000  copying file ./Frameworks/TouchEn_AntiCapture.framework/GCDWebUploader.bundle/Contents/Resources/js/jquery.fileupload.js ... 
2026-04-29 00:33:39 +0000  61692 bytes for ./Frameworks/TouchEn_AntiCapture.framework/GCDWebUploader.bundle/Contents/Resources/js/jquery.fileupload.js
2026-04-29 00:33:39 +0000  copying file ./Frameworks/TouchEn_AntiCapture.framework/GCDWebUploader.bundle/Contents/Resources/js/index.js ... 
2026-04-29 00:33:39 +0000  9581 bytes for ./Frameworks/TouchEn_AntiCapture.framework/GCDWebUploader.bundle/Contents/Resources/js/index.js
2026-04-29 00:33:39 +0000  copying file ./Frameworks/TouchEn_AntiCapture.framework/GCDWebUploader.bundle/Contents/Resources/js/jquery.min.js ... 
2026-04-29 00:33:39 +0000  96381 bytes for ./Frameworks/TouchEn_AntiCapture.framework/GCDWebUploader.bundle/Contents/Resources/js/jquery.min.js
2026-04-29 00:33:39 +0000  copying file ./Frameworks/TouchEn_AntiCapture.framework/GCDWebUploader.bundle/Contents/Resources/js/bootstrap.min.js ... 
2026-04-29 00:33:39 +0000  29110 bytes for ./Frameworks/TouchEn_AntiCapture.framework/GCDWebUploader.bundle/Contents/Resources/js/bootstrap.min.js
2026-04-29 00:33:39 +0000  copying file ./Frameworks/TouchEn_AntiCapture.framework/GCDWebUploader.bundle/Contents/Resources/js/tmpl.min.js ... 
2026-04-29 00:33:39 +0000  977 bytes for ./Frameworks/TouchEn_AntiCapture.framework/GCDWebUploader.bundle/Contents/Resources/js/tmpl.min.js
2026-04-29 00:33:39 +0000  copying file ./Frameworks/TouchEn_AntiCapture.framework/GCDWebUploader.bundle/Contents/Resources/js/html5shiv.min.js ... 
2026-04-29 00:33:39 +0000  2429 bytes for ./Frameworks/TouchEn_AntiCapture.framework/GCDWebUploader.bundle/Contents/Resources/js/html5shiv.min.js
2026-04-29 00:33:39 +0000  copying file ./Frameworks/TouchEn_AntiCapture.framework/GCDWebUploader.bundle/Contents/Resources/js/jquery.jeditable.js ... 
2026-04-29 00:33:39 +0000  24496 bytes for ./Frameworks/TouchEn_AntiCapture.framework/GCDWebUploader.bundle/Contents/Resources/js/jquery.jeditable.js
2026-04-29 00:33:39 +0000  copying file ./Frameworks/TouchEn_AntiCapture.framework/GCDWebUploader.bundle/Contents/Resources/js/jquery.iframe-transport.js ... 
2026-04-29 00:33:39 +0000  10612 bytes for ./Frameworks/TouchEn_AntiCapture.framework/GCDWebUploader.bundle/Contents/Resources/js/jquery.iframe-transport.js
2026-04-29 00:33:39 +0000  copying file ./Frameworks/TouchEn_AntiCapture.framework/GCDWebUploader.bundle/Contents/Info.plist ... 
2026-04-29 00:33:39 +0000  126 bytes for ./Frameworks/TouchEn_AntiCapture.framework/GCDWebUploader.bundle/Contents/Info.plist
2026-04-29 00:33:39 +0000  copying file ./Frameworks/TouchEn_AntiCapture.framework/README.md ... 
2026-04-29 00:33:39 +0000  27194 bytes for ./Frameworks/TouchEn_AntiCapture.framework/README.md
2026-04-29 00:33:39 +0000  copying file ./Frameworks/TouchEn_AntiCapture.framework/Info.plist ... 
2026-04-29 00:33:39 +0000  845 bytes for ./Frameworks/TouchEn_AntiCapture.framework/Info.plist
2026-04-29 00:33:39 +0000  copying file ./Frameworks/GoogleAppMeasurement.framework/_CodeSignature/CodeResources ... 
2026-04-29 00:33:39 +0000  1798 bytes for ./Frameworks/GoogleAppMeasurement.framework/_CodeSignature/CodeResources
2026-04-29 00:33:39 +0000  copying file ./Frameworks/GoogleAppMeasurement.framework/GoogleAppMeasurement ... 
2026-04-29 00:33:39 +0000  51408 bytes for ./Frameworks/GoogleAppMeasurement.framework/GoogleAppMeasurement
2026-04-29 00:33:39 +0000  copying file ./Frameworks/GoogleAppMeasurement.framework/Info.plist ... 
2026-04-29 00:33:39 +0000  647 bytes for ./Frameworks/GoogleAppMeasurement.framework/Info.plist
2026-04-29 00:33:39 +0000  copying file ./Frameworks/FirebaseAnalytics.framework/_CodeSignature/CodeResources ... 
2026-04-29 00:33:39 +0000  1798 bytes for ./Frameworks/FirebaseAnalytics.framework/_CodeSignature/CodeResources
2026-04-29 00:33:39 +0000  copying file ./Frameworks/FirebaseAnalytics.framework/FirebaseAnalytics ... 
2026-04-29 00:33:39 +0000  51408 bytes for ./Frameworks/FirebaseAnalytics.framework/FirebaseAnalytics
2026-04-29 00:33:39 +0000  copying file ./Frameworks/FirebaseAnalytics.framework/Info.plist ... 
2026-04-29 00:33:39 +0000  638 bytes for ./Frameworks/FirebaseAnalytics.framework/Info.plist
2026-04-29 00:33:39 +0000  copying file ./Frameworks/GoogleAppMeasurementIdentitySupport.framework/_CodeSignature/CodeResources ... 
2026-04-29 00:33:39 +0000  1798 bytes for ./Frameworks/GoogleAppMeasurementIdentitySupport.framework/_CodeSignature/CodeResources
2026-04-29 00:33:39 +0000  copying file ./Frameworks/GoogleAppMeasurementIdentitySupport.framework/GoogleAppMeasurementIdentitySupport ... 
2026-04-29 00:33:39 +0000  51440 bytes for ./Frameworks/GoogleAppMeasurementIdentitySupport.framework/GoogleAppMeasurementIdentitySupport
2026-04-29 00:33:39 +0000  copying file ./Frameworks/GoogleAppMeasurementIdentitySupport.framework/Info.plist ... 
2026-04-29 00:33:39 +0000  692 bytes for ./Frameworks/GoogleAppMeasurementIdentitySupport.framework/Info.plist
2026-04-29 00:33:39 +0000  copying file ./Frameworks/RSLicenseSDK.framework/_CodeSignature/CodeResources ... 
2026-04-29 00:33:39 +0000  2102 bytes for ./Frameworks/RSLicenseSDK.framework/_CodeSignature/CodeResources
2026-04-29 00:33:39 +0000  copying file ./Frameworks/RSLicenseSDK.framework/Acknowledgements.md ... 
2026-04-29 00:33:39 +0000  5887 bytes for ./Frameworks/RSLicenseSDK.framework/Acknowledgements.md
2026-04-29 00:33:39 +0000  copying file ./Frameworks/RSLicenseSDK.framework/RSLicenseSDK ... 
2026-04-29 00:33:39 +0000  857360 bytes for ./Frameworks/RSLicenseSDK.framework/RSLicenseSDK
2026-04-29 00:33:39 +0000  copying file ./Frameworks/RSLicenseSDK.framework/Info.plist ... 
2026-04-29 00:33:39 +0000  709 bytes for ./Frameworks/RSLicenseSDK.framework/Info.plist
2026-04-29 00:33:39 +0000  copying file ./embedded.mobileprovision ... 
2026-04-29 00:33:39 +0000  12424 bytes for ./embedded.mobileprovision
2026-04-29 00:33:39 +0000  copying file ./Info.plist ... 
2026-04-29 00:33:39 +0000  3030 bytes for ./Info.plist
2026-04-29 00:33:39 +0000  copying file ./PkgInfo ... 
2026-04-29 00:33:39 +0000  8 bytes for ./PkgInfo
2026-04-29 00:33:39 +0000  /usr/bin/ditto exited with 0
2026-04-29 00:33:39 +0000  Processing step: IDEDistributionEmbedProfileStep
2026-04-29 00:33:39 +0000  Skipping profile for item: <IDEDistributionItem: 0x928ab1500; bundleID='com.firebase.Firebase-FirebaseAnalytics', path='<DVTFilePath:0x96025d6c0:'/Users/famous/Library/Developer/Xcode/Archives/2026-04-29/solpopmall 4-29-26, 9.31 AM.xcarchive/Products/Applications/solpopmall.app/Frameworks/FirebaseAnalytics.framework'>', codeSigningInfo='<_DVTCodeSigningInformation_Path: 0x928ab1560; isSigned='1', isAdHocSigned='0', signingCertificate='<DVTSigningCertificate: 0x9281b8a80; name='iPhone Distribution: Samsung Electronics Co., Ltd.', hash='3F1388AF6571789AB3B0FCE62A863AD0DCAC8DC5', serialNumber='3480B8315D778F3506E53289F7D7E79A', certificateKinds='(
    "1.2.840.113635.100.6.1.4"
), issueDate='2025-11-06 06:35:59 +0000''>', entitlements='(null)', teamID='254B9J7846', identifier='com.firebase.Firebase-FirebaseAnalytics', executablePath='<DVTFilePath:0x96025d960:'/Users/famous/Library/Developer/Xcode/Archives/2026-04-29/solpopmall 4-29-26, 9.31 AM.xcarchive/Products/Applications/solpopmall.app/Frameworks/FirebaseAnalytics.framework/FirebaseAnalytics'>', hardenedRuntime='0'>'>
2026-04-29 00:33:39 +0000  Skipping profile for item: <IDEDistributionItem: 0x928ab15c0; bundleID='com.firebase.Firebase-GoogleAppMeasurement', path='<DVTFilePath:0x96025c3f0:'/Users/famous/Library/Developer/Xcode/Archives/2026-04-29/solpopmall 4-29-26, 9.31 AM.xcarchive/Products/Applications/solpopmall.app/Frameworks/GoogleAppMeasurement.framework'>', codeSigningInfo='<_DVTCodeSigningInformation_Path: 0x928ab1620; isSigned='1', isAdHocSigned='0', signingCertificate='<DVTSigningCertificate: 0x9281b8a80; name='iPhone Distribution: Samsung Electronics Co., Ltd.', hash='3F1388AF6571789AB3B0FCE62A863AD0DCAC8DC5', serialNumber='3480B8315D778F3506E53289F7D7E79A', certificateKinds='(
    "1.2.840.113635.100.6.1.4"
), issueDate='2025-11-06 06:35:59 +0000''>', entitlements='(null)', teamID='254B9J7846', identifier='com.firebase.Firebase-GoogleAppMeasurement', executablePath='<DVTFilePath:0x96025c8c0:'/Users/famous/Library/Developer/Xcode/Archives/2026-04-29/solpopmall 4-29-26, 9.31 AM.xcarchive/Products/Applications/solpopmall.app/Frameworks/GoogleAppMeasurement.framework/GoogleAppMeasurement'>', hardenedRuntime='0'>'>
2026-04-29 00:33:39 +0000  Skipping profile for item: <IDEDistributionItem: 0x928ab1440; bundleID='com.firebase.Firebase-GoogleAppMeasurementIdentitySupport', path='<DVTFilePath:0x92873a280:'/Users/famous/Library/Developer/Xcode/Archives/2026-04-29/solpopmall 4-29-26, 9.31 AM.xcarchive/Products/Applications/solpopmall.app/Frameworks/GoogleAppMeasurementIdentitySupport.framework'>', codeSigningInfo='<_DVTCodeSigningInformation_Path: 0x928ab14a0; isSigned='1', isAdHocSigned='0', signingCertificate='<DVTSigningCertificate: 0x9281b8a80; name='iPhone Distribution: Samsung Electronics Co., Ltd.', hash='3F1388AF6571789AB3B0FCE62A863AD0DCAC8DC5', serialNumber='3480B8315D778F3506E53289F7D7E79A', certificateKinds='(
    "1.2.840.113635.100.6.1.4"
), issueDate='2025-11-06 06:35:59 +0000''>', entitlements='(null)', teamID='254B9J7846', identifier='com.firebase.Firebase-GoogleAppMeasurementIdentitySupport', executablePath='<DVTFilePath:0x92873a200:'/Users/famous/Library/Developer/Xcode/Archives/2026-04-29/solpopmall 4-29-26, 9.31 AM.xcarchive/Products/Applications/solpopmall.app/Frameworks/GoogleAppMeasurementIdentitySupport.framework/GoogleAppMeasurementIdentitySupport'>', hardenedRuntime='0'>'>
2026-04-29 00:33:39 +0000  Skipping profile for item: <IDEDistributionItem: 0x928ab1680; bundleID='com.raonsecure.RSLicenseSDK', path='<DVTFilePath:0x96025c4d0:'/Users/famous/Library/Developer/Xcode/Archives/2026-04-29/solpopmall 4-29-26, 9.31 AM.xcarchive/Products/Applications/solpopmall.app/Frameworks/RSLicenseSDK.framework'>', codeSigningInfo='<_DVTCodeSigningInformation_Path: 0x928ab16e0; isSigned='1', isAdHocSigned='0', signingCertificate='<DVTSigningCertificate: 0x9281b8a80; name='iPhone Distribution: Samsung Electronics Co., Ltd.', hash='3F1388AF6571789AB3B0FCE62A863AD0DCAC8DC5', serialNumber='3480B8315D778F3506E53289F7D7E79A', certificateKinds='(
    "1.2.840.113635.100.6.1.4"
), issueDate='2025-11-06 06:35:59 +0000''>', entitlements='(null)', teamID='254B9J7846', identifier='com.raonsecure.RSLicenseSDK', executablePath='<DVTFilePath:0x928aade60:'/Users/famous/Library/Developer/Xcode/Archives/2026-04-29/solpopmall 4-29-26, 9.31 AM.xcarchive/Products/Applications/solpopmall.app/Frameworks/RSLicenseSDK.framework/RSLicenseSDK'>', hardenedRuntime='0'>'>
2026-04-29 00:33:39 +0000  Skipping profile for item: <IDEDistributionItem: 0x928ab01e0; bundleID='com.raonsecure.TouchEn-AntiCapture', path='<DVTFilePath:0x96025cd20:'/Users/famous/Library/Developer/Xcode/Archives/2026-04-29/solpopmall 4-29-26, 9.31 AM.xcarchive/Products/Applications/solpopmall.app/Frameworks/TouchEn_AntiCapture.framework'>', codeSigningInfo='<_DVTCodeSigningInformation_Path: 0x928ab11a0; isSigned='1', isAdHocSigned='0', signingCertificate='<DVTSigningCertificate: 0x9281b8a80; name='iPhone Distribution: Samsung Electronics Co., Ltd.', hash='3F1388AF6571789AB3B0FCE62A863AD0DCAC8DC5', serialNumber='3480B8315D778F3506E53289F7D7E79A', certificateKinds='(
    "1.2.840.113635.100.6.1.4"
), issueDate='2025-11-06 06:35:59 +0000''>', entitlements='(null)', teamID='254B9J7846', identifier='com.raonsecure.TouchEn-AntiCapture', executablePath='<DVTFilePath:0x96025d340:'/Users/famous/Library/Developer/Xcode/Archives/2026-04-29/solpopmall 4-29-26, 9.31 AM.xcarchive/Products/Applications/solpopmall.app/Frameworks/TouchEn_AntiCapture.framework/TouchEn_AntiCapture'>', hardenedRuntime='0'>'>
2026-04-29 00:33:39 +0000  Processing step: IDEDistributionInfoPlistStep
2026-04-29 00:33:39 +0000  Skipping step: IDEDistributionInfoPlistStep because it said so
2026-04-29 00:33:39 +0000  Skipping step: IDEDistributionInfoPlistStep because it said so
2026-04-29 00:33:39 +0000  Skipping step: IDEDistributionInfoPlistStep because it said so
2026-04-29 00:33:39 +0000  Skipping step: IDEDistributionInfoPlistStep because it said so
2026-04-29 00:33:39 +0000  Skipping step: IDEDistributionInfoPlistStep because it said so
2026-04-29 00:33:39 +0000  Skipping step: IDEDistributionInfoPlistStep because it said so
2026-04-29 00:33:39 +0000  Skipping step: IDEDistributionInfoPlistStep because it said so
2026-04-29 00:33:39 +0000  Processing step: IDEDistributionAppThinningPlistStep
2026-04-29 00:33:39 +0000  Skipping step: IDEDistributionAppThinningPlistStep because it said so
2026-04-29 00:33:39 +0000  Processing step: IDEDistributionSymbolsStep
2026-04-29 00:33:39 +0000  Skipping step: IDEDistributionSymbolsStep because it said so
2026-04-29 00:33:39 +0000  Processing step: IDEDistributionAppThinningStep
2026-04-29 00:33:39 +0000  Skipping step: IDEDistributionAppThinningStep because it said so
2026-04-29 00:33:39 +0000  Processing step: IDEDistributionArchThinningStep
2026-04-29 00:33:39 +0000  Archs to thin for item /Users/famous/Library/Developer/Xcode/Archives/2026-04-29/solpopmall 4-29-26, 9.31 AM.xcarchive/Products/Applications/solpopmall.app/Frameworks/FirebaseAnalytics.framework are []
2026-04-29 00:33:39 +0000  Archs to thin for item /Users/famous/Library/Developer/Xcode/Archives/2026-04-29/solpopmall 4-29-26, 9.31 AM.xcarchive/Products/Applications/solpopmall.app/Frameworks/GoogleAppMeasurement.framework are []
2026-04-29 00:33:39 +0000  Archs to thin for item /Users/famous/Library/Developer/Xcode/Archives/2026-04-29/solpopmall 4-29-26, 9.31 AM.xcarchive/Products/Applications/solpopmall.app/Frameworks/GoogleAppMeasurementIdentitySupport.framework are []
2026-04-29 00:33:39 +0000  Archs to thin for item /Users/famous/Library/Developer/Xcode/Archives/2026-04-29/solpopmall 4-29-26, 9.31 AM.xcarchive/Products/Applications/solpopmall.app/Frameworks/RSLicenseSDK.framework are []
2026-04-29 00:33:39 +0000  Archs to thin for item /Users/famous/Library/Developer/Xcode/Archives/2026-04-29/solpopmall 4-29-26, 9.31 AM.xcarchive/Products/Applications/solpopmall.app/Frameworks/TouchEn_AntiCapture.framework are []
2026-04-29 00:33:39 +0000  Archs to thin for item /Users/famous/Library/Developer/Xcode/Archives/2026-04-29/solpopmall 4-29-26, 9.31 AM.xcarchive/Products/Applications/solpopmall.app/PlugIns/solNotiService.appex are []
2026-04-29 00:33:39 +0000  Archs to thin for item /Users/famous/Library/Developer/Xcode/Archives/2026-04-29/solpopmall 4-29-26, 9.31 AM.xcarchive/Products/Applications/solpopmall.app are []
2026-04-29 00:33:39 +0000  Processing step: IDEDistributionODRStep
2026-04-29 00:33:39 +0000  Processing step: IDEDistributionStripXattrsStep
2026-04-29 00:33:39 +0000  Skipping stripping extended attributes because the codesign step will strip them.
2026-04-29 00:33:39 +0000  Skipping stripping extended attributes because the codesign step will strip them.
2026-04-29 00:33:39 +0000  Skipping stripping extended attributes because the codesign step will strip them.
2026-04-29 00:33:39 +0000  Skipping stripping extended attributes because the codesign step will strip them.
2026-04-29 00:33:39 +0000  Skipping stripping extended attributes because the codesign step will strip them.
2026-04-29 00:33:39 +0000  Skipping stripping extended attributes because the codesign step will strip them.
2026-04-29 00:33:39 +0000  Skipping stripping extended attributes because the codesign step will strip them.
2026-04-29 00:33:39 +0000  Processing step: IDEDistributionCodesignStep
2026-04-29 00:33:39 +0000  Entitlements for <IDEDistributionItem: 0x928ab1500; bundleID='com.firebase.Firebase-FirebaseAnalytics', path='<DVTFilePath:0x96025d6c0:'/Users/famous/Library/Developer/Xcode/Archives/2026-04-29/solpopmall 4-29-26, 9.31 AM.xcarchive/Products/Applications/solpopmall.app/Frameworks/FirebaseAnalytics.framework'>', codeSigningInfo='<_DVTCodeSigningInformation_Path: 0x928ab1560; isSigned='1', isAdHocSigned='0', signingCertificate='<DVTSigningCertificate: 0x9281b8a80; name='iPhone Distribution: Samsung Electronics Co., Ltd.', hash='3F1388AF6571789AB3B0FCE62A863AD0DCAC8DC5', serialNumber='3480B8315D778F3506E53289F7D7E79A', certificateKinds='(
    "1.2.840.113635.100.6.1.4"
), issueDate='2025-11-06 06:35:59 +0000''>', entitlements='(null)', teamID='254B9J7846', identifier='com.firebase.Firebase-FirebaseAnalytics', executablePath='<DVTFilePath:0x96025d960:'/Users/famous/Library/Developer/Xcode/Archives/2026-04-29/solpopmall 4-29-26, 9.31 AM.xcarchive/Products/Applications/solpopmall.app/Frameworks/FirebaseAnalytics.framework/FirebaseAnalytics'>', hardenedRuntime='0'>'>: {
}
2026-04-29 00:33:39 +0000  Associated App Clip Identifiers Filter: Skipping because "com.apple.developer.associated-appclip-app-identifiers" is not present
2026-04-29 00:33:39 +0000  Entitlements for <IDEDistributionItem: 0x928ab1500; bundleID='com.firebase.Firebase-FirebaseAnalytics', path='<DVTFilePath:0x96025d6c0:'/Users/famous/Library/Developer/Xcode/Archives/2026-04-29/solpopmall 4-29-26, 9.31 AM.xcarchive/Products/Applications/solpopmall.app/Frameworks/FirebaseAnalytics.framework'>', codeSigningInfo='<_DVTCodeSigningInformation_Path: 0x928ab1560; isSigned='1', isAdHocSigned='0', signingCertificate='<DVTSigningCertificate: 0x9281b8e40; name='iPhone Distribution: Samsung Electronics Co., Ltd.', hash='3F1388AF6571789AB3B0FCE62A863AD0DCAC8DC5', serialNumber='3480B8315D778F3506E53289F7D7E79A', certificateKinds='(
    "1.2.840.113635.100.6.1.4"
), issueDate='2025-11-06 06:35:59 +0000''>', entitlements='(null)', teamID='254B9J7846', identifier='com.firebase.Firebase-FirebaseAnalytics', executablePath='<DVTFilePath:0x96025d960:'/Users/famous/Library/Developer/Xcode/Archives/2026-04-29/solpopmall 4-29-26, 9.31 AM.xcarchive/Products/Applications/solpopmall.app/Frameworks/FirebaseAnalytics.framework/FirebaseAnalytics'>', hardenedRuntime='0'>'> are: {
}
2026-04-29 00:33:39 +0000  Writing entitlements for <IDEDistributionItem: 0x928ab1500; bundleID='com.firebase.Firebase-FirebaseAnalytics', path='<DVTFilePath:0x96025d6c0:'/Users/famous/Library/Developer/Xcode/Archives/2026-04-29/solpopmall 4-29-26, 9.31 AM.xcarchive/Products/Applications/solpopmall.app/Frameworks/FirebaseAnalytics.framework'>', codeSigningInfo='<_DVTCodeSigningInformation_Path: 0x928ab1560; isSigned='1', isAdHocSigned='0', signingCertificate='<DVTSigningCertificate: 0x9281b8e40; name='iPhone Distribution: Samsung Electronics Co., Ltd.', hash='3F1388AF6571789AB3B0FCE62A863AD0DCAC8DC5', serialNumber='3480B8315D778F3506E53289F7D7E79A', certificateKinds='(
    "1.2.840.113635.100.6.1.4"
), issueDate='2025-11-06 06:35:59 +0000''>', entitlements='(null)', teamID='254B9J7846', identifier='com.firebase.Firebase-FirebaseAnalytics', executablePath='<DVTFilePath:0x96025d960:'/Users/famous/Library/Developer/Xcode/Archives/2026-04-29/solpopmall 4-29-26, 9.31 AM.xcarchive/Products/Applications/solpopmall.app/Frameworks/FirebaseAnalytics.framework/FirebaseAnalytics'>', hardenedRuntime='0'>'> to: /var/folders/4x/d81_590j6m5677fzyww419kr0000gn/T/XcodeDistPipeline.~~~g5HcnM/entitlements~~~SsKmox
2026-04-29 00:33:39 +0000  invoking codesign: <NSConcreteTask: 0x928385130; launchPath='/usr/bin/codesign', arguments='(
    "-f",
    "-s",
    3F1388AF6571789AB3B0FCE62A863AD0DCAC8DC5,
    "--entitlements",
    "/var/folders/4x/d81_590j6m5677fzyww419kr0000gn/T/XcodeDistPipeline.~~~g5HcnM/entitlements~~~SsKmox",
    "--preserve-metadata=identifier,flags,runtime,launch-constraints,library-constraints",
    "--generate-entitlement-der",
    "--strip-disallowed-xattrs",
    "-vvv",
    "/var/folders/4x/d81_590j6m5677fzyww419kr0000gn/T/XcodeDistPipeline.~~~g5HcnM/Root/Payload/solpopmall.app/Frameworks/FirebaseAnalytics.framework"
)'>
2026-04-29 00:33:39 +0000  codesign output: /var/folders/4x/d81_590j6m5677fzyww419kr0000gn/T/XcodeDistPipeline.~~~g5HcnM/Root/Payload/solpopmall.app/Frameworks/FirebaseAnalytics.framework: replacing existing signature
/var/folders/4x/d81_590j6m5677fzyww419kr0000gn/T/XcodeDistPipeline.~~~g5HcnM/Root/Payload/solpopmall.app/Frameworks/FirebaseAnalytics.framework: signed bundle with Mach-O universal (arm64) [com.firebase.Firebase-FirebaseAnalytics]
2026-04-29 00:33:39 +0000  Entitlements for <IDEDistributionItem: 0x928ab15c0; bundleID='com.firebase.Firebase-GoogleAppMeasurement', path='<DVTFilePath:0x96025c3f0:'/Users/famous/Library/Developer/Xcode/Archives/2026-04-29/solpopmall 4-29-26, 9.31 AM.xcarchive/Products/Applications/solpopmall.app/Frameworks/GoogleAppMeasurement.framework'>', codeSigningInfo='<_DVTCodeSigningInformation_Path: 0x928ab1620; isSigned='1', isAdHocSigned='0', signingCertificate='<DVTSigningCertificate: 0x9281b8a80; name='iPhone Distribution: Samsung Electronics Co., Ltd.', hash='3F1388AF6571789AB3B0FCE62A863AD0DCAC8DC5', serialNumber='3480B8315D778F3506E53289F7D7E79A', certificateKinds='(
    "1.2.840.113635.100.6.1.4"
), issueDate='2025-11-06 06:35:59 +0000''>', entitlements='(null)', teamID='254B9J7846', identifier='com.firebase.Firebase-GoogleAppMeasurement', executablePath='<DVTFilePath:0x96025c8c0:'/Users/famous/Library/Developer/Xcode/Archives/2026-04-29/solpopmall 4-29-26, 9.31 AM.xcarchive/Products/Applications/solpopmall.app/Frameworks/GoogleAppMeasurement.framework/GoogleAppMeasurement'>', hardenedRuntime='0'>'>: {
}
2026-04-29 00:33:39 +0000  Associated App Clip Identifiers Filter: Skipping because "com.apple.developer.associated-appclip-app-identifiers" is not present
2026-04-29 00:33:39 +0000  Entitlements for <IDEDistributionItem: 0x928ab15c0; bundleID='com.firebase.Firebase-GoogleAppMeasurement', path='<DVTFilePath:0x96025c3f0:'/Users/famous/Library/Developer/Xcode/Archives/2026-04-29/solpopmall 4-29-26, 9.31 AM.xcarchive/Products/Applications/solpopmall.app/Frameworks/GoogleAppMeasurement.framework'>', codeSigningInfo='<_DVTCodeSigningInformation_Path: 0x928ab1620; isSigned='1', isAdHocSigned='0', signingCertificate='<DVTSigningCertificate: 0x9281b8e40; name='iPhone Distribution: Samsung Electronics Co., Ltd.', hash='3F1388AF6571789AB3B0FCE62A863AD0DCAC8DC5', serialNumber='3480B8315D778F3506E53289F7D7E79A', certificateKinds='(
    "1.2.840.113635.100.6.1.4"
), issueDate='2025-11-06 06:35:59 +0000''>', entitlements='(null)', teamID='254B9J7846', identifier='com.firebase.Firebase-GoogleAppMeasurement', executablePath='<DVTFilePath:0x96025c8c0:'/Users/famous/Library/Developer/Xcode/Archives/2026-04-29/solpopmall 4-29-26, 9.31 AM.xcarchive/Products/Applications/solpopmall.app/Frameworks/GoogleAppMeasurement.framework/GoogleAppMeasurement'>', hardenedRuntime='0'>'> are: {
}
2026-04-29 00:33:39 +0000  Writing entitlements for <IDEDistributionItem: 0x928ab15c0; bundleID='com.firebase.Firebase-GoogleAppMeasurement', path='<DVTFilePath:0x96025c3f0:'/Users/famous/Library/Developer/Xcode/Archives/2026-04-29/solpopmall 4-29-26, 9.31 AM.xcarchive/Products/Applications/solpopmall.app/Frameworks/GoogleAppMeasurement.framework'>', codeSigningInfo='<_DVTCodeSigningInformation_Path: 0x928ab1620; isSigned='1', isAdHocSigned='0', signingCertificate='<DVTSigningCertificate: 0x9281b8e40; name='iPhone Distribution: Samsung Electronics Co., Ltd.', hash='3F1388AF6571789AB3B0FCE62A863AD0DCAC8DC5', serialNumber='3480B8315D778F3506E53289F7D7E79A', certificateKinds='(
    "1.2.840.113635.100.6.1.4"
), issueDate='2025-11-06 06:35:59 +0000''>', entitlements='(null)', teamID='254B9J7846', identifier='com.firebase.Firebase-GoogleAppMeasurement', executablePath='<DVTFilePath:0x96025c8c0:'/Users/famous/Library/Developer/Xcode/Archives/2026-04-29/solpopmall 4-29-26, 9.31 AM.xcarchive/Products/Applications/solpopmall.app/Frameworks/GoogleAppMeasurement.framework/GoogleAppMeasurement'>', hardenedRuntime='0'>'> to: /var/folders/4x/d81_590j6m5677fzyww419kr0000gn/T/XcodeDistPipeline.~~~g5HcnM/entitlements~~~TR5Y79
2026-04-29 00:33:39 +0000  invoking codesign: <NSConcreteTask: 0x928385f90; launchPath='/usr/bin/codesign', arguments='(
    "-f",
    "-s",
    3F1388AF6571789AB3B0FCE62A863AD0DCAC8DC5,
    "--entitlements",
    "/var/folders/4x/d81_590j6m5677fzyww419kr0000gn/T/XcodeDistPipeline.~~~g5HcnM/entitlements~~~TR5Y79",
    "--preserve-metadata=identifier,flags,runtime,launch-constraints,library-constraints",
    "--generate-entitlement-der",
    "--strip-disallowed-xattrs",
    "-vvv",
    "/var/folders/4x/d81_590j6m5677fzyww419kr0000gn/T/XcodeDistPipeline.~~~g5HcnM/Root/Payload/solpopmall.app/Frameworks/GoogleAppMeasurement.framework"
)'>
2026-04-29 00:33:39 +0000  codesign output: /var/folders/4x/d81_590j6m5677fzyww419kr0000gn/T/XcodeDistPipeline.~~~g5HcnM/Root/Payload/solpopmall.app/Frameworks/GoogleAppMeasurement.framework: replacing existing signature
/var/folders/4x/d81_590j6m5677fzyww419kr0000gn/T/XcodeDistPipeline.~~~g5HcnM/Root/Payload/solpopmall.app/Frameworks/GoogleAppMeasurement.framework: signed bundle with Mach-O universal (arm64) [com.firebase.Firebase-GoogleAppMeasurement]
2026-04-29 00:33:39 +0000  Entitlements for <IDEDistributionItem: 0x928ab1440; bundleID='com.firebase.Firebase-GoogleAppMeasurementIdentitySupport', path='<DVTFilePath:0x92873a280:'/Users/famous/Library/Developer/Xcode/Archives/2026-04-29/solpopmall 4-29-26, 9.31 AM.xcarchive/Products/Applications/solpopmall.app/Frameworks/GoogleAppMeasurementIdentitySupport.framework'>', codeSigningInfo='<_DVTCodeSigningInformation_Path: 0x928ab14a0; isSigned='1', isAdHocSigned='0', signingCertificate='<DVTSigningCertificate: 0x9281b8a80; name='iPhone Distribution: Samsung Electronics Co., Ltd.', hash='3F1388AF6571789AB3B0FCE62A863AD0DCAC8DC5', serialNumber='3480B8315D778F3506E53289F7D7E79A', certificateKinds='(
    "1.2.840.113635.100.6.1.4"
), issueDate='2025-11-06 06:35:59 +0000''>', entitlements='(null)', teamID='254B9J7846', identifier='com.firebase.Firebase-GoogleAppMeasurementIdentitySupport', executablePath='<DVTFilePath:0x92873a200:'/Users/famous/Library/Developer/Xcode/Archives/2026-04-29/solpopmall 4-29-26, 9.31 AM.xcarchive/Products/Applications/solpopmall.app/Frameworks/GoogleAppMeasurementIdentitySupport.framework/GoogleAppMeasurementIdentitySupport'>', hardenedRuntime='0'>'>: {
}
2026-04-29 00:33:39 +0000  Associated App Clip Identifiers Filter: Skipping because "com.apple.developer.associated-appclip-app-identifiers" is not present
2026-04-29 00:33:39 +0000  Entitlements for <IDEDistributionItem: 0x928ab1440; bundleID='com.firebase.Firebase-GoogleAppMeasurementIdentitySupport', path='<DVTFilePath:0x92873a280:'/Users/famous/Library/Developer/Xcode/Archives/2026-04-29/solpopmall 4-29-26, 9.31 AM.xcarchive/Products/Applications/solpopmall.app/Frameworks/GoogleAppMeasurementIdentitySupport.framework'>', codeSigningInfo='<_DVTCodeSigningInformation_Path: 0x928ab14a0; isSigned='1', isAdHocSigned='0', signingCertificate='<DVTSigningCertificate: 0x9281b8e40; name='iPhone Distribution: Samsung Electronics Co., Ltd.', hash='3F1388AF6571789AB3B0FCE62A863AD0DCAC8DC5', serialNumber='3480B8315D778F3506E53289F7D7E79A', certificateKinds='(
    "1.2.840.113635.100.6.1.4"
), issueDate='2025-11-06 06:35:59 +0000''>', entitlements='(null)', teamID='254B9J7846', identifier='com.firebase.Firebase-GoogleAppMeasurementIdentitySupport', executablePath='<DVTFilePath:0x92873a200:'/Users/famous/Library/Developer/Xcode/Archives/2026-04-29/solpopmall 4-29-26, 9.31 AM.xcarchive/Products/Applications/solpopmall.app/Frameworks/GoogleAppMeasurementIdentitySupport.framework/GoogleAppMeasurementIdentitySupport'>', hardenedRuntime='0'>'> are: {
}
2026-04-29 00:33:39 +0000  Writing entitlements for <IDEDistributionItem: 0x928ab1440; bundleID='com.firebase.Firebase-GoogleAppMeasurementIdentitySupport', path='<DVTFilePath:0x92873a280:'/Users/famous/Library/Developer/Xcode/Archives/2026-04-29/solpopmall 4-29-26, 9.31 AM.xcarchive/Products/Applications/solpopmall.app/Frameworks/GoogleAppMeasurementIdentitySupport.framework'>', codeSigningInfo='<_DVTCodeSigningInformation_Path: 0x928ab14a0; isSigned='1', isAdHocSigned='0', signingCertificate='<DVTSigningCertificate: 0x9281b8e40; name='iPhone Distribution: Samsung Electronics Co., Ltd.', hash='3F1388AF6571789AB3B0FCE62A863AD0DCAC8DC5', serialNumber='3480B8315D778F3506E53289F7D7E79A', certificateKinds='(
    "1.2.840.113635.100.6.1.4"
), issueDate='2025-11-06 06:35:59 +0000''>', entitlements='(null)', teamID='254B9J7846', identifier='com.firebase.Firebase-GoogleAppMeasurementIdentitySupport', executablePath='<DVTFilePath:0x92873a200:'/Users/famous/Library/Developer/Xcode/Archives/2026-04-29/solpopmall 4-29-26, 9.31 AM.xcarchive/Products/Applications/solpopmall.app/Frameworks/GoogleAppMeasurementIdentitySupport.framework/GoogleAppMeasurementIdentitySupport'>', hardenedRuntime='0'>'> to: /var/folders/4x/d81_590j6m5677fzyww419kr0000gn/T/XcodeDistPipeline.~~~g5HcnM/entitlements~~~yflw9Q
2026-04-29 00:33:39 +0000  invoking codesign: <NSConcreteTask: 0x928385f90; launchPath='/usr/bin/codesign', arguments='(
    "-f",
    "-s",
    3F1388AF6571789AB3B0FCE62A863AD0DCAC8DC5,
    "--entitlements",
    "/var/folders/4x/d81_590j6m5677fzyww419kr0000gn/T/XcodeDistPipeline.~~~g5HcnM/entitlements~~~yflw9Q",
    "--preserve-metadata=identifier,flags,runtime,launch-constraints,library-constraints",
    "--generate-entitlement-der",
    "--strip-disallowed-xattrs",
    "-vvv",
    "/var/folders/4x/d81_590j6m5677fzyww419kr0000gn/T/XcodeDistPipeline.~~~g5HcnM/Root/Payload/solpopmall.app/Frameworks/GoogleAppMeasurementIdentitySupport.framework"
)'>
2026-04-29 00:33:39 +0000  codesign output: /var/folders/4x/d81_590j6m5677fzyww419kr0000gn/T/XcodeDistPipeline.~~~g5HcnM/Root/Payload/solpopmall.app/Frameworks/GoogleAppMeasurementIdentitySupport.framework: replacing existing signature
/var/folders/4x/d81_590j6m5677fzyww419kr0000gn/T/XcodeDistPipeline.~~~g5HcnM/Root/Payload/solpopmall.app/Frameworks/GoogleAppMeasurementIdentitySupport.framework: signed bundle with Mach-O universal (arm64) [com.firebase.Firebase-GoogleAppMeasurementIdentitySupport]
2026-04-29 00:33:39 +0000  Entitlements for <IDEDistributionItem: 0x928ab1680; bundleID='com.raonsecure.RSLicenseSDK', path='<DVTFilePath:0x96025c4d0:'/Users/famous/Library/Developer/Xcode/Archives/2026-04-29/solpopmall 4-29-26, 9.31 AM.xcarchive/Products/Applications/solpopmall.app/Frameworks/RSLicenseSDK.framework'>', codeSigningInfo='<_DVTCodeSigningInformation_Path: 0x928ab16e0; isSigned='1', isAdHocSigned='0', signingCertificate='<DVTSigningCertificate: 0x9281b8a80; name='iPhone Distribution: Samsung Electronics Co., Ltd.', hash='3F1388AF6571789AB3B0FCE62A863AD0DCAC8DC5', serialNumber='3480B8315D778F3506E53289F7D7E79A', certificateKinds='(
    "1.2.840.113635.100.6.1.4"
), issueDate='2025-11-06 06:35:59 +0000''>', entitlements='(null)', teamID='254B9J7846', identifier='com.raonsecure.RSLicenseSDK', executablePath='<DVTFilePath:0x928aade60:'/Users/famous/Library/Developer/Xcode/Archives/2026-04-29/solpopmall 4-29-26, 9.31 AM.xcarchive/Products/Applications/solpopmall.app/Frameworks/RSLicenseSDK.framework/RSLicenseSDK'>', hardenedRuntime='0'>'>: {
}
2026-04-29 00:33:39 +0000  Associated App Clip Identifiers Filter: Skipping because "com.apple.developer.associated-appclip-app-identifiers" is not present
2026-04-29 00:33:39 +0000  Entitlements for <IDEDistributionItem: 0x928ab1680; bundleID='com.raonsecure.RSLicenseSDK', path='<DVTFilePath:0x96025c4d0:'/Users/famous/Library/Developer/Xcode/Archives/2026-04-29/solpopmall 4-29-26, 9.31 AM.xcarchive/Products/Applications/solpopmall.app/Frameworks/RSLicenseSDK.framework'>', codeSigningInfo='<_DVTCodeSigningInformation_Path: 0x928ab16e0; isSigned='1', isAdHocSigned='0', signingCertificate='<DVTSigningCertificate: 0x9281b8e40; name='iPhone Distribution: Samsung Electronics Co., Ltd.', hash='3F1388AF6571789AB3B0FCE62A863AD0DCAC8DC5', serialNumber='3480B8315D778F3506E53289F7D7E79A', certificateKinds='(
    "1.2.840.113635.100.6.1.4"
), issueDate='2025-11-06 06:35:59 +0000''>', entitlements='(null)', teamID='254B9J7846', identifier='com.raonsecure.RSLicenseSDK', executablePath='<DVTFilePath:0x928aade60:'/Users/famous/Library/Developer/Xcode/Archives/2026-04-29/solpopmall 4-29-26, 9.31 AM.xcarchive/Products/Applications/solpopmall.app/Frameworks/RSLicenseSDK.framework/RSLicenseSDK'>', hardenedRuntime='0'>'> are: {
}
2026-04-29 00:33:39 +0000  Writing entitlements for <IDEDistributionItem: 0x928ab1680; bundleID='com.raonsecure.RSLicenseSDK', path='<DVTFilePath:0x96025c4d0:'/Users/famous/Library/Developer/Xcode/Archives/2026-04-29/solpopmall 4-29-26, 9.31 AM.xcarchive/Products/Applications/solpopmall.app/Frameworks/RSLicenseSDK.framework'>', codeSigningInfo='<_DVTCodeSigningInformation_Path: 0x928ab16e0; isSigned='1', isAdHocSigned='0', signingCertificate='<DVTSigningCertificate: 0x9281b8e40; name='iPhone Distribution: Samsung Electronics Co., Ltd.', hash='3F1388AF6571789AB3B0FCE62A863AD0DCAC8DC5', serialNumber='3480B8315D778F3506E53289F7D7E79A', certificateKinds='(
    "1.2.840.113635.100.6.1.4"
), issueDate='2025-11-06 06:35:59 +0000''>', entitlements='(null)', teamID='254B9J7846', identifier='com.raonsecure.RSLicenseSDK', executablePath='<DVTFilePath:0x928aade60:'/Users/famous/Library/Developer/Xcode/Archives/2026-04-29/solpopmall 4-29-26, 9.31 AM.xcarchive/Products/Applications/solpopmall.app/Frameworks/RSLicenseSDK.framework/RSLicenseSDK'>', hardenedRuntime='0'>'> to: /var/folders/4x/d81_590j6m5677fzyww419kr0000gn/T/XcodeDistPipeline.~~~g5HcnM/entitlements~~~qIUz2N
2026-04-29 00:33:39 +0000  invoking codesign: <NSConcreteTask: 0x928385f90; launchPath='/usr/bin/codesign', arguments='(
    "-f",
    "-s",
    3F1388AF6571789AB3B0FCE62A863AD0DCAC8DC5,
    "--entitlements",
    "/var/folders/4x/d81_590j6m5677fzyww419kr0000gn/T/XcodeDistPipeline.~~~g5HcnM/entitlements~~~qIUz2N",
    "--preserve-metadata=identifier,flags,runtime,launch-constraints,library-constraints",
    "--generate-entitlement-der",
    "--strip-disallowed-xattrs",
    "-vvv",
    "/var/folders/4x/d81_590j6m5677fzyww419kr0000gn/T/XcodeDistPipeline.~~~g5HcnM/Root/Payload/solpopmall.app/Frameworks/RSLicenseSDK.framework"
)'>
2026-04-29 00:33:39 +0000  codesign output: /var/folders/4x/d81_590j6m5677fzyww419kr0000gn/T/XcodeDistPipeline.~~~g5HcnM/Root/Payload/solpopmall.app/Frameworks/RSLicenseSDK.framework: replacing existing signature
/var/folders/4x/d81_590j6m5677fzyww419kr0000gn/T/XcodeDistPipeline.~~~g5HcnM/Root/Payload/solpopmall.app/Frameworks/RSLicenseSDK.framework: signed bundle with Mach-O universal (armv7 armv7s arm64) [com.raonsecure.RSLicenseSDK]
2026-04-29 00:33:39 +0000  Entitlements for <IDEDistributionItem: 0x928ab01e0; bundleID='com.raonsecure.TouchEn-AntiCapture', path='<DVTFilePath:0x96025cd20:'/Users/famous/Library/Developer/Xcode/Archives/2026-04-29/solpopmall 4-29-26, 9.31 AM.xcarchive/Products/Applications/solpopmall.app/Frameworks/TouchEn_AntiCapture.framework'>', codeSigningInfo='<_DVTCodeSigningInformation_Path: 0x928ab11a0; isSigned='1', isAdHocSigned='0', signingCertificate='<DVTSigningCertificate: 0x9281b8a80; name='iPhone Distribution: Samsung Electronics Co., Ltd.', hash='3F1388AF6571789AB3B0FCE62A863AD0DCAC8DC5', serialNumber='3480B8315D778F3506E53289F7D7E79A', certificateKinds='(
    "1.2.840.113635.100.6.1.4"
), issueDate='2025-11-06 06:35:59 +0000''>', entitlements='(null)', teamID='254B9J7846', identifier='com.raonsecure.TouchEn-AntiCapture', executablePath='<DVTFilePath:0x96025d340:'/Users/famous/Library/Developer/Xcode/Archives/2026-04-29/solpopmall 4-29-26, 9.31 AM.xcarchive/Products/Applications/solpopmall.app/Frameworks/TouchEn_AntiCapture.framework/TouchEn_AntiCapture'>', hardenedRuntime='0'>'>: {
}
2026-04-29 00:33:39 +0000  Associated App Clip Identifiers Filter: Skipping because "com.apple.developer.associated-appclip-app-identifiers" is not present
2026-04-29 00:33:39 +0000  Entitlements for <IDEDistributionItem: 0x928ab01e0; bundleID='com.raonsecure.TouchEn-AntiCapture', path='<DVTFilePath:0x96025cd20:'/Users/famous/Library/Developer/Xcode/Archives/2026-04-29/solpopmall 4-29-26, 9.31 AM.xcarchive/Products/Applications/solpopmall.app/Frameworks/TouchEn_AntiCapture.framework'>', codeSigningInfo='<_DVTCodeSigningInformation_Path: 0x928ab11a0; isSigned='1', isAdHocSigned='0', signingCertificate='<DVTSigningCertificate: 0x9281b8e40; name='iPhone Distribution: Samsung Electronics Co., Ltd.', hash='3F1388AF6571789AB3B0FCE62A863AD0DCAC8DC5', serialNumber='3480B8315D778F3506E53289F7D7E79A', certificateKinds='(
    "1.2.840.113635.100.6.1.4"
), issueDate='2025-11-06 06:35:59 +0000''>', entitlements='(null)', teamID='254B9J7846', identifier='com.raonsecure.TouchEn-AntiCapture', executablePath='<DVTFilePath:0x96025d340:'/Users/famous/Library/Developer/Xcode/Archives/2026-04-29/solpopmall 4-29-26, 9.31 AM.xcarchive/Products/Applications/solpopmall.app/Frameworks/TouchEn_AntiCapture.framework/TouchEn_AntiCapture'>', hardenedRuntime='0'>'> are: {
}
2026-04-29 00:33:39 +0000  Writing entitlements for <IDEDistributionItem: 0x928ab01e0; bundleID='com.raonsecure.TouchEn-AntiCapture', path='<DVTFilePath:0x96025cd20:'/Users/famous/Library/Developer/Xcode/Archives/2026-04-29/solpopmall 4-29-26, 9.31 AM.xcarchive/Products/Applications/solpopmall.app/Frameworks/TouchEn_AntiCapture.framework'>', codeSigningInfo='<_DVTCodeSigningInformation_Path: 0x928ab11a0; isSigned='1', isAdHocSigned='0', signingCertificate='<DVTSigningCertificate: 0x9281b8e40; name='iPhone Distribution: Samsung Electronics Co., Ltd.', hash='3F1388AF6571789AB3B0FCE62A863AD0DCAC8DC5', serialNumber='3480B8315D778F3506E53289F7D7E79A', certificateKinds='(
    "1.2.840.113635.100.6.1.4"
), issueDate='2025-11-06 06:35:59 +0000''>', entitlements='(null)', teamID='254B9J7846', identifier='com.raonsecure.TouchEn-AntiCapture', executablePath='<DVTFilePath:0x96025d340:'/Users/famous/Library/Developer/Xcode/Archives/2026-04-29/solpopmall 4-29-26, 9.31 AM.xcarchive/Products/Applications/solpopmall.app/Frameworks/TouchEn_AntiCapture.framework/TouchEn_AntiCapture'>', hardenedRuntime='0'>'> to: /var/folders/4x/d81_590j6m5677fzyww419kr0000gn/T/XcodeDistPipeline.~~~g5HcnM/entitlements~~~2aM03i
2026-04-29 00:33:39 +0000  invoking codesign: <NSConcreteTask: 0x928385f90; launchPath='/usr/bin/codesign', arguments='(
    "-f",
    "-s",
    3F1388AF6571789AB3B0FCE62A863AD0DCAC8DC5,
    "--entitlements",
    "/var/folders/4x/d81_590j6m5677fzyww419kr0000gn/T/XcodeDistPipeline.~~~g5HcnM/entitlements~~~2aM03i",
    "--preserve-metadata=identifier,flags,runtime,launch-constraints,library-constraints",
    "--generate-entitlement-der",
    "--strip-disallowed-xattrs",
    "-vvv",
    "/var/folders/4x/d81_590j6m5677fzyww419kr0000gn/T/XcodeDistPipeline.~~~g5HcnM/Root/Payload/solpopmall.app/Frameworks/TouchEn_AntiCapture.framework"
)'>
2026-04-29 00:33:39 +0000  codesign output: /var/folders/4x/d81_590j6m5677fzyww419kr0000gn/T/XcodeDistPipeline.~~~g5HcnM/Root/Payload/solpopmall.app/Frameworks/TouchEn_AntiCapture.framework: replacing existing signature
/var/folders/4x/d81_590j6m5677fzyww419kr0000gn/T/XcodeDistPipeline.~~~g5HcnM/Root/Payload/solpopmall.app/Frameworks/TouchEn_AntiCapture.framework: signed bundle with Mach-O thin (arm64) [com.raonsecure.TouchEn-AntiCapture]
2026-04-29 00:33:39 +0000  Entitlements for <IDEDistributionItem: 0x928ab12c0; bundleID='com.samsung.solpopmall.prd.solNotiService', path='<DVTFilePath:0x96025e140:'/Users/famous/Library/Developer/Xcode/Archives/2026-04-29/solpopmall 4-29-26, 9.31 AM.xcarchive/Products/Applications/solpopmall.app/PlugIns/solNotiService.appex'>', codeSigningInfo='<_DVTCodeSigningInformation_Path: 0x928ab13e0; isSigned='1', isAdHocSigned='0', signingCertificate='<DVTSigningCertificate: 0x9281b8a80; name='iPhone Distribution: Samsung Electronics Co., Ltd.', hash='3F1388AF6571789AB3B0FCE62A863AD0DCAC8DC5', serialNumber='3480B8315D778F3506E53289F7D7E79A', certificateKinds='(
    "1.2.840.113635.100.6.1.4"
), issueDate='2025-11-06 06:35:59 +0000''>', entitlements='{
    "application-identifier" = "254B9J7846.com.samsung.solpopmall.prd.solNotiService";
    "com.apple.developer.team-identifier" = 254B9J7846;
    "get-task-allow" = 0;
}', teamID='254B9J7846', identifier='com.samsung.solpopmall.prd.solNotiService', executablePath='<DVTFilePath:0x928aaf6c0:'/Users/famous/Library/Developer/Xcode/Archives/2026-04-29/solpopmall 4-29-26, 9.31 AM.xcarchive/Products/Applications/solpopmall.app/PlugIns/solNotiService.appex/solNotiService'>', hardenedRuntime='0'>'>: {
    "application-identifier" = "254B9J7846.com.samsung.solpopmall.prd.solNotiService";
    "com.apple.developer.team-identifier" = 254B9J7846;
    "get-task-allow" = 0;
}
2026-04-29 00:33:39 +0000  Associated App Clip Identifiers Filter: Skipping because "com.apple.developer.associated-appclip-app-identifiers" is not present
2026-04-29 00:33:39 +0000  Entitlements for <IDEDistributionItem: 0x928ab12c0; bundleID='com.samsung.solpopmall.prd.solNotiService', path='<DVTFilePath:0x96025e140:'/Users/famous/Library/Developer/Xcode/Archives/2026-04-29/solpopmall 4-29-26, 9.31 AM.xcarchive/Products/Applications/solpopmall.app/PlugIns/solNotiService.appex'>', codeSigningInfo='<_DVTCodeSigningInformation_Path: 0x928ab13e0; isSigned='1', isAdHocSigned='0', signingCertificate='<DVTSigningCertificate: 0x9281b8e40; name='iPhone Distribution: Samsung Electronics Co., Ltd.', hash='3F1388AF6571789AB3B0FCE62A863AD0DCAC8DC5', serialNumber='3480B8315D778F3506E53289F7D7E79A', certificateKinds='(
    "1.2.840.113635.100.6.1.4"
), issueDate='2025-11-06 06:35:59 +0000''>', entitlements='{
    "application-identifier" = "254B9J7846.com.samsung.solpopmall.prd.solNotiService";
    "com.apple.developer.team-identifier" = 254B9J7846;
    "get-task-allow" = 0;
}', teamID='254B9J7846', identifier='com.samsung.solpopmall.prd.solNotiService', executablePath='<DVTFilePath:0x928aaf6c0:'/Users/famous/Library/Developer/Xcode/Archives/2026-04-29/solpopmall 4-29-26, 9.31 AM.xcarchive/Products/Applications/solpopmall.app/PlugIns/solNotiService.appex/solNotiService'>', hardenedRuntime='0'>'> are: {
    "application-identifier" = "254B9J7846.com.samsung.solpopmall.prd.solNotiService";
    "com.apple.developer.team-identifier" = 254B9J7846;
    "get-task-allow" = 0;
}
2026-04-29 00:33:39 +0000  Writing entitlements for <IDEDistributionItem: 0x928ab12c0; bundleID='com.samsung.solpopmall.prd.solNotiService', path='<DVTFilePath:0x96025e140:'/Users/famous/Library/Developer/Xcode/Archives/2026-04-29/solpopmall 4-29-26, 9.31 AM.xcarchive/Products/Applications/solpopmall.app/PlugIns/solNotiService.appex'>', codeSigningInfo='<_DVTCodeSigningInformation_Path: 0x928ab13e0; isSigned='1', isAdHocSigned='0', signingCertificate='<DVTSigningCertificate: 0x9281b8e40; name='iPhone Distribution: Samsung Electronics Co., Ltd.', hash='3F1388AF6571789AB3B0FCE62A863AD0DCAC8DC5', serialNumber='3480B8315D778F3506E53289F7D7E79A', certificateKinds='(
    "1.2.840.113635.100.6.1.4"
), issueDate='2025-11-06 06:35:59 +0000''>', entitlements='{
    "application-identifier" = "254B9J7846.com.samsung.solpopmall.prd.solNotiService";
    "com.apple.developer.team-identifier" = 254B9J7846;
    "get-task-allow" = 0;
}', teamID='254B9J7846', identifier='com.samsung.solpopmall.prd.solNotiService', executablePath='<DVTFilePath:0x928aaf6c0:'/Users/famous/Library/Developer/Xcode/Archives/2026-04-29/solpopmall 4-29-26, 9.31 AM.xcarchive/Products/Applications/solpopmall.app/PlugIns/solNotiService.appex/solNotiService'>', hardenedRuntime='0'>'> to: /var/folders/4x/d81_590j6m5677fzyww419kr0000gn/T/XcodeDistPipeline.~~~g5HcnM/entitlements~~~hf8ixq
2026-04-29 00:33:39 +0000  invoking codesign: <NSConcreteTask: 0x928385f90; launchPath='/usr/bin/codesign', arguments='(
    "-f",
    "-s",
    3F1388AF6571789AB3B0FCE62A863AD0DCAC8DC5,
    "--entitlements",
    "/var/folders/4x/d81_590j6m5677fzyww419kr0000gn/T/XcodeDistPipeline.~~~g5HcnM/entitlements~~~hf8ixq",
    "--preserve-metadata=identifier,flags,runtime,launch-constraints,library-constraints",
    "--generate-entitlement-der",
    "--strip-disallowed-xattrs",
    "-vvv",
    "/var/folders/4x/d81_590j6m5677fzyww419kr0000gn/T/XcodeDistPipeline.~~~g5HcnM/Root/Payload/solpopmall.app/PlugIns/solNotiService.appex"
)'>
2026-04-29 00:33:39 +0000  codesign output: /var/folders/4x/d81_590j6m5677fzyww419kr0000gn/T/XcodeDistPipeline.~~~g5HcnM/Root/Payload/solpopmall.app/PlugIns/solNotiService.appex: replacing existing signature
/var/folders/4x/d81_590j6m5677fzyww419kr0000gn/T/XcodeDistPipeline.~~~g5HcnM/Root/Payload/solpopmall.app/PlugIns/solNotiService.appex: signed bundle with Mach-O thin (arm64) [com.samsung.solpopmall.prd.solNotiService]
2026-04-29 00:33:39 +0000  Entitlements for <IDEDistributionItem: 0x928ab1860; bundleID='com.samsung.solpopmall.prd', path='<DVTFilePath:0x928a97cc0:'/Users/famous/Library/Developer/Xcode/Archives/2026-04-29/solpopmall 4-29-26, 9.31 AM.xcarchive/Products/Applications/solpopmall.app'>', codeSigningInfo='<_DVTCodeSigningInformation_Path: 0x928ab1800; isSigned='1', isAdHocSigned='0', signingCertificate='<DVTSigningCertificate: 0x9281b8a80; name='iPhone Distribution: Samsung Electronics Co., Ltd.', hash='3F1388AF6571789AB3B0FCE62A863AD0DCAC8DC5', serialNumber='3480B8315D778F3506E53289F7D7E79A', certificateKinds='(
    "1.2.840.113635.100.6.1.4"
), issueDate='2025-11-06 06:35:59 +0000''>', entitlements='{
    "application-identifier" = "254B9J7846.com.samsung.solpopmall.prd";
    "aps-environment" = production;
    "com.apple.developer.team-identifier" = 254B9J7846;
    "get-task-allow" = 0;
}', teamID='254B9J7846', identifier='com.samsung.solpopmall.prd', executablePath='<DVTFilePath:0x928ab4840:'/Users/famous/Library/Developer/Xcode/Archives/2026-04-29/solpopmall 4-29-26, 9.31 AM.xcarchive/Products/Applications/solpopmall.app/solpopmall'>', hardenedRuntime='0'>'>: {
    "application-identifier" = "254B9J7846.com.samsung.solpopmall.prd";
    "aps-environment" = production;
    "com.apple.developer.team-identifier" = 254B9J7846;
    "get-task-allow" = 0;
}
2026-04-29 00:33:39 +0000  Associated App Clip Identifiers Filter: Skipping because "com.apple.developer.associated-appclip-app-identifiers" is not present
2026-04-29 00:33:39 +0000  Entitlements for <IDEDistributionItem: 0x928ab1860; bundleID='com.samsung.solpopmall.prd', path='<DVTFilePath:0x928a97cc0:'/Users/famous/Library/Developer/Xcode/Archives/2026-04-29/solpopmall 4-29-26, 9.31 AM.xcarchive/Products/Applications/solpopmall.app'>', codeSigningInfo='<_DVTCodeSigningInformation_Path: 0x928ab1800; isSigned='1', isAdHocSigned='0', signingCertificate='<DVTSigningCertificate: 0x9281b8e40; name='iPhone Distribution: Samsung Electronics Co., Ltd.', hash='3F1388AF6571789AB3B0FCE62A863AD0DCAC8DC5', serialNumber='3480B8315D778F3506E53289F7D7E79A', certificateKinds='(
    "1.2.840.113635.100.6.1.4"
), issueDate='2025-11-06 06:35:59 +0000''>', entitlements='{
    "application-identifier" = "254B9J7846.com.samsung.solpopmall.prd";
    "aps-environment" = production;
    "com.apple.developer.team-identifier" = 254B9J7846;
    "get-task-allow" = 0;
}', teamID='254B9J7846', identifier='com.samsung.solpopmall.prd', executablePath='<DVTFilePath:0x928ab4840:'/Users/famous/Library/Developer/Xcode/Archives/2026-04-29/solpopmall 4-29-26, 9.31 AM.xcarchive/Products/Applications/solpopmall.app/solpopmall'>', hardenedRuntime='0'>'> are: {
    "application-identifier" = "254B9J7846.com.samsung.solpopmall.prd";
    "aps-environment" = production;
    "com.apple.developer.team-identifier" = 254B9J7846;
    "get-task-allow" = 0;
}
2026-04-29 00:33:39 +0000  Writing entitlements for <IDEDistributionItem: 0x928ab1860; bundleID='com.samsung.solpopmall.prd', path='<DVTFilePath:0x928a97cc0:'/Users/famous/Library/Developer/Xcode/Archives/2026-04-29/solpopmall 4-29-26, 9.31 AM.xcarchive/Products/Applications/solpopmall.app'>', codeSigningInfo='<_DVTCodeSigningInformation_Path: 0x928ab1800; isSigned='1', isAdHocSigned='0', signingCertificate='<DVTSigningCertificate: 0x9281b8e40; name='iPhone Distribution: Samsung Electronics Co., Ltd.', hash='3F1388AF6571789AB3B0FCE62A863AD0DCAC8DC5', serialNumber='3480B8315D778F3506E53289F7D7E79A', certificateKinds='(
    "1.2.840.113635.100.6.1.4"
), issueDate='2025-11-06 06:35:59 +0000''>', entitlements='{
    "application-identifier" = "254B9J7846.com.samsung.solpopmall.prd";
    "aps-environment" = production;
    "com.apple.developer.team-identifier" = 254B9J7846;
    "get-task-allow" = 0;
}', teamID='254B9J7846', identifier='com.samsung.solpopmall.prd', executablePath='<DVTFilePath:0x928ab4840:'/Users/famous/Library/Developer/Xcode/Archives/2026-04-29/solpopmall 4-29-26, 9.31 AM.xcarchive/Products/Applications/solpopmall.app/solpopmall'>', hardenedRuntime='0'>'> to: /var/folders/4x/d81_590j6m5677fzyww419kr0000gn/T/XcodeDistPipeline.~~~g5HcnM/entitlements~~~YOjTrX
2026-04-29 00:33:39 +0000  invoking codesign: <NSConcreteTask: 0x928385f90; launchPath='/usr/bin/codesign', arguments='(
    "-f",
    "-s",
    3F1388AF6571789AB3B0FCE62A863AD0DCAC8DC5,
    "--entitlements",
    "/var/folders/4x/d81_590j6m5677fzyww419kr0000gn/T/XcodeDistPipeline.~~~g5HcnM/entitlements~~~YOjTrX",
    "--preserve-metadata=identifier,flags,runtime,launch-constraints,library-constraints",
    "--generate-entitlement-der",
    "--strip-disallowed-xattrs",
    "-vvv",
    "/var/folders/4x/d81_590j6m5677fzyww419kr0000gn/T/XcodeDistPipeline.~~~g5HcnM/Root/Payload/solpopmall.app"
)'>
2026-04-29 00:33:39 +0000  codesign output: /var/folders/4x/d81_590j6m5677fzyww419kr0000gn/T/XcodeDistPipeline.~~~g5HcnM/Root/Payload/solpopmall.app: replacing existing signature
/var/folders/4x/d81_590j6m5677fzyww419kr0000gn/T/XcodeDistPipeline.~~~g5HcnM/Root/Payload/solpopmall.app: signed app bundle with Mach-O thin (arm64) [com.samsung.solpopmall.prd]
2026-04-29 00:33:39 +0000  Processing step: IDEDistributionZipODRItemStep
2026-04-29 00:33:39 +0000  Skipping step: IDEDistributionZipODRItemStep because it said so
2026-04-29 00:33:39 +0000  Skipping step: IDEDistributionZipODRItemStep because it said so
2026-04-29 00:33:39 +0000  Skipping step: IDEDistributionZipODRItemStep because it said so
2026-04-29 00:33:39 +0000  Skipping step: IDEDistributionZipODRItemStep because it said so
2026-04-29 00:33:39 +0000  Skipping step: IDEDistributionZipODRItemStep because it said so
2026-04-29 00:33:39 +0000  Skipping step: IDEDistributionZipODRItemStep because it said so
2026-04-29 00:33:39 +0000  Skipping step: IDEDistributionZipODRItemStep because it said so
2026-04-29 00:33:39 +0000  Processing step: IDEDistributionCreateIPAStep
2026-04-29 00:33:39 +0000  Running /usr/bin/ditto '-V' '-c' '-k' '--norsrc' '/var/folders/4x/d81_590j6m5677fzyww419kr0000gn/T/XcodeDistPipeline.~~~g5HcnM/Root' '/var/folders/4x/d81_590j6m5677fzyww419kr0000gn/T/XcodeDistPipeline.~~~g5HcnM/Packages/solpopmall.ipa'
2026-04-29 00:33:39 +0000  >>> Copying /var/folders/4x/d81_590j6m5677fzyww419kr0000gn/T/XcodeDistPipeline.~~~g5HcnM/Root 
2026-04-29 00:33:39 +0000  copying file ./Payload/solpopmall.app/_CodeSignature/CodeResources ... 
2026-04-29 00:33:39 +0000  27562 bytes for ./Payload/solpopmall.app/_CodeSignature/CodeResources
2026-04-29 00:33:39 +0000  copying file ./Payload/solpopmall.app/samsung_one_korean_700.ttf ... 
2026-04-29 00:33:39 +0000  3651976 bytes for ./Payload/solpopmall.app/samsung_one_korean_700.ttf
2026-04-29 00:33:39 +0000  copying file ./Payload/solpopmall.app/AppIcon_SOL76x76@2x~ipad.png ... 
8834 bytes for ./Payload/solpopmall.app/AppIcon_SOL76x76@2x~ipad.png
copying file ./Payload/solpopmall.app/samsung_sharpsans_bold.ttf ... 
2026-04-29 00:33:39 +0000  219252 bytes for ./Payload/solpopmall.app/samsung_sharpsans_bold.ttf
2026-04-29 00:33:39 +0000  copying file ./Payload/solpopmall.app/Setting.storyboardc/vkP-RF-CPS-view-2ea-2Q-hl1.nib ... 
2026-04-29 00:33:39 +0000  5033 bytes for ./Payload/solpopmall.app/Setting.storyboardc/vkP-RF-CPS-view-2ea-2Q-hl1.nib
2026-04-29 00:33:39 +0000  copying file ./Payload/solpopmall.app/Setting.storyboardc/7LQ-eo-VKq-view-Mn7-CO-3th.nib ... 
2026-04-29 00:33:39 +0000  14395 bytes for ./Payload/solpopmall.app/Setting.storyboardc/7LQ-eo-VKq-view-Mn7-CO-3th.nib
2026-04-29 00:33:39 +0000  copying file ./Payload/solpopmall.app/Setting.storyboardc/OpenSourceVC.nib ... 
2026-04-29 00:33:39 +0000  1121 bytes for ./Payload/solpopmall.app/Setting.storyboardc/OpenSourceVC.nib
2026-04-29 00:33:39 +0000  copying file ./Payload/solpopmall.app/Setting.storyboardc/Info.plist ... 
2026-04-29 00:33:39 +0000  169 bytes for ./Payload/solpopmall.app/Setting.storyboardc/Info.plist
2026-04-29 00:33:39 +0000  copying file ./Payload/solpopmall.app/Setting.storyboardc/SettingVC.nib ... 
2026-04-29 00:33:39 +0000  29042 bytes for ./Payload/solpopmall.app/Setting.storyboardc/SettingVC.nib
2026-04-29 00:33:39 +0000  copying file ./Payload/solpopmall.app/PlugIns/solNotiService.appex/_CodeSignature/CodeResources ... 
2026-04-29 00:33:39 +0000  2040 bytes for ./Payload/solpopmall.app/PlugIns/solNotiService.appex/_CodeSignature/CodeResources
2026-04-29 00:33:39 +0000  copying file ./Payload/solpopmall.app/PlugIns/solNotiService.appex/embedded.mobileprovision ... 
2026-04-29 00:33:39 +0000  12304 bytes for ./Payload/solpopmall.app/PlugIns/solNotiService.appex/embedded.mobileprovision
2026-04-29 00:33:39 +0000  copying file ./Payload/solpopmall.app/PlugIns/solNotiService.appex/Info.plist ... 
2026-04-29 00:33:39 +0000  966 bytes for ./Payload/solpopmall.app/PlugIns/solNotiService.appex/Info.plist
2026-04-29 00:33:39 +0000  copying file ./Payload/solpopmall.app/PlugIns/solNotiService.appex/solNotiService ... 
2026-04-29 00:33:39 +0000  91408 bytes for ./Payload/solpopmall.app/PlugIns/solNotiService.appex/solNotiService
2026-04-29 00:33:39 +0000  copying file ./Payload/solpopmall.app/Alert.storyboardc/Y6W-OH-hqX-view-5EZ-qb-Rvc.nib ... 
2026-04-29 00:33:39 +0000  9477 bytes for ./Payload/solpopmall.app/Alert.storyboardc/Y6W-OH-hqX-view-5EZ-qb-Rvc.nib
2026-04-29 00:33:39 +0000  copying file ./Payload/solpopmall.app/Alert.storyboardc/BasicAlertVC.nib ... 
2026-04-29 00:33:39 +0000  12307 bytes for ./Payload/solpopmall.app/Alert.storyboardc/BasicAlertVC.nib
2026-04-29 00:33:39 +0000  copying file ./Payload/solpopmall.app/Alert.storyboardc/Info.plist ... 
2026-04-29 00:33:39 +0000  145 bytes for ./Payload/solpopmall.app/Alert.storyboardc/Info.plist
2026-04-29 00:33:39 +0000  copying file ./Payload/solpopmall.app/samsung_one_korean_400.ttf ... 
2026-04-29 00:33:39 +0000  3590680 bytes for ./Payload/solpopmall.app/samsung_one_korean_400.ttf
2026-04-29 00:33:39 +0000  copying file ./Payload/solpopmall.app/Base.lproj/Main.storyboardc/Q3U-I2-mrL-view-3XK-Gd-MrI.nib ... 
2579 bytes for ./Payload/solpopmall.app/Base.lproj/Main.storyboardc/Q3U-I2-mrL-view-3XK-Gd-MrI.nib
copying file ./Payload/solpopmall.app/Base.lproj/Main.storyboardc/UIViewController-qc6-ce-ko2.nib ... 
1364 bytes for ./Payload/solpopmall.app/Base.lproj/Main.storyboardc/UIViewController-qc6-ce-ko2.nib
copying file ./Payload/solpopmall.app/Base.lproj/Main.storyboardc/PopupVC.nib ... 
2026-04-29 00:33:39 +0000  1035 bytes for ./Payload/solpopmall.app/Base.lproj/Main.storyboardc/PopupVC.nib
copying file ./Payload/solpopmall.app/Base.lproj/Main.storyboardc/qc6-ce-ko2-view-zfn-k4-gxh.nib ... 
2026-04-29 00:33:39 +0000  10842 bytes for ./Payload/solpopmall.app/Base.lproj/Main.storyboardc/qc6-ce-ko2-view-zfn-k4-gxh.nib
2026-04-29 00:33:39 +0000  copying file ./Payload/solpopmall.app/Base.lproj/Main.storyboardc/UINavigationController-yIa-gt-kSc.nib ... 
2026-04-29 00:33:39 +0000  4516 bytes for ./Payload/solpopmall.app/Base.lproj/Main.storyboardc/UINavigationController-yIa-gt-kSc.nib
2026-04-29 00:33:39 +0000  copying file ./Payload/solpopmall.app/Base.lproj/Main.storyboardc/GuideVC2.nib ... 
2026-04-29 00:33:39 +0000  967 bytes for ./Payload/solpopmall.app/Base.lproj/Main.storyboardc/GuideVC2.nib
copying file ./Payload/solpopmall.app/Base.lproj/Main.storyboardc/GuideVC3.nib ... 
2026-04-29 00:33:39 +0000  967 bytes for ./Payload/solpopmall.app/Base.lproj/Main.storyboardc/GuideVC3.nib
copying file ./Payload/solpopmall.app/Base.lproj/Main.storyboardc/UIViewController-s4P-tV-eny.nib ... 
2026-04-29 00:33:39 +0000  22566 bytes for ./Payload/solpopmall.app/Base.lproj/Main.storyboardc/UIViewController-s4P-tV-eny.nib
2026-04-29 00:33:39 +0000  copying file ./Payload/solpopmall.app/Base.lproj/Main.storyboardc/cUi-eZ-SMf-view-S3a-W0-wJl.nib ... 
2026-04-29 00:33:39 +0000  2607 bytes for ./Payload/solpopmall.app/Base.lproj/Main.storyboardc/cUi-eZ-SMf-view-S3a-W0-wJl.nib
copying file ./Payload/solpopmall.app/Base.lproj/Main.storyboardc/GuideVC1.nib ... 
2026-04-29 00:33:39 +0000  967 bytes for ./Payload/solpopmall.app/Base.lproj/Main.storyboardc/GuideVC1.nib
copying file ./Payload/solpopmall.app/Base.lproj/Main.storyboardc/i5V-As-P0w-view-zgP-PQ-Z21.nib ... 
2026-04-29 00:33:39 +0000  1840 bytes for ./Payload/solpopmall.app/Base.lproj/Main.storyboardc/i5V-As-P0w-view-zgP-PQ-Z21.nib
2026-04-29 00:33:39 +0000  copying file ./Payload/solpopmall.app/Base.lproj/Main.storyboardc/bXw-6F-EZc-view-Ofd-H8-0JV.nib ... 
2026-04-29 00:33:39 +0000  2593 bytes for ./Payload/solpopmall.app/Base.lproj/Main.storyboardc/bXw-6F-EZc-view-Ofd-H8-0JV.nib
copying file ./Payload/solpopmall.app/Base.lproj/Main.storyboardc/kbv-XG-529-view-Nqq-zM-bjF.nib ... 
2026-04-29 00:33:39 +0000  2575 bytes for ./Payload/solpopmall.app/Base.lproj/Main.storyboardc/kbv-XG-529-view-Nqq-zM-bjF.nib
2026-04-29 00:33:39 +0000  copying file ./Payload/solpopmall.app/Base.lproj/Main.storyboardc/BYZ-38-t0r-view-8bC-Xf-vdC.nib ... 
2026-04-29 00:33:39 +0000  2667 bytes for ./Payload/solpopmall.app/Base.lproj/Main.storyboardc/BYZ-38-t0r-view-8bC-Xf-vdC.nib
copying file ./Payload/solpopmall.app/Base.lproj/Main.storyboardc/aer-Ul-Ynq-view-dGY-Nd-eZP.nib ... 
2026-04-29 00:33:39 +0000  4580 bytes for ./Payload/solpopmall.app/Base.lproj/Main.storyboardc/aer-Ul-Ynq-view-dGY-Nd-eZP.nib
2026-04-29 00:33:39 +0000  copying file ./Payload/solpopmall.app/Base.lproj/Main.storyboardc/s4P-tV-eny-view-Kzz-nX-jyg.nib ... 
2026-04-29 00:33:39 +0000  5329 bytes for ./Payload/solpopmall.app/Base.lproj/Main.storyboardc/s4P-tV-eny-view-Kzz-nX-jyg.nib
2026-04-29 00:33:39 +0000  copying file ./Payload/solpopmall.app/Base.lproj/Main.storyboardc/z5a-0o-7r2-view-144-aI-YAa.nib ... 
2026-04-29 00:33:39 +0000  2597 bytes for ./Payload/solpopmall.app/Base.lproj/Main.storyboardc/z5a-0o-7r2-view-144-aI-YAa.nib
copying file ./Payload/solpopmall.app/Base.lproj/Main.storyboardc/GuideSol3.nib ... 
2026-04-29 00:33:39 +0000  968 bytes for ./Payload/solpopmall.app/Base.lproj/Main.storyboardc/GuideSol3.nib
copying file ./Payload/solpopmall.app/Base.lproj/Main.storyboardc/GuideSol2.nib ... 
2026-04-29 00:33:39 +0000  968 bytes for ./Payload/solpopmall.app/Base.lproj/Main.storyboardc/GuideSol2.nib
copying file ./Payload/solpopmall.app/Base.lproj/Main.storyboardc/tXe-H5-cCb-view-DgF-Wi-Q0G.nib ... 
2026-04-29 00:33:39 +0000  2634 bytes for ./Payload/solpopmall.app/Base.lproj/Main.storyboardc/tXe-H5-cCb-view-DgF-Wi-Q0G.nib
2026-04-29 00:33:39 +0000  copying file ./Payload/solpopmall.app/Base.lproj/Main.storyboardc/GuideSol1.nib ... 
2026-04-29 00:33:39 +0000  968 bytes for ./Payload/solpopmall.app/Base.lproj/Main.storyboardc/GuideSol1.nib
2026-04-29 00:33:39 +0000  copying file ./Payload/solpopmall.app/Base.lproj/Main.storyboardc/JLc-NW-gZD-view-09x-xa-XJM.nib ... 
2026-04-29 00:33:39 +0000  2630 bytes for ./Payload/solpopmall.app/Base.lproj/Main.storyboardc/JLc-NW-gZD-view-09x-xa-XJM.nib
2026-04-29 00:33:39 +0000  copying file ./Payload/solpopmall.app/Base.lproj/Main.storyboardc/GuideSol4.nib ... 
2026-04-29 00:33:39 +0000  968 bytes for ./Payload/solpopmall.app/Base.lproj/Main.storyboardc/GuideSol4.nib
2026-04-29 00:33:39 +0000  copying file ./Payload/solpopmall.app/Base.lproj/Main.storyboardc/Info.plist ... 
2026-04-29 00:33:39 +0000  661 bytes for ./Payload/solpopmall.app/Base.lproj/Main.storyboardc/Info.plist
2026-04-29 00:33:39 +0000  copying file ./Payload/solpopmall.app/Base.lproj/Main.storyboardc/WebViewController.nib ... 
2026-04-29 00:33:39 +0000  1128 bytes for ./Payload/solpopmall.app/Base.lproj/Main.storyboardc/WebViewController.nib
2026-04-29 00:33:39 +0000  copying file ./Payload/solpopmall.app/Base.lproj/LaunchScreen.storyboardc/01J-lp-oVM-view-Ze5-6b-2t3.nib ... 
2026-04-29 00:33:39 +0000  1225 bytes for ./Payload/solpopmall.app/Base.lproj/LaunchScreen.storyboardc/01J-lp-oVM-view-Ze5-6b-2t3.nib
2026-04-29 00:33:39 +0000  copying file ./Payload/solpopmall.app/Base.lproj/LaunchScreen.storyboardc/UIViewController-01J-lp-oVM.nib ... 
2026-04-29 00:33:39 +0000  924 bytes for ./Payload/solpopmall.app/Base.lproj/LaunchScreen.storyboardc/UIViewController-01J-lp-oVM.nib
2026-04-29 00:33:39 +0000  copying file ./Payload/solpopmall.app/Base.lproj/LaunchScreen.storyboardc/Info.plist ... 
2026-04-29 00:33:39 +0000  258 bytes for ./Payload/solpopmall.app/Base.lproj/LaunchScreen.storyboardc/Info.plist
2026-04-29 00:33:39 +0000  copying file ./Payload/solpopmall.app/AppIcon_SOL60x60@2x.png ... 
2026-04-29 00:33:39 +0000  7218 bytes for ./Payload/solpopmall.app/AppIcon_SOL60x60@2x.png
2026-04-29 00:33:39 +0000  copying file ./Payload/solpopmall.app/Assets.car ... 
2026-04-29 00:33:39 +0000  1513032 bytes for ./Payload/solpopmall.app/Assets.car
2026-04-29 00:33:39 +0000  copying file ./Payload/solpopmall.app/TouchEn_AntiCapture_License.rsl ... 
2026-04-29 00:33:39 +0000  1096 bytes for ./Payload/solpopmall.app/TouchEn_AntiCapture_License.rsl
copying file ./Payload/solpopmall.app/GoogleService-Info-Sol.plist ... 
2026-04-29 00:33:39 +0000  603 bytes for ./Payload/solpopmall.app/GoogleService-Info-Sol.plist
2026-04-29 00:33:39 +0000  copying file ./Payload/solpopmall.app/solpopmall ... 
2026-04-29 00:33:39 +0000  4499824 bytes for ./Payload/solpopmall.app/solpopmall
2026-04-29 00:33:39 +0000  copying file ./Payload/solpopmall.app/Frameworks/TouchEn_AntiCapture.framework/_CodeSignature/CodeResources ... 
8859 bytes for ./Payload/solpopmall.app/Frameworks/TouchEn_AntiCapture.framework/_CodeSignature/CodeResources
copying file ./Payload/solpopmall.app/Frameworks/TouchEn_AntiCapture.framework/LICENSE ... 
1481 bytes for ./Payload/solpopmall.app/Frameworks/TouchEn_AntiCapture.framework/LICENSE
2026-04-29 00:33:39 +0000  copying file ./Payload/solpopmall.app/Frameworks/TouchEn_AntiCapture.framework/TouchEn_AntiCapture ... 
2026-04-29 00:33:39 +0000  507200 bytes for ./Payload/solpopmall.app/Frameworks/TouchEn_AntiCapture.framework/TouchEn_AntiCapture
2026-04-29 00:33:39 +0000  copying file ./Payload/solpopmall.app/Frameworks/TouchEn_AntiCapture.framework/GCDWebUploader.bundle/Contents/Resources/en.lproj/Localizable.strings ... 
2026-04-29 00:33:39 +0000  168 bytes for ./Payload/solpopmall.app/Frameworks/TouchEn_AntiCapture.framework/GCDWebUploader.bundle/Contents/Resources/en.lproj/Localizable.strings
2026-04-29 00:33:39 +0000  copying file ./Payload/solpopmall.app/Frameworks/TouchEn_AntiCapture.framework/GCDWebUploader.bundle/Contents/Resources/index.html ... 
2026-04-29 00:33:39 +0000  7938 bytes for ./Payload/solpopmall.app/Frameworks/TouchEn_AntiCapture.framework/GCDWebUploader.bundle/Contents/Resources/index.html
2026-04-29 00:33:39 +0000  copying file ./Payload/solpopmall.app/Frameworks/TouchEn_AntiCapture.framework/GCDWebUploader.bundle/Contents/Resources/css/bootstrap.css ... 
2026-04-29 00:33:39 +0000  121220 bytes for ./Payload/solpopmall.app/Frameworks/TouchEn_AntiCapture.framework/GCDWebUploader.bundle/Contents/Resources/css/bootstrap.css
2026-04-29 00:33:39 +0000  copying file ./Payload/solpopmall.app/Frameworks/TouchEn_AntiCapture.framework/GCDWebUploader.bundle/Contents/Resources/css/jquery.fileupload.css ... 
2026-04-29 00:33:39 +0000  655 bytes for ./Payload/solpopmall.app/Frameworks/TouchEn_AntiCapture.framework/GCDWebUploader.bundle/Contents/Resources/css/jquery.fileupload.css
2026-04-29 00:33:39 +0000  copying file ./Payload/solpopmall.app/Frameworks/TouchEn_AntiCapture.framework/GCDWebUploader.bundle/Contents/Resources/css/index.css ... 
2026-04-29 00:33:39 +0000  2696 bytes for ./Payload/solpopmall.app/Frameworks/TouchEn_AntiCapture.framework/GCDWebUploader.bundle/Contents/Resources/css/index.css
2026-04-29 00:33:39 +0000  copying file ./Payload/solpopmall.app/Frameworks/TouchEn_AntiCapture.framework/GCDWebUploader.bundle/Contents/Resources/css/bootstrap-theme.css ... 
2026-04-29 00:33:39 +0000  14936 bytes for ./Payload/solpopmall.app/Frameworks/TouchEn_AntiCapture.framework/GCDWebUploader.bundle/Contents/Resources/css/bootstrap-theme.css
2026-04-29 00:33:39 +0000  copying file ./Payload/solpopmall.app/Frameworks/TouchEn_AntiCapture.framework/GCDWebUploader.bundle/Contents/Resources/js/jquery.ui.widget.js ... 
2026-04-29 00:33:39 +0000  15085 bytes for ./Payload/solpopmall.app/Frameworks/TouchEn_AntiCapture.framework/GCDWebUploader.bundle/Contents/Resources/js/jquery.ui.widget.js
2026-04-29 00:33:39 +0000  copying file ./Payload/solpopmall.app/Frameworks/TouchEn_AntiCapture.framework/GCDWebUploader.bundle/Contents/Resources/js/respond.min.js ... 
2026-04-29 00:33:39 +0000  4377 bytes for ./Payload/solpopmall.app/Frameworks/TouchEn_AntiCapture.framework/GCDWebUploader.bundle/Contents/Resources/js/respond.min.js
2026-04-29 00:33:39 +0000  copying file ./Payload/solpopmall.app/Frameworks/TouchEn_AntiCapture.framework/GCDWebUploader.bundle/Contents/Resources/js/jquery.fileupload.js ... 
2026-04-29 00:33:39 +0000  61692 bytes for ./Payload/solpopmall.app/Frameworks/TouchEn_AntiCapture.framework/GCDWebUploader.bundle/Contents/Resources/js/jquery.fileupload.js
2026-04-29 00:33:39 +0000  copying file ./Payload/solpopmall.app/Frameworks/TouchEn_AntiCapture.framework/GCDWebUploader.bundle/Contents/Resources/js/index.js ... 
2026-04-29 00:33:39 +0000  9581 bytes for ./Payload/solpopmall.app/Frameworks/TouchEn_AntiCapture.framework/GCDWebUploader.bundle/Contents/Resources/js/index.js
2026-04-29 00:33:39 +0000  copying file ./Payload/solpopmall.app/Frameworks/TouchEn_AntiCapture.framework/GCDWebUploader.bundle/Contents/Resources/js/jquery.min.js ... 
2026-04-29 00:33:39 +0000  96381 bytes for ./Payload/solpopmall.app/Frameworks/TouchEn_AntiCapture.framework/GCDWebUploader.bundle/Contents/Resources/js/jquery.min.js
2026-04-29 00:33:39 +0000  copying file ./Payload/solpopmall.app/Frameworks/TouchEn_AntiCapture.framework/GCDWebUploader.bundle/Contents/Resources/js/bootstrap.min.js ... 
2026-04-29 00:33:39 +0000  29110 bytes for ./Payload/solpopmall.app/Frameworks/TouchEn_AntiCapture.framework/GCDWebUploader.bundle/Contents/Resources/js/bootstrap.min.js
2026-04-29 00:33:39 +0000  copying file ./Payload/solpopmall.app/Frameworks/TouchEn_AntiCapture.framework/GCDWebUploader.bundle/Contents/Resources/js/tmpl.min.js ... 
2026-04-29 00:33:39 +0000  977 bytes for ./Payload/solpopmall.app/Frameworks/TouchEn_AntiCapture.framework/GCDWebUploader.bundle/Contents/Resources/js/tmpl.min.js
2026-04-29 00:33:39 +0000  copying file ./Payload/solpopmall.app/Frameworks/TouchEn_AntiCapture.framework/GCDWebUploader.bundle/Contents/Resources/js/html5shiv.min.js ... 
2026-04-29 00:33:39 +0000  2429 bytes for ./Payload/solpopmall.app/Frameworks/TouchEn_AntiCapture.framework/GCDWebUploader.bundle/Contents/Resources/js/html5shiv.min.js
2026-04-29 00:33:39 +0000  copying file ./Payload/solpopmall.app/Frameworks/TouchEn_AntiCapture.framework/GCDWebUploader.bundle/Contents/Resources/js/jquery.jeditable.js ... 
2026-04-29 00:33:39 +0000  24496 bytes for ./Payload/solpopmall.app/Frameworks/TouchEn_AntiCapture.framework/GCDWebUploader.bundle/Contents/Resources/js/jquery.jeditable.js
2026-04-29 00:33:39 +0000  copying file ./Payload/solpopmall.app/Frameworks/TouchEn_AntiCapture.framework/GCDWebUploader.bundle/Contents/Resources/js/jquery.iframe-transport.js ... 
2026-04-29 00:33:39 +0000  10612 bytes for ./Payload/solpopmall.app/Frameworks/TouchEn_AntiCapture.framework/GCDWebUploader.bundle/Contents/Resources/js/jquery.iframe-transport.js
2026-04-29 00:33:39 +0000  copying file ./Payload/solpopmall.app/Frameworks/TouchEn_AntiCapture.framework/GCDWebUploader.bundle/Contents/Info.plist ... 
126 bytes for ./Payload/solpopmall.app/Frameworks/TouchEn_AntiCapture.framework/GCDWebUploader.bundle/Contents/Info.plist
2026-04-29 00:33:39 +0000  copying file ./Payload/solpopmall.app/Frameworks/TouchEn_AntiCapture.framework/README.md ... 
2026-04-29 00:33:39 +0000  27194 bytes for ./Payload/solpopmall.app/Frameworks/TouchEn_AntiCapture.framework/README.md
2026-04-29 00:33:39 +0000  copying file ./Payload/solpopmall.app/Frameworks/TouchEn_AntiCapture.framework/Info.plist ... 
2026-04-29 00:33:39 +0000  845 bytes for ./Payload/solpopmall.app/Frameworks/TouchEn_AntiCapture.framework/Info.plist
2026-04-29 00:33:39 +0000  copying file ./Payload/solpopmall.app/Frameworks/GoogleAppMeasurement.framework/_CodeSignature/CodeResources ... 
2026-04-29 00:33:39 +0000  1798 bytes for ./Payload/solpopmall.app/Frameworks/GoogleAppMeasurement.framework/_CodeSignature/CodeResources
2026-04-29 00:33:39 +0000  copying file ./Payload/solpopmall.app/Frameworks/GoogleAppMeasurement.framework/GoogleAppMeasurement ... 
2026-04-29 00:33:39 +0000  51408 bytes for ./Payload/solpopmall.app/Frameworks/GoogleAppMeasurement.framework/GoogleAppMeasurement
2026-04-29 00:33:39 +0000  copying file ./Payload/solpopmall.app/Frameworks/GoogleAppMeasurement.framework/Info.plist ... 
2026-04-29 00:33:39 +0000  647 bytes for ./Payload/solpopmall.app/Frameworks/GoogleAppMeasurement.framework/Info.plist
2026-04-29 00:33:39 +0000  copying file ./Payload/solpopmall.app/Frameworks/FirebaseAnalytics.framework/_CodeSignature/CodeResources ... 
2026-04-29 00:33:39 +0000  1798 bytes for ./Payload/solpopmall.app/Frameworks/FirebaseAnalytics.framework/_CodeSignature/CodeResources
2026-04-29 00:33:39 +0000  copying file ./Payload/solpopmall.app/Frameworks/FirebaseAnalytics.framework/FirebaseAnalytics ... 
2026-04-29 00:33:39 +0000  51408 bytes for ./Payload/solpopmall.app/Frameworks/FirebaseAnalytics.framework/FirebaseAnalytics
2026-04-29 00:33:39 +0000  copying file ./Payload/solpopmall.app/Frameworks/FirebaseAnalytics.framework/Info.plist ... 
2026-04-29 00:33:39 +0000  638 bytes for ./Payload/solpopmall.app/Frameworks/FirebaseAnalytics.framework/Info.plist
2026-04-29 00:33:39 +0000  copying file ./Payload/solpopmall.app/Frameworks/GoogleAppMeasurementIdentitySupport.framework/_CodeSignature/CodeResources ... 
2026-04-29 00:33:39 +0000  1798 bytes for ./Payload/solpopmall.app/Frameworks/GoogleAppMeasurementIdentitySupport.framework/_CodeSignature/CodeResources
2026-04-29 00:33:39 +0000  copying file ./Payload/solpopmall.app/Frameworks/GoogleAppMeasurementIdentitySupport.framework/GoogleAppMeasurementIdentitySupport ... 
2026-04-29 00:33:39 +0000  51440 bytes for ./Payload/solpopmall.app/Frameworks/GoogleAppMeasurementIdentitySupport.framework/GoogleAppMeasurementIdentitySupport
2026-04-29 00:33:39 +0000  copying file ./Payload/solpopmall.app/Frameworks/GoogleAppMeasurementIdentitySupport.framework/Info.plist ... 
2026-04-29 00:33:39 +0000  692 bytes for ./Payload/solpopmall.app/Frameworks/GoogleAppMeasurementIdentitySupport.framework/Info.plist
2026-04-29 00:33:39 +0000  copying file ./Payload/solpopmall.app/Frameworks/RSLicenseSDK.framework/_CodeSignature/CodeResources ... 
2026-04-29 00:33:39 +0000  2102 bytes for ./Payload/solpopmall.app/Frameworks/RSLicenseSDK.framework/_CodeSignature/CodeResources
2026-04-29 00:33:39 +0000  copying file ./Payload/solpopmall.app/Frameworks/RSLicenseSDK.framework/Acknowledgements.md ... 
2026-04-29 00:33:39 +0000  5887 bytes for ./Payload/solpopmall.app/Frameworks/RSLicenseSDK.framework/Acknowledgements.md
2026-04-29 00:33:39 +0000  copying file ./Payload/solpopmall.app/Frameworks/RSLicenseSDK.framework/RSLicenseSDK ... 
2026-04-29 00:33:39 +0000  857360 bytes for ./Payload/solpopmall.app/Frameworks/RSLicenseSDK.framework/RSLicenseSDK
2026-04-29 00:33:39 +0000  copying file ./Payload/solpopmall.app/Frameworks/RSLicenseSDK.framework/Info.plist ... 
2026-04-29 00:33:39 +0000  709 bytes for ./Payload/solpopmall.app/Frameworks/RSLicenseSDK.framework/Info.plist
2026-04-29 00:33:39 +0000  copying file ./Payload/solpopmall.app/embedded.mobileprovision ... 
2026-04-29 00:33:39 +0000  12424 bytes for ./Payload/solpopmall.app/embedded.mobileprovision
2026-04-29 00:33:39 +0000  copying file ./Payload/solpopmall.app/Info.plist ... 
2026-04-29 00:33:39 +0000  3030 bytes for ./Payload/solpopmall.app/Info.plist
2026-04-29 00:33:39 +0000  copying file ./Payload/solpopmall.app/PkgInfo ... 
2026-04-29 00:33:39 +0000  8 bytes for ./Payload/solpopmall.app/PkgInfo
2026-04-29 00:33:39 +0000  /usr/bin/ditto exited with 0
2026-04-29 00:33:39 +0000  Processing step: IDEDistributionAppStoreInformationStep
2026-04-29 00:33:39 +0000  Skipping step: IDEDistributionAppStoreInformationStep because it said so
2026-04-29 00:33:39 +0000  Processing step: IDEDistributionGenerateProcessedDistributionItems
2026-04-29 00:33:40 +0000  IDEDistributionItem init <DVTFilePath:0x968fc4620:'/var/folders/4x/d81_590j6m5677fzyww419kr0000gn/T/XcodeDistPipeline.~~~g5HcnM/Root/Payload/solpopmall.app/Frameworks/GoogleAppMeasurement.framework'>
2026-04-29 00:33:40 +0000  IDEDistributionItem init <DVTFilePath:0x968fc74f0:'/var/folders/4x/d81_590j6m5677fzyww419kr0000gn/T/XcodeDistPipeline.~~~g5HcnM/Root/Payload/solpopmall.app/PlugIns/solNotiService.appex'>
2026-04-29 00:33:40 +0000  IDEDistributionItem init <DVTFilePath:0x968fc6990:'/var/folders/4x/d81_590j6m5677fzyww419kr0000gn/T/XcodeDistPipeline.~~~g5HcnM/Root/Payload/solpopmall.app/Frameworks/TouchEn_AntiCapture.framework'>
2026-04-29 00:33:40 +0000  IDEDistributionItem init <DVTFilePath:0x9281bc180:'/var/folders/4x/d81_590j6m5677fzyww419kr0000gn/T/XcodeDistPipeline.~~~g5HcnM/Root/Payload/solpopmall.app/Frameworks/GoogleAppMeasurementIdentitySupport.framework'>
2026-04-29 00:33:40 +0000  IDEDistributionItem init <DVTFilePath:0x968fc6b50:'/var/folders/4x/d81_590j6m5677fzyww419kr0000gn/T/XcodeDistPipeline.~~~g5HcnM/Root/Payload/solpopmall.app/Frameworks/RSLicenseSDK.framework'>
2026-04-29 00:33:40 +0000  IDEDistributionItem init <DVTFilePath:0x968fc4770:'/var/folders/4x/d81_590j6m5677fzyww419kr0000gn/T/XcodeDistPipeline.~~~g5HcnM/Root/Payload/solpopmall.app/Frameworks/FirebaseAnalytics.framework'>
2026-04-29 00:33:40 +0000  IDEDistributionItem init <DVTFilePath:0x928aaabe0:'/var/folders/4x/d81_590j6m5677fzyww419kr0000gn/T/XcodeDistPipeline.~~~g5HcnM/Root/Payload/solpopmall.app'>
2026-04-29 00:33:40 +0000  Processing step: IDEDistributionCreateManifestStep
